To honour the JVM settings for this build a single-use Daemon process will be forked. For more on this, please refer to https://docs.gradle.org/9.4.1/userguide/gradle_daemon.html#sec:disabling_the_daemon in the Gradle documentation.
Daemon will be stopped at the end of the build 
> Task :buildSrc:checkKotlinGradlePluginConfigurationErrors SKIPPED
> Task :buildSrc:compileKotlin UP-TO-DATE
> Task :buildSrc:compileJava NO-SOURCE
> Task :buildSrc:compileGroovy NO-SOURCE
> Task :buildSrc:pluginDescriptors UP-TO-DATE
> Task :buildSrc:processResources UP-TO-DATE
> Task :buildSrc:classes UP-TO-DATE
> Task :buildSrc:jar UP-TO-DATE

> Configure project :
Available plugin for module : -> class org.gradle.api.plugins.HelpTasksPlugin_Decorated
Available plugin for module : -> class org.gradle.api.plugins.SoftwareReportingTasksPlugin_Decorated
Available plugin for module : -> class org.gradle.buildinit.plugins.BuildInitPlugin_Decorated
Available plugin for module : -> class org.gradle.buildinit.plugins.WrapperPlugin_Decorated
Available plugin for module : -> class org.jetbrains.kotlin.compose.compiler.gradle.ComposeCompilerGradleSubplugin
Available plugin for module : -> class org.gradle.kotlin.dsl.provider.plugins.KotlinScriptBasePlugin_Decorated

> Configure project :app
Applying vector drawables configuration for module -> :app
/Users/maxwellmapako/Documents/Git/anitrend-v2/app/.config/keystore.properties could not be found, automated releases may not be singed
Adding implementation dependency :domain -> :app
Adding implementation dependency :data -> :app
Adding implementation dependency :data:android -> :app
Adding implementation dependency :data:core -> :app
Adding implementation dependency :data:feed -> :app
Adding implementation dependency :data:imgur -> :app
Adding runtimeOnly dependency :data:settings -> :app
Adding implementation dependency :data:edge -> :app
Adding runtimeOnly dependency :feature:auth -> :app
Adding runtimeOnly dependency :feature:airing -> :app
Adding runtimeOnly dependency :feature:character -> :app
Adding runtimeOnly dependency :feature:episode -> :app
Adding runtimeOnly dependency :feature:feed -> :app
Adding runtimeOnly dependency :feature:staff -> :app
Adding runtimeOnly dependency :feature:studio -> :app
Adding runtimeOnly dependency :feature:suggestion -> :app
Adding runtimeOnly dependency :feature:media -> :app
Adding runtimeOnly dependency :feature:media:carousel -> :app
Adding runtimeOnly dependency :feature:media:discover -> :app
Adding runtimeOnly dependency :feature:media:discover:filter -> :app
Adding runtimeOnly dependency :feature:notification -> :app
Adding runtimeOnly dependency :feature:medialist -> :app
Adding runtimeOnly dependency :feature:medialist:editor -> :app
Adding runtimeOnly dependency :feature:review -> :app
Adding runtimeOnly dependency :feature:review:discover -> :app
Adding runtimeOnly dependency :feature:forum -> :app
Adding runtimeOnly dependency :feature:recommendation -> :app
Adding runtimeOnly dependency :feature:settings -> :app
Adding runtimeOnly dependency :feature:search -> :app
Adding runtimeOnly dependency :feature:profile -> :app
Adding runtimeOnly dependency :feature:account -> :app
Adding runtimeOnly dependency :feature:about -> :app
Adding runtimeOnly dependency :feature:news -> :app
Adding runtimeOnly dependency :feature:image-viewer -> :app
Adding runtimeOnly dependency :feature:updater -> :app
Adding runtimeOnly dependency :task:character -> :app
Adding runtimeOnly dependency :task:forum -> :app
Adding runtimeOnly dependency :task:media -> :app
Adding runtimeOnly dependency :task:medialist -> :app
Adding runtimeOnly dependency :task:recommendation -> :app
Adding runtimeOnly dependency :task:review -> :app
Adding runtimeOnly dependency :task:staff -> :app
Adding runtimeOnly dependency :task:user -> :app
Adding runtimeOnly dependency :task:episode -> :app
Adding runtimeOnly dependency :task:news -> :app
Adding runtimeOnly dependency :task:feed -> :app
Adding runtimeOnly dependency :task:studio -> :app
Adding runtimeOnly dependency :task:genre -> :app
Adding runtimeOnly dependency :task:tag -> :app
Adding runtimeOnly dependency :task:updater -> :app
Adding runtimeOnly dependency :task:account -> :app
Adding runtimeOnly dependency :task:config -> :app
Adding runtimeOnly dependency :task:favourite -> :app
Adding app sub-module dependency :app:core -> :app
Adding app sub-module dependency :app:navigation -> :app
Adding android module dependency :android:core -> :app
Adding android module dependency :android:navigation -> :app
Adding android module dependency :android:deeplink -> :app
Applying compose dependencies for module -> :app
Available extension for module :app | ext -> org.gradle.api.plugins.ExtraPropertiesExtension
Available extension for module :app | libs -> org.gradle.accessors.dm.LibrariesForLibs
Available extension for module :app | versionCatalogs -> org.gradle.api.artifacts.VersionCatalogsExtension
Available extension for module :app | base -> org.gradle.api.plugins.BasePluginExtension
Available extension for module :app | sourceSets -> org.gradle.api.tasks.SourceSetContainer
Available extension for module :app | reporting -> org.gradle.api.reporting.ReportingExtension
Available extension for module :app | javaToolchains -> org.gradle.jvm.toolchain.JavaToolchainService
Available extension for module :app | java -> org.gradle.api.plugins.JavaPluginExtension
Available extension for module :app | android -> com.android.build.gradle.internal.dsl.BaseAppModuleExtension
Available extension for module :app | androidComponents -> com.android.build.api.variant.ApplicationAndroidComponentsExtension
Available extension for module :app | lintLifecycle -> com.android.build.api.variant.LintLifecycleExtension
Available extension for module :app | buildOutputs -> org.gradle.api.NamedDomainObjectContainer<com.android.build.gradle.api.BaseVariantOutput>
Available extension for module :app | kotlin -> org.jetbrains.kotlin.gradle.dsl.KotlinAndroidProjectExtension
Available extension for module :app | kotlinTestRegistry -> org.jetbrains.kotlin.gradle.testing.internal.KotlinTestsRegistry
Available extension for module :app | spotless -> com.diffplug.gradle.spotless.SpotlessExtension
Available extension for module :app | kapt -> org.jetbrains.kotlin.gradle.plugin.KaptExtension
Available extension for module :app | composeCompiler -> org.jetbrains.kotlin.compose.compiler.gradle.ComposeCompilerGradlePluginExtension
VariantFilter { name: googleDebug, flavor: google, module: :app }
Applying additional google plugins on -> module: :app | type: googleDebug
VariantFilter { name: githubDebug, flavor: github, module: :app }
VariantFilter { name: googleRelease, flavor: google, module: :app }
Applying additional google plugins on -> module: :app | type: googleRelease
VariantFilter { name: githubRelease, flavor: github, module: :app }

> Configure project :data
Applying vector drawables configuration for module -> :data
Adding java compiler options for room on module-> :data
Configuring build type -> debug
Adding build config field property -> key: aniListRegistration value: "https://anilist.co/register"
Adding build config field property -> key: aniListApi value: "https://graphql.anilist.co"
Adding build config field property -> key: aniListRedirect value: "app.anitrend://auth/oauth/v2/anilist"
Adding build config field property -> key: aniListAuth value: "anilist.co/api/v2/oauth"
Configuring build type -> release
Adding build config field property -> key: aniListRegistration value: "https://anilist.co/register"
Adding build config field property -> key: aniListApi value: "https://graphql.anilist.co"
Adding build config field property -> key: aniListRedirect value: "app.anitrend://auth/oauth/v2/anilist"
Adding build config field property -> key: aniListAuth value: "anilist.co/api/v2/oauth"
Applying base module dependencies for module -> :data
Available extension for module :data | ext -> org.gradle.api.plugins.ExtraPropertiesExtension
Available extension for module :data | libs -> org.gradle.accessors.dm.LibrariesForLibs
Available extension for module :data | versionCatalogs -> org.gradle.api.artifacts.VersionCatalogsExtension
Available extension for module :data | base -> org.gradle.api.plugins.BasePluginExtension
Available extension for module :data | sourceSets -> org.gradle.api.tasks.SourceSetContainer
Available extension for module :data | reporting -> org.gradle.api.reporting.ReportingExtension
Available extension for module :data | javaToolchains -> org.gradle.jvm.toolchain.JavaToolchainService
Available extension for module :data | java -> org.gradle.api.plugins.JavaPluginExtension
Available extension for module :data | android -> com.android.build.gradle.LibraryExtension
Available extension for module :data | androidComponents -> com.android.build.api.variant.LibraryAndroidComponentsExtension
Available extension for module :data | lintLifecycle -> com.android.build.api.variant.LintLifecycleExtension
Available extension for module :data | buildOutputs -> org.gradle.api.NamedDomainObjectContainer<com.android.build.gradle.api.BaseVariantOutput>
Available extension for module :data | kotlin -> org.jetbrains.kotlin.gradle.dsl.KotlinAndroidProjectExtension
Available extension for module :data | kotlinTestRegistry -> org.jetbrains.kotlin.gradle.testing.internal.KotlinTestsRegistry
Available extension for module :data | spotless -> com.diffplug.gradle.spotless.SpotlessExtension
Available extension for module :data | kapt -> org.jetbrains.kotlin.gradle.plugin.KaptExtension

> Configure project :domain
Applying vector drawables configuration for module -> :domain
Applying domain module dependencies for module -> :domain
Available extension for module :domain | ext -> org.gradle.api.plugins.ExtraPropertiesExtension
Available extension for module :domain | libs -> org.gradle.accessors.dm.LibrariesForLibs
Available extension for module :domain | versionCatalogs -> org.gradle.api.artifacts.VersionCatalogsExtension
Available extension for module :domain | base -> org.gradle.api.plugins.BasePluginExtension
Available extension for module :domain | sourceSets -> org.gradle.api.tasks.SourceSetContainer
Available extension for module :domain | reporting -> org.gradle.api.reporting.ReportingExtension
Available extension for module :domain | javaToolchains -> org.gradle.jvm.toolchain.JavaToolchainService
Available extension for module :domain | java -> org.gradle.api.plugins.JavaPluginExtension
Available extension for module :domain | android -> com.android.build.gradle.LibraryExtension
Available extension for module :domain | androidComponents -> com.android.build.api.variant.LibraryAndroidComponentsExtension
Available extension for module :domain | lintLifecycle -> com.android.build.api.variant.LintLifecycleExtension
Available extension for module :domain | buildOutputs -> org.gradle.api.NamedDomainObjectContainer<com.android.build.gradle.api.BaseVariantOutput>
Available extension for module :domain | kotlin -> org.jetbrains.kotlin.gradle.dsl.KotlinAndroidProjectExtension
Available extension for module :domain | kotlinTestRegistry -> org.jetbrains.kotlin.gradle.testing.internal.KotlinTestsRegistry
Available extension for module :domain | spotless -> com.diffplug.gradle.spotless.SpotlessExtension
Available extension for module :domain | kapt -> org.jetbrains.kotlin.gradle.plugin.KaptExtension

> Configure project :android:core
Applying view binding and compose build features for module -> :android:core
Applying vector drawables configuration for module -> :android:core
Adding version build configuration fields -> debug
Adding version build configuration fields -> release
Applying android group dependencies for feature module -> :android:core
Applying compose dependencies for module -> :android:core
Available extension for module :android:core | ext -> org.gradle.api.plugins.ExtraPropertiesExtension
Available extension for module :android:core | libs -> org.gradle.accessors.dm.LibrariesForLibs
Available extension for module :android:core | versionCatalogs -> org.gradle.api.artifacts.VersionCatalogsExtension
Available extension for module :android:core | base -> org.gradle.api.plugins.BasePluginExtension
Available extension for module :android:core | sourceSets -> org.gradle.api.tasks.SourceSetContainer
Available extension for module :android:core | reporting -> org.gradle.api.reporting.ReportingExtension
Available extension for module :android:core | javaToolchains -> org.gradle.jvm.toolchain.JavaToolchainService
Available extension for module :android:core | java -> org.gradle.api.plugins.JavaPluginExtension
Available extension for module :android:core | android -> com.android.build.gradle.LibraryExtension
Available extension for module :android:core | androidComponents -> com.android.build.api.variant.LibraryAndroidComponentsExtension
Available extension for module :android:core | lintLifecycle -> com.android.build.api.variant.LintLifecycleExtension
Available extension for module :android:core | buildOutputs -> org.gradle.api.NamedDomainObjectContainer<com.android.build.gradle.api.BaseVariantOutput>
Available extension for module :android:core | kotlin -> org.jetbrains.kotlin.gradle.dsl.KotlinAndroidProjectExtension
Available extension for module :android:core | kotlinTestRegistry -> org.jetbrains.kotlin.gradle.testing.internal.KotlinTestsRegistry
Available extension for module :android:core | spotless -> com.diffplug.gradle.spotless.SpotlessExtension
Available extension for module :android:core | kapt -> org.jetbrains.kotlin.gradle.plugin.KaptExtension
Available extension for module :android:core | composeCompiler -> org.jetbrains.kotlin.compose.compiler.gradle.ComposeCompilerGradlePluginExtension

> Configure project :android:deeplink
Applying view binding and compose build features for module -> :android:deeplink
Applying vector drawables configuration for module -> :android:deeplink
Applying android group dependencies for feature module -> :android:deeplink
Applying compose dependencies for module -> :android:deeplink
Available extension for module :android:deeplink | ext -> org.gradle.api.plugins.ExtraPropertiesExtension
Available extension for module :android:deeplink | libs -> org.gradle.accessors.dm.LibrariesForLibs
Available extension for module :android:deeplink | versionCatalogs -> org.gradle.api.artifacts.VersionCatalogsExtension
Available extension for module :android:deeplink | base -> org.gradle.api.plugins.BasePluginExtension
Available extension for module :android:deeplink | sourceSets -> org.gradle.api.tasks.SourceSetContainer
Available extension for module :android:deeplink | reporting -> org.gradle.api.reporting.ReportingExtension
Available extension for module :android:deeplink | javaToolchains -> org.gradle.jvm.toolchain.JavaToolchainService
Available extension for module :android:deeplink | java -> org.gradle.api.plugins.JavaPluginExtension
Available extension for module :android:deeplink | android -> com.android.build.gradle.LibraryExtension
Available extension for module :android:deeplink | androidComponents -> com.android.build.api.variant.LibraryAndroidComponentsExtension
Available extension for module :android:deeplink | lintLifecycle -> com.android.build.api.variant.LintLifecycleExtension
Available extension for module :android:deeplink | buildOutputs -> org.gradle.api.NamedDomainObjectContainer<com.android.build.gradle.api.BaseVariantOutput>
Available extension for module :android:deeplink | kotlin -> org.jetbrains.kotlin.gradle.dsl.KotlinAndroidProjectExtension
Available extension for module :android:deeplink | kotlinTestRegistry -> org.jetbrains.kotlin.gradle.testing.internal.KotlinTestsRegistry
Available extension for module :android:deeplink | spotless -> com.diffplug.gradle.spotless.SpotlessExtension
Available extension for module :android:deeplink | kapt -> org.jetbrains.kotlin.gradle.plugin.KaptExtension
Available extension for module :android:deeplink | composeCompiler -> org.jetbrains.kotlin.compose.compiler.gradle.ComposeCompilerGradlePluginExtension

> Configure project :android:navigation
Applying view binding and compose build features for module -> :android:navigation
Applying vector drawables configuration for module -> :android:navigation
Applying android group dependencies for feature module -> :android:navigation
Applying compose dependencies for module -> :android:navigation
Available extension for module :android:navigation | ext -> org.gradle.api.plugins.ExtraPropertiesExtension
Available extension for module :android:navigation | libs -> org.gradle.accessors.dm.LibrariesForLibs
Available extension for module :android:navigation | versionCatalogs -> org.gradle.api.artifacts.VersionCatalogsExtension
Available extension for module :android:navigation | base -> org.gradle.api.plugins.BasePluginExtension
Available extension for module :android:navigation | sourceSets -> org.gradle.api.tasks.SourceSetContainer
Available extension for module :android:navigation | reporting -> org.gradle.api.reporting.ReportingExtension
Available extension for module :android:navigation | javaToolchains -> org.gradle.jvm.toolchain.JavaToolchainService
Available extension for module :android:navigation | java -> org.gradle.api.plugins.JavaPluginExtension
Available extension for module :android:navigation | android -> com.android.build.gradle.LibraryExtension
Available extension for module :android:navigation | androidComponents -> com.android.build.api.variant.LibraryAndroidComponentsExtension
Available extension for module :android:navigation | lintLifecycle -> com.android.build.api.variant.LintLifecycleExtension
Available extension for module :android:navigation | buildOutputs -> org.gradle.api.NamedDomainObjectContainer<com.android.build.gradle.api.BaseVariantOutput>
Available extension for module :android:navigation | kotlin -> org.jetbrains.kotlin.gradle.dsl.KotlinAndroidProjectExtension
Available extension for module :android:navigation | kotlinTestRegistry -> org.jetbrains.kotlin.gradle.testing.internal.KotlinTestsRegistry
Available extension for module :android:navigation | spotless -> com.diffplug.gradle.spotless.SpotlessExtension
Available extension for module :android:navigation | kapt -> org.jetbrains.kotlin.gradle.plugin.KaptExtension
Available extension for module :android:navigation | composeCompiler -> org.jetbrains.kotlin.compose.compiler.gradle.ComposeCompilerGradlePluginExtension

> Configure project :app:core
Adding version build configuration fields -> debug
Adding version build configuration fields -> release
Applying base module dependencies for module -> :app:core
Available extension for module :app:core | ext -> org.gradle.api.plugins.ExtraPropertiesExtension
Available extension for module :app:core | libs -> org.gradle.accessors.dm.LibrariesForLibs
Available extension for module :app:core | versionCatalogs -> org.gradle.api.artifacts.VersionCatalogsExtension
Available extension for module :app:core | base -> org.gradle.api.plugins.BasePluginExtension
Available extension for module :app:core | sourceSets -> org.gradle.api.tasks.SourceSetContainer
Available extension for module :app:core | reporting -> org.gradle.api.reporting.ReportingExtension
Available extension for module :app:core | javaToolchains -> org.gradle.jvm.toolchain.JavaToolchainService
Available extension for module :app:core | java -> org.gradle.api.plugins.JavaPluginExtension
Available extension for module :app:core | android -> com.android.build.gradle.LibraryExtension
Available extension for module :app:core | androidComponents -> com.android.build.api.variant.LibraryAndroidComponentsExtension
Available extension for module :app:core | lintLifecycle -> com.android.build.api.variant.LintLifecycleExtension
Available extension for module :app:core | buildOutputs -> org.gradle.api.NamedDomainObjectContainer<com.android.build.gradle.api.BaseVariantOutput>
Available extension for module :app:core | kotlin -> org.jetbrains.kotlin.gradle.dsl.KotlinAndroidProjectExtension
Available extension for module :app:core | kotlinTestRegistry -> org.jetbrains.kotlin.gradle.testing.internal.KotlinTestsRegistry
Available extension for module :app:core | spotless -> com.diffplug.gradle.spotless.SpotlessExtension
Available extension for module :app:core | kapt -> org.jetbrains.kotlin.gradle.plugin.KaptExtension

> Configure project :app:navigation
Applying base module dependencies for module -> :app:navigation
Available extension for module :app:navigation | ext -> org.gradle.api.plugins.ExtraPropertiesExtension
Available extension for module :app:navigation | libs -> org.gradle.accessors.dm.LibrariesForLibs
Available extension for module :app:navigation | versionCatalogs -> org.gradle.api.artifacts.VersionCatalogsExtension
Available extension for module :app:navigation | base -> org.gradle.api.plugins.BasePluginExtension
Available extension for module :app:navigation | sourceSets -> org.gradle.api.tasks.SourceSetContainer
Available extension for module :app:navigation | reporting -> org.gradle.api.reporting.ReportingExtension
Available extension for module :app:navigation | javaToolchains -> org.gradle.jvm.toolchain.JavaToolchainService
Available extension for module :app:navigation | java -> org.gradle.api.plugins.JavaPluginExtension
Available extension for module :app:navigation | android -> com.android.build.gradle.LibraryExtension
Available extension for module :app:navigation | androidComponents -> com.android.build.api.variant.LibraryAndroidComponentsExtension
Available extension for module :app:navigation | lintLifecycle -> com.android.build.api.variant.LintLifecycleExtension
Available extension for module :app:navigation | buildOutputs -> org.gradle.api.NamedDomainObjectContainer<com.android.build.gradle.api.BaseVariantOutput>
Available extension for module :app:navigation | kotlin -> org.jetbrains.kotlin.gradle.dsl.KotlinAndroidProjectExtension
Available extension for module :app:navigation | kotlinTestRegistry -> org.jetbrains.kotlin.gradle.testing.internal.KotlinTestsRegistry
Available extension for module :app:navigation | spotless -> com.diffplug.gradle.spotless.SpotlessExtension
Available extension for module :app:navigation | kapt -> org.jetbrains.kotlin.gradle.plugin.KaptExtension

> Configure project :common:character
Applying view binding and compose build features for module -> :common:character
Applying vector drawables configuration for module -> :common:character
Applying common feature group dependencies for module -> :common:character
Applying compose dependencies for module -> :common:character
Available extension for module :common:character | ext -> org.gradle.api.plugins.ExtraPropertiesExtension
Available extension for module :common:character | libs -> org.gradle.accessors.dm.LibrariesForLibs
Available extension for module :common:character | versionCatalogs -> org.gradle.api.artifacts.VersionCatalogsExtension
Available extension for module :common:character | base -> org.gradle.api.plugins.BasePluginExtension
Available extension for module :common:character | sourceSets -> org.gradle.api.tasks.SourceSetContainer
Available extension for module :common:character | reporting -> org.gradle.api.reporting.ReportingExtension
Available extension for module :common:character | javaToolchains -> org.gradle.jvm.toolchain.JavaToolchainService
Available extension for module :common:character | java -> org.gradle.api.plugins.JavaPluginExtension
Available extension for module :common:character | android -> com.android.build.gradle.LibraryExtension
Available extension for module :common:character | androidComponents -> com.android.build.api.variant.LibraryAndroidComponentsExtension
Available extension for module :common:character | lintLifecycle -> com.android.build.api.variant.LintLifecycleExtension
Available extension for module :common:character | buildOutputs -> org.gradle.api.NamedDomainObjectContainer<com.android.build.gradle.api.BaseVariantOutput>
Available extension for module :common:character | kotlin -> org.jetbrains.kotlin.gradle.dsl.KotlinAndroidProjectExtension
Available extension for module :common:character | kotlinTestRegistry -> org.jetbrains.kotlin.gradle.testing.internal.KotlinTestsRegistry
Available extension for module :common:character | spotless -> com.diffplug.gradle.spotless.SpotlessExtension
Available extension for module :common:character | kapt -> org.jetbrains.kotlin.gradle.plugin.KaptExtension
Available extension for module :common:character | composeCompiler -> org.jetbrains.kotlin.compose.compiler.gradle.ComposeCompilerGradlePluginExtension

> Configure project :common:editor
Applying view binding and compose build features for module -> :common:editor
Applying vector drawables configuration for module -> :common:editor
Applying common feature group dependencies for module -> :common:editor
Applying compose dependencies for module -> :common:editor
Available extension for module :common:editor | ext -> org.gradle.api.plugins.ExtraPropertiesExtension
Available extension for module :common:editor | libs -> org.gradle.accessors.dm.LibrariesForLibs
Available extension for module :common:editor | versionCatalogs -> org.gradle.api.artifacts.VersionCatalogsExtension
Available extension for module :common:editor | base -> org.gradle.api.plugins.BasePluginExtension
Available extension for module :common:editor | sourceSets -> org.gradle.api.tasks.SourceSetContainer
Available extension for module :common:editor | reporting -> org.gradle.api.reporting.ReportingExtension
Available extension for module :common:editor | javaToolchains -> org.gradle.jvm.toolchain.JavaToolchainService
Available extension for module :common:editor | java -> org.gradle.api.plugins.JavaPluginExtension
Available extension for module :common:editor | android -> com.android.build.gradle.LibraryExtension
Available extension for module :common:editor | androidComponents -> com.android.build.api.variant.LibraryAndroidComponentsExtension
Available extension for module :common:editor | lintLifecycle -> com.android.build.api.variant.LintLifecycleExtension
Available extension for module :common:editor | buildOutputs -> org.gradle.api.NamedDomainObjectContainer<com.android.build.gradle.api.BaseVariantOutput>
Available extension for module :common:editor | kotlin -> org.jetbrains.kotlin.gradle.dsl.KotlinAndroidProjectExtension
Available extension for module :common:editor | kotlinTestRegistry -> org.jetbrains.kotlin.gradle.testing.internal.KotlinTestsRegistry
Available extension for module :common:editor | spotless -> com.diffplug.gradle.spotless.SpotlessExtension
Available extension for module :common:editor | kapt -> org.jetbrains.kotlin.gradle.plugin.KaptExtension
Available extension for module :common:editor | composeCompiler -> org.jetbrains.kotlin.compose.compiler.gradle.ComposeCompilerGradlePluginExtension

> Configure project :common:episode
Applying view binding and compose build features for module -> :common:episode
Applying vector drawables configuration for module -> :common:episode
Applying common feature group dependencies for module -> :common:episode
Applying compose dependencies for module -> :common:episode
Available extension for module :common:episode | ext -> org.gradle.api.plugins.ExtraPropertiesExtension
Available extension for module :common:episode | libs -> org.gradle.accessors.dm.LibrariesForLibs
Available extension for module :common:episode | versionCatalogs -> org.gradle.api.artifacts.VersionCatalogsExtension
Available extension for module :common:episode | base -> org.gradle.api.plugins.BasePluginExtension
Available extension for module :common:episode | sourceSets -> org.gradle.api.tasks.SourceSetContainer
Available extension for module :common:episode | reporting -> org.gradle.api.reporting.ReportingExtension
Available extension for module :common:episode | javaToolchains -> org.gradle.jvm.toolchain.JavaToolchainService
Available extension for module :common:episode | java -> org.gradle.api.plugins.JavaPluginExtension
Available extension for module :common:episode | android -> com.android.build.gradle.LibraryExtension
Available extension for module :common:episode | androidComponents -> com.android.build.api.variant.LibraryAndroidComponentsExtension
Available extension for module :common:episode | lintLifecycle -> com.android.build.api.variant.LintLifecycleExtension
Available extension for module :common:episode | buildOutputs -> org.gradle.api.NamedDomainObjectContainer<com.android.build.gradle.api.BaseVariantOutput>
Available extension for module :common:episode | kotlin -> org.jetbrains.kotlin.gradle.dsl.KotlinAndroidProjectExtension
Available extension for module :common:episode | kotlinTestRegistry -> org.jetbrains.kotlin.gradle.testing.internal.KotlinTestsRegistry
Available extension for module :common:episode | spotless -> com.diffplug.gradle.spotless.SpotlessExtension
Available extension for module :common:episode | kapt -> org.jetbrains.kotlin.gradle.plugin.KaptExtension
Available extension for module :common:episode | composeCompiler -> org.jetbrains.kotlin.compose.compiler.gradle.ComposeCompilerGradlePluginExtension

> Configure project :common:feed
Applying view binding and compose build features for module -> :common:feed
Applying vector drawables configuration for module -> :common:feed
Applying common feature group dependencies for module -> :common:feed
Applying compose dependencies for module -> :common:feed
Available extension for module :common:feed | ext -> org.gradle.api.plugins.ExtraPropertiesExtension
Available extension for module :common:feed | libs -> org.gradle.accessors.dm.LibrariesForLibs
Available extension for module :common:feed | versionCatalogs -> org.gradle.api.artifacts.VersionCatalogsExtension
Available extension for module :common:feed | base -> org.gradle.api.plugins.BasePluginExtension
Available extension for module :common:feed | sourceSets -> org.gradle.api.tasks.SourceSetContainer
Available extension for module :common:feed | reporting -> org.gradle.api.reporting.ReportingExtension
Available extension for module :common:feed | javaToolchains -> org.gradle.jvm.toolchain.JavaToolchainService
Available extension for module :common:feed | java -> org.gradle.api.plugins.JavaPluginExtension
Available extension for module :common:feed | android -> com.android.build.gradle.LibraryExtension
Available extension for module :common:feed | androidComponents -> com.android.build.api.variant.LibraryAndroidComponentsExtension
Available extension for module :common:feed | lintLifecycle -> com.android.build.api.variant.LintLifecycleExtension
Available extension for module :common:feed | buildOutputs -> org.gradle.api.NamedDomainObjectContainer<com.android.build.gradle.api.BaseVariantOutput>
Available extension for module :common:feed | kotlin -> org.jetbrains.kotlin.gradle.dsl.KotlinAndroidProjectExtension
Available extension for module :common:feed | kotlinTestRegistry -> org.jetbrains.kotlin.gradle.testing.internal.KotlinTestsRegistry
Available extension for module :common:feed | spotless -> com.diffplug.gradle.spotless.SpotlessExtension
Available extension for module :common:feed | kapt -> org.jetbrains.kotlin.gradle.plugin.KaptExtension
Available extension for module :common:feed | composeCompiler -> org.jetbrains.kotlin.compose.compiler.gradle.ComposeCompilerGradlePluginExtension

> Configure project :common:forum
Applying view binding and compose build features for module -> :common:forum
Applying vector drawables configuration for module -> :common:forum
Applying common feature group dependencies for module -> :common:forum
Applying compose dependencies for module -> :common:forum
Available extension for module :common:forum | ext -> org.gradle.api.plugins.ExtraPropertiesExtension
Available extension for module :common:forum | libs -> org.gradle.accessors.dm.LibrariesForLibs
Available extension for module :common:forum | versionCatalogs -> org.gradle.api.artifacts.VersionCatalogsExtension
Available extension for module :common:forum | base -> org.gradle.api.plugins.BasePluginExtension
Available extension for module :common:forum | sourceSets -> org.gradle.api.tasks.SourceSetContainer
Available extension for module :common:forum | reporting -> org.gradle.api.reporting.ReportingExtension
Available extension for module :common:forum | javaToolchains -> org.gradle.jvm.toolchain.JavaToolchainService
Available extension for module :common:forum | java -> org.gradle.api.plugins.JavaPluginExtension
Available extension for module :common:forum | android -> com.android.build.gradle.LibraryExtension
Available extension for module :common:forum | androidComponents -> com.android.build.api.variant.LibraryAndroidComponentsExtension
Available extension for module :common:forum | lintLifecycle -> com.android.build.api.variant.LintLifecycleExtension
Available extension for module :common:forum | buildOutputs -> org.gradle.api.NamedDomainObjectContainer<com.android.build.gradle.api.BaseVariantOutput>
Available extension for module :common:forum | kotlin -> org.jetbrains.kotlin.gradle.dsl.KotlinAndroidProjectExtension
Available extension for module :common:forum | kotlinTestRegistry -> org.jetbrains.kotlin.gradle.testing.internal.KotlinTestsRegistry
Available extension for module :common:forum | spotless -> com.diffplug.gradle.spotless.SpotlessExtension
Available extension for module :common:forum | kapt -> org.jetbrains.kotlin.gradle.plugin.KaptExtension
Available extension for module :common:forum | composeCompiler -> org.jetbrains.kotlin.compose.compiler.gradle.ComposeCompilerGradlePluginExtension

> Configure project :common:genre
Applying view binding and compose build features for module -> :common:genre
Applying vector drawables configuration for module -> :common:genre
Applying common feature group dependencies for module -> :common:genre
Applying compose dependencies for module -> :common:genre
Available extension for module :common:genre | ext -> org.gradle.api.plugins.ExtraPropertiesExtension
Available extension for module :common:genre | libs -> org.gradle.accessors.dm.LibrariesForLibs
Available extension for module :common:genre | versionCatalogs -> org.gradle.api.artifacts.VersionCatalogsExtension
Available extension for module :common:genre | base -> org.gradle.api.plugins.BasePluginExtension
Available extension for module :common:genre | sourceSets -> org.gradle.api.tasks.SourceSetContainer
Available extension for module :common:genre | reporting -> org.gradle.api.reporting.ReportingExtension
Available extension for module :common:genre | javaToolchains -> org.gradle.jvm.toolchain.JavaToolchainService
Available extension for module :common:genre | java -> org.gradle.api.plugins.JavaPluginExtension
Available extension for module :common:genre | android -> com.android.build.gradle.LibraryExtension
Available extension for module :common:genre | androidComponents -> com.android.build.api.variant.LibraryAndroidComponentsExtension
Available extension for module :common:genre | lintLifecycle -> com.android.build.api.variant.LintLifecycleExtension
Available extension for module :common:genre | buildOutputs -> org.gradle.api.NamedDomainObjectContainer<com.android.build.gradle.api.BaseVariantOutput>
Available extension for module :common:genre | kotlin -> org.jetbrains.kotlin.gradle.dsl.KotlinAndroidProjectExtension
Available extension for module :common:genre | kotlinTestRegistry -> org.jetbrains.kotlin.gradle.testing.internal.KotlinTestsRegistry
Available extension for module :common:genre | spotless -> com.diffplug.gradle.spotless.SpotlessExtension
Available extension for module :common:genre | kapt -> org.jetbrains.kotlin.gradle.plugin.KaptExtension
Available extension for module :common:genre | composeCompiler -> org.jetbrains.kotlin.compose.compiler.gradle.ComposeCompilerGradlePluginExtension

> Configure project :common:markdown
Applying view binding and compose build features for module -> :common:markdown
Applying vector drawables configuration for module -> :common:markdown
Applying common feature group dependencies for module -> :common:markdown
Applying compose dependencies for module -> :common:markdown
Available extension for module :common:markdown | ext -> org.gradle.api.plugins.ExtraPropertiesExtension
Available extension for module :common:markdown | libs -> org.gradle.accessors.dm.LibrariesForLibs
Available extension for module :common:markdown | versionCatalogs -> org.gradle.api.artifacts.VersionCatalogsExtension
Available extension for module :common:markdown | base -> org.gradle.api.plugins.BasePluginExtension
Available extension for module :common:markdown | sourceSets -> org.gradle.api.tasks.SourceSetContainer
Available extension for module :common:markdown | reporting -> org.gradle.api.reporting.ReportingExtension
Available extension for module :common:markdown | javaToolchains -> org.gradle.jvm.toolchain.JavaToolchainService
Available extension for module :common:markdown | java -> org.gradle.api.plugins.JavaPluginExtension
Available extension for module :common:markdown | android -> com.android.build.gradle.LibraryExtension
Available extension for module :common:markdown | androidComponents -> com.android.build.api.variant.LibraryAndroidComponentsExtension
Available extension for module :common:markdown | lintLifecycle -> com.android.build.api.variant.LintLifecycleExtension
Available extension for module :common:markdown | buildOutputs -> org.gradle.api.NamedDomainObjectContainer<com.android.build.gradle.api.BaseVariantOutput>
Available extension for module :common:markdown | kotlin -> org.jetbrains.kotlin.gradle.dsl.KotlinAndroidProjectExtension
Available extension for module :common:markdown | kotlinTestRegistry -> org.jetbrains.kotlin.gradle.testing.internal.KotlinTestsRegistry
Available extension for module :common:markdown | spotless -> com.diffplug.gradle.spotless.SpotlessExtension
Available extension for module :common:markdown | kapt -> org.jetbrains.kotlin.gradle.plugin.KaptExtension
Available extension for module :common:markdown | composeCompiler -> org.jetbrains.kotlin.compose.compiler.gradle.ComposeCompilerGradlePluginExtension

> Configure project :common:media
Applying view binding and compose build features for module -> :common:media
Applying vector drawables configuration for module -> :common:media
Applying common feature group dependencies for module -> :common:media
Applying compose dependencies for module -> :common:media
Available extension for module :common:media | ext -> org.gradle.api.plugins.ExtraPropertiesExtension
Available extension for module :common:media | libs -> org.gradle.accessors.dm.LibrariesForLibs
Available extension for module :common:media | versionCatalogs -> org.gradle.api.artifacts.VersionCatalogsExtension
Available extension for module :common:media | base -> org.gradle.api.plugins.BasePluginExtension
Available extension for module :common:media | sourceSets -> org.gradle.api.tasks.SourceSetContainer
Available extension for module :common:media | reporting -> org.gradle.api.reporting.ReportingExtension
Available extension for module :common:media | javaToolchains -> org.gradle.jvm.toolchain.JavaToolchainService
Available extension for module :common:media | java -> org.gradle.api.plugins.JavaPluginExtension
Available extension for module :common:media | android -> com.android.build.gradle.LibraryExtension
Available extension for module :common:media | androidComponents -> com.android.build.api.variant.LibraryAndroidComponentsExtension
Available extension for module :common:media | lintLifecycle -> com.android.build.api.variant.LintLifecycleExtension
Available extension for module :common:media | buildOutputs -> org.gradle.api.NamedDomainObjectContainer<com.android.build.gradle.api.BaseVariantOutput>
Available extension for module :common:media | kotlin -> org.jetbrains.kotlin.gradle.dsl.KotlinAndroidProjectExtension
Available extension for module :common:media | kotlinTestRegistry -> org.jetbrains.kotlin.gradle.testing.internal.KotlinTestsRegistry
Available extension for module :common:media | spotless -> com.diffplug.gradle.spotless.SpotlessExtension
Available extension for module :common:media | kapt -> org.jetbrains.kotlin.gradle.plugin.KaptExtension
Available extension for module :common:media | composeCompiler -> org.jetbrains.kotlin.compose.compiler.gradle.ComposeCompilerGradlePluginExtension

> Configure project :common:medialist
Applying view binding and compose build features for module -> :common:medialist
Applying vector drawables configuration for module -> :common:medialist
Applying common feature group dependencies for module -> :common:medialist
Applying compose dependencies for module -> :common:medialist
Available extension for module :common:medialist | ext -> org.gradle.api.plugins.ExtraPropertiesExtension
Available extension for module :common:medialist | libs -> org.gradle.accessors.dm.LibrariesForLibs
Available extension for module :common:medialist | versionCatalogs -> org.gradle.api.artifacts.VersionCatalogsExtension
Available extension for module :common:medialist | base -> org.gradle.api.plugins.BasePluginExtension
Available extension for module :common:medialist | sourceSets -> org.gradle.api.tasks.SourceSetContainer
Available extension for module :common:medialist | reporting -> org.gradle.api.reporting.ReportingExtension
Available extension for module :common:medialist | javaToolchains -> org.gradle.jvm.toolchain.JavaToolchainService
Available extension for module :common:medialist | java -> org.gradle.api.plugins.JavaPluginExtension
Available extension for module :common:medialist | android -> com.android.build.gradle.LibraryExtension
Available extension for module :common:medialist | androidComponents -> com.android.build.api.variant.LibraryAndroidComponentsExtension
Available extension for module :common:medialist | lintLifecycle -> com.android.build.api.variant.LintLifecycleExtension
Available extension for module :common:medialist | buildOutputs -> org.gradle.api.NamedDomainObjectContainer<com.android.build.gradle.api.BaseVariantOutput>
Available extension for module :common:medialist | kotlin -> org.jetbrains.kotlin.gradle.dsl.KotlinAndroidProjectExtension
Available extension for module :common:medialist | kotlinTestRegistry -> org.jetbrains.kotlin.gradle.testing.internal.KotlinTestsRegistry
Available extension for module :common:medialist | spotless -> com.diffplug.gradle.spotless.SpotlessExtension
Available extension for module :common:medialist | kapt -> org.jetbrains.kotlin.gradle.plugin.KaptExtension
Available extension for module :common:medialist | composeCompiler -> org.jetbrains.kotlin.compose.compiler.gradle.ComposeCompilerGradlePluginExtension

> Configure project :common:news
Applying view binding and compose build features for module -> :common:news
Applying vector drawables configuration for module -> :common:news
Applying common feature group dependencies for module -> :common:news
Applying compose dependencies for module -> :common:news
Available extension for module :common:news | ext -> org.gradle.api.plugins.ExtraPropertiesExtension
Available extension for module :common:news | libs -> org.gradle.accessors.dm.LibrariesForLibs
Available extension for module :common:news | versionCatalogs -> org.gradle.api.artifacts.VersionCatalogsExtension
Available extension for module :common:news | base -> org.gradle.api.plugins.BasePluginExtension
Available extension for module :common:news | sourceSets -> org.gradle.api.tasks.SourceSetContainer
Available extension for module :common:news | reporting -> org.gradle.api.reporting.ReportingExtension
Available extension for module :common:news | javaToolchains -> org.gradle.jvm.toolchain.JavaToolchainService
Available extension for module :common:news | java -> org.gradle.api.plugins.JavaPluginExtension
Available extension for module :common:news | android -> com.android.build.gradle.LibraryExtension
Available extension for module :common:news | androidComponents -> com.android.build.api.variant.LibraryAndroidComponentsExtension
Available extension for module :common:news | lintLifecycle -> com.android.build.api.variant.LintLifecycleExtension
Available extension for module :common:news | buildOutputs -> org.gradle.api.NamedDomainObjectContainer<com.android.build.gradle.api.BaseVariantOutput>
Available extension for module :common:news | kotlin -> org.jetbrains.kotlin.gradle.dsl.KotlinAndroidProjectExtension
Available extension for module :common:news | kotlinTestRegistry -> org.jetbrains.kotlin.gradle.testing.internal.KotlinTestsRegistry
Available extension for module :common:news | spotless -> com.diffplug.gradle.spotless.SpotlessExtension
Available extension for module :common:news | kapt -> org.jetbrains.kotlin.gradle.plugin.KaptExtension
Available extension for module :common:news | composeCompiler -> org.jetbrains.kotlin.compose.compiler.gradle.ComposeCompilerGradlePluginExtension

> Configure project :common:recommendation
Applying view binding and compose build features for module -> :common:recommendation
Applying vector drawables configuration for module -> :common:recommendation
Applying common feature group dependencies for module -> :common:recommendation
Applying compose dependencies for module -> :common:recommendation
Available extension for module :common:recommendation | ext -> org.gradle.api.plugins.ExtraPropertiesExtension
Available extension for module :common:recommendation | libs -> org.gradle.accessors.dm.LibrariesForLibs
Available extension for module :common:recommendation | versionCatalogs -> org.gradle.api.artifacts.VersionCatalogsExtension
Available extension for module :common:recommendation | base -> org.gradle.api.plugins.BasePluginExtension
Available extension for module :common:recommendation | sourceSets -> org.gradle.api.tasks.SourceSetContainer
Available extension for module :common:recommendation | reporting -> org.gradle.api.reporting.ReportingExtension
Available extension for module :common:recommendation | javaToolchains -> org.gradle.jvm.toolchain.JavaToolchainService
Available extension for module :common:recommendation | java -> org.gradle.api.plugins.JavaPluginExtension
Available extension for module :common:recommendation | android -> com.android.build.gradle.LibraryExtension
Available extension for module :common:recommendation | androidComponents -> com.android.build.api.variant.LibraryAndroidComponentsExtension
Available extension for module :common:recommendation | lintLifecycle -> com.android.build.api.variant.LintLifecycleExtension
Available extension for module :common:recommendation | buildOutputs -> org.gradle.api.NamedDomainObjectContainer<com.android.build.gradle.api.BaseVariantOutput>
Available extension for module :common:recommendation | kotlin -> org.jetbrains.kotlin.gradle.dsl.KotlinAndroidProjectExtension
Available extension for module :common:recommendation | kotlinTestRegistry -> org.jetbrains.kotlin.gradle.testing.internal.KotlinTestsRegistry
Available extension for module :common:recommendation | spotless -> com.diffplug.gradle.spotless.SpotlessExtension
Available extension for module :common:recommendation | kapt -> org.jetbrains.kotlin.gradle.plugin.KaptExtension
Available extension for module :common:recommendation | composeCompiler -> org.jetbrains.kotlin.compose.compiler.gradle.ComposeCompilerGradlePluginExtension

> Configure project :common:review
Applying view binding and compose build features for module -> :common:review
Applying vector drawables configuration for module -> :common:review
Applying common feature group dependencies for module -> :common:review
Applying compose dependencies for module -> :common:review
Available extension for module :common:review | ext -> org.gradle.api.plugins.ExtraPropertiesExtension
Available extension for module :common:review | libs -> org.gradle.accessors.dm.LibrariesForLibs
Available extension for module :common:review | versionCatalogs -> org.gradle.api.artifacts.VersionCatalogsExtension
Available extension for module :common:review | base -> org.gradle.api.plugins.BasePluginExtension
Available extension for module :common:review | sourceSets -> org.gradle.api.tasks.SourceSetContainer
Available extension for module :common:review | reporting -> org.gradle.api.reporting.ReportingExtension
Available extension for module :common:review | javaToolchains -> org.gradle.jvm.toolchain.JavaToolchainService
Available extension for module :common:review | java -> org.gradle.api.plugins.JavaPluginExtension
Available extension for module :common:review | android -> com.android.build.gradle.LibraryExtension
Available extension for module :common:review | androidComponents -> com.android.build.api.variant.LibraryAndroidComponentsExtension
Available extension for module :common:review | lintLifecycle -> com.android.build.api.variant.LintLifecycleExtension
Available extension for module :common:review | buildOutputs -> org.gradle.api.NamedDomainObjectContainer<com.android.build.gradle.api.BaseVariantOutput>
Available extension for module :common:review | kotlin -> org.jetbrains.kotlin.gradle.dsl.KotlinAndroidProjectExtension
Available extension for module :common:review | kotlinTestRegistry -> org.jetbrains.kotlin.gradle.testing.internal.KotlinTestsRegistry
Available extension for module :common:review | spotless -> com.diffplug.gradle.spotless.SpotlessExtension
Available extension for module :common:review | kapt -> org.jetbrains.kotlin.gradle.plugin.KaptExtension
Available extension for module :common:review | composeCompiler -> org.jetbrains.kotlin.compose.compiler.gradle.ComposeCompilerGradlePluginExtension

> Configure project :common:shared
Applying view binding and compose build features for module -> :common:shared
Applying vector drawables configuration for module -> :common:shared
Applying common feature group dependencies for module -> :common:shared
Applying compose dependencies for module -> :common:shared
Available extension for module :common:shared | ext -> org.gradle.api.plugins.ExtraPropertiesExtension
Available extension for module :common:shared | libs -> org.gradle.accessors.dm.LibrariesForLibs
Available extension for module :common:shared | versionCatalogs -> org.gradle.api.artifacts.VersionCatalogsExtension
Available extension for module :common:shared | base -> org.gradle.api.plugins.BasePluginExtension
Available extension for module :common:shared | sourceSets -> org.gradle.api.tasks.SourceSetContainer
Available extension for module :common:shared | reporting -> org.gradle.api.reporting.ReportingExtension
Available extension for module :common:shared | javaToolchains -> org.gradle.jvm.toolchain.JavaToolchainService
Available extension for module :common:shared | java -> org.gradle.api.plugins.JavaPluginExtension
Available extension for module :common:shared | android -> com.android.build.gradle.LibraryExtension
Available extension for module :common:shared | androidComponents -> com.android.build.api.variant.LibraryAndroidComponentsExtension
Available extension for module :common:shared | lintLifecycle -> com.android.build.api.variant.LintLifecycleExtension
Available extension for module :common:shared | buildOutputs -> org.gradle.api.NamedDomainObjectContainer<com.android.build.gradle.api.BaseVariantOutput>
Available extension for module :common:shared | kotlin -> org.jetbrains.kotlin.gradle.dsl.KotlinAndroidProjectExtension
Available extension for module :common:shared | kotlinTestRegistry -> org.jetbrains.kotlin.gradle.testing.internal.KotlinTestsRegistry
Available extension for module :common:shared | spotless -> com.diffplug.gradle.spotless.SpotlessExtension
Available extension for module :common:shared | kapt -> org.jetbrains.kotlin.gradle.plugin.KaptExtension
Available extension for module :common:shared | composeCompiler -> org.jetbrains.kotlin.compose.compiler.gradle.ComposeCompilerGradlePluginExtension

> Configure project :common:staff
Applying view binding and compose build features for module -> :common:staff
Applying vector drawables configuration for module -> :common:staff
Applying common feature group dependencies for module -> :common:staff
Applying compose dependencies for module -> :common:staff
Available extension for module :common:staff | ext -> org.gradle.api.plugins.ExtraPropertiesExtension
Available extension for module :common:staff | libs -> org.gradle.accessors.dm.LibrariesForLibs
Available extension for module :common:staff | versionCatalogs -> org.gradle.api.artifacts.VersionCatalogsExtension
Available extension for module :common:staff | base -> org.gradle.api.plugins.BasePluginExtension
Available extension for module :common:staff | sourceSets -> org.gradle.api.tasks.SourceSetContainer
Available extension for module :common:staff | reporting -> org.gradle.api.reporting.ReportingExtension
Available extension for module :common:staff | javaToolchains -> org.gradle.jvm.toolchain.JavaToolchainService
Available extension for module :common:staff | java -> org.gradle.api.plugins.JavaPluginExtension
Available extension for module :common:staff | android -> com.android.build.gradle.LibraryExtension
Available extension for module :common:staff | androidComponents -> com.android.build.api.variant.LibraryAndroidComponentsExtension
Available extension for module :common:staff | lintLifecycle -> com.android.build.api.variant.LintLifecycleExtension
Available extension for module :common:staff | buildOutputs -> org.gradle.api.NamedDomainObjectContainer<com.android.build.gradle.api.BaseVariantOutput>
Available extension for module :common:staff | kotlin -> org.jetbrains.kotlin.gradle.dsl.KotlinAndroidProjectExtension
Available extension for module :common:staff | kotlinTestRegistry -> org.jetbrains.kotlin.gradle.testing.internal.KotlinTestsRegistry
Available extension for module :common:staff | spotless -> com.diffplug.gradle.spotless.SpotlessExtension
Available extension for module :common:staff | kapt -> org.jetbrains.kotlin.gradle.plugin.KaptExtension
Available extension for module :common:staff | composeCompiler -> org.jetbrains.kotlin.compose.compiler.gradle.ComposeCompilerGradlePluginExtension

> Configure project :common:studio
Applying view binding and compose build features for module -> :common:studio
Applying vector drawables configuration for module -> :common:studio
Applying common feature group dependencies for module -> :common:studio
Applying compose dependencies for module -> :common:studio
Available extension for module :common:studio | ext -> org.gradle.api.plugins.ExtraPropertiesExtension
Available extension for module :common:studio | libs -> org.gradle.accessors.dm.LibrariesForLibs
Available extension for module :common:studio | versionCatalogs -> org.gradle.api.artifacts.VersionCatalogsExtension
Available extension for module :common:studio | base -> org.gradle.api.plugins.BasePluginExtension
Available extension for module :common:studio | sourceSets -> org.gradle.api.tasks.SourceSetContainer
Available extension for module :common:studio | reporting -> org.gradle.api.reporting.ReportingExtension
Available extension for module :common:studio | javaToolchains -> org.gradle.jvm.toolchain.JavaToolchainService
Available extension for module :common:studio | java -> org.gradle.api.plugins.JavaPluginExtension
Available extension for module :common:studio | android -> com.android.build.gradle.LibraryExtension
Available extension for module :common:studio | androidComponents -> com.android.build.api.variant.LibraryAndroidComponentsExtension
Available extension for module :common:studio | lintLifecycle -> com.android.build.api.variant.LintLifecycleExtension
Available extension for module :common:studio | buildOutputs -> org.gradle.api.NamedDomainObjectContainer<com.android.build.gradle.api.BaseVariantOutput>
Available extension for module :common:studio | kotlin -> org.jetbrains.kotlin.gradle.dsl.KotlinAndroidProjectExtension
Available extension for module :common:studio | kotlinTestRegistry -> org.jetbrains.kotlin.gradle.testing.internal.KotlinTestsRegistry
Available extension for module :common:studio | spotless -> com.diffplug.gradle.spotless.SpotlessExtension
Available extension for module :common:studio | kapt -> org.jetbrains.kotlin.gradle.plugin.KaptExtension
Available extension for module :common:studio | composeCompiler -> org.jetbrains.kotlin.compose.compiler.gradle.ComposeCompilerGradlePluginExtension

> Configure project :common:tag
Applying view binding and compose build features for module -> :common:tag
Applying vector drawables configuration for module -> :common:tag
Applying common feature group dependencies for module -> :common:tag
Applying compose dependencies for module -> :common:tag
Available extension for module :common:tag | ext -> org.gradle.api.plugins.ExtraPropertiesExtension
Available extension for module :common:tag | libs -> org.gradle.accessors.dm.LibrariesForLibs
Available extension for module :common:tag | versionCatalogs -> org.gradle.api.artifacts.VersionCatalogsExtension
Available extension for module :common:tag | base -> org.gradle.api.plugins.BasePluginExtension
Available extension for module :common:tag | sourceSets -> org.gradle.api.tasks.SourceSetContainer
Available extension for module :common:tag | reporting -> org.gradle.api.reporting.ReportingExtension
Available extension for module :common:tag | javaToolchains -> org.gradle.jvm.toolchain.JavaToolchainService
Available extension for module :common:tag | java -> org.gradle.api.plugins.JavaPluginExtension
Available extension for module :common:tag | android -> com.android.build.gradle.LibraryExtension
Available extension for module :common:tag | androidComponents -> com.android.build.api.variant.LibraryAndroidComponentsExtension
Available extension for module :common:tag | lintLifecycle -> com.android.build.api.variant.LintLifecycleExtension
Available extension for module :common:tag | buildOutputs -> org.gradle.api.NamedDomainObjectContainer<com.android.build.gradle.api.BaseVariantOutput>
Available extension for module :common:tag | kotlin -> org.jetbrains.kotlin.gradle.dsl.KotlinAndroidProjectExtension
Available extension for module :common:tag | kotlinTestRegistry -> org.jetbrains.kotlin.gradle.testing.internal.KotlinTestsRegistry
Available extension for module :common:tag | spotless -> com.diffplug.gradle.spotless.SpotlessExtension
Available extension for module :common:tag | kapt -> org.jetbrains.kotlin.gradle.plugin.KaptExtension
Available extension for module :common:tag | composeCompiler -> org.jetbrains.kotlin.compose.compiler.gradle.ComposeCompilerGradlePluginExtension

> Configure project :common:user
Applying view binding and compose build features for module -> :common:user
Applying vector drawables configuration for module -> :common:user
Applying common feature group dependencies for module -> :common:user
Applying compose dependencies for module -> :common:user
Available extension for module :common:user | ext -> org.gradle.api.plugins.ExtraPropertiesExtension
Available extension for module :common:user | libs -> org.gradle.accessors.dm.LibrariesForLibs
Available extension for module :common:user | versionCatalogs -> org.gradle.api.artifacts.VersionCatalogsExtension
Available extension for module :common:user | base -> org.gradle.api.plugins.BasePluginExtension
Available extension for module :common:user | sourceSets -> org.gradle.api.tasks.SourceSetContainer
Available extension for module :common:user | reporting -> org.gradle.api.reporting.ReportingExtension
Available extension for module :common:user | javaToolchains -> org.gradle.jvm.toolchain.JavaToolchainService
Available extension for module :common:user | java -> org.gradle.api.plugins.JavaPluginExtension
Available extension for module :common:user | android -> com.android.build.gradle.LibraryExtension
Available extension for module :common:user | androidComponents -> com.android.build.api.variant.LibraryAndroidComponentsExtension
Available extension for module :common:user | lintLifecycle -> com.android.build.api.variant.LintLifecycleExtension
Available extension for module :common:user | buildOutputs -> org.gradle.api.NamedDomainObjectContainer<com.android.build.gradle.api.BaseVariantOutput>
Available extension for module :common:user | kotlin -> org.jetbrains.kotlin.gradle.dsl.KotlinAndroidProjectExtension
Available extension for module :common:user | kotlinTestRegistry -> org.jetbrains.kotlin.gradle.testing.internal.KotlinTestsRegistry
Available extension for module :common:user | spotless -> com.diffplug.gradle.spotless.SpotlessExtension
Available extension for module :common:user | kapt -> org.jetbrains.kotlin.gradle.plugin.KaptExtension
Available extension for module :common:user | composeCompiler -> org.jetbrains.kotlin.compose.compiler.gradle.ComposeCompilerGradlePluginExtension

> Configure project :data:android
Applying vector drawables configuration for module -> :data:android
Configuring build type -> debug
Configuring build type -> release
Applying data module group dependencies for module -> :data:android
Available extension for module :data:android | ext -> org.gradle.api.plugins.ExtraPropertiesExtension
Available extension for module :data:android | libs -> org.gradle.accessors.dm.LibrariesForLibs
Available extension for module :data:android | versionCatalogs -> org.gradle.api.artifacts.VersionCatalogsExtension
Available extension for module :data:android | base -> org.gradle.api.plugins.BasePluginExtension
Available extension for module :data:android | sourceSets -> org.gradle.api.tasks.SourceSetContainer
Available extension for module :data:android | reporting -> org.gradle.api.reporting.ReportingExtension
Available extension for module :data:android | javaToolchains -> org.gradle.jvm.toolchain.JavaToolchainService
Available extension for module :data:android | java -> org.gradle.api.plugins.JavaPluginExtension
Available extension for module :data:android | android -> com.android.build.gradle.LibraryExtension
Available extension for module :data:android | androidComponents -> com.android.build.api.variant.LibraryAndroidComponentsExtension
Available extension for module :data:android | lintLifecycle -> com.android.build.api.variant.LintLifecycleExtension
Available extension for module :data:android | buildOutputs -> org.gradle.api.NamedDomainObjectContainer<com.android.build.gradle.api.BaseVariantOutput>
Available extension for module :data:android | kotlin -> org.jetbrains.kotlin.gradle.dsl.KotlinAndroidProjectExtension
Available extension for module :data:android | kotlinTestRegistry -> org.jetbrains.kotlin.gradle.testing.internal.KotlinTestsRegistry
Available extension for module :data:android | spotless -> com.diffplug.gradle.spotless.SpotlessExtension
Available extension for module :data:android | kapt -> org.jetbrains.kotlin.gradle.plugin.KaptExtension

> Configure project :data:core
Applying vector drawables configuration for module -> :data:core
Configuring build type -> debug
Configuring build type -> release
Applying data module group dependencies for module -> :data:core
Available extension for module :data:core | ext -> org.gradle.api.plugins.ExtraPropertiesExtension
Available extension for module :data:core | libs -> org.gradle.accessors.dm.LibrariesForLibs
Available extension for module :data:core | versionCatalogs -> org.gradle.api.artifacts.VersionCatalogsExtension
Available extension for module :data:core | base -> org.gradle.api.plugins.BasePluginExtension
Available extension for module :data:core | sourceSets -> org.gradle.api.tasks.SourceSetContainer
Available extension for module :data:core | reporting -> org.gradle.api.reporting.ReportingExtension
Available extension for module :data:core | javaToolchains -> org.gradle.jvm.toolchain.JavaToolchainService
Available extension for module :data:core | java -> org.gradle.api.plugins.JavaPluginExtension
Available extension for module :data:core | android -> com.android.build.gradle.LibraryExtension
Available extension for module :data:core | androidComponents -> com.android.build.api.variant.LibraryAndroidComponentsExtension
Available extension for module :data:core | lintLifecycle -> com.android.build.api.variant.LintLifecycleExtension
Available extension for module :data:core | buildOutputs -> org.gradle.api.NamedDomainObjectContainer<com.android.build.gradle.api.BaseVariantOutput>
Available extension for module :data:core | kotlin -> org.jetbrains.kotlin.gradle.dsl.KotlinAndroidProjectExtension
Available extension for module :data:core | kotlinTestRegistry -> org.jetbrains.kotlin.gradle.testing.internal.KotlinTestsRegistry
Available extension for module :data:core | spotless -> com.diffplug.gradle.spotless.SpotlessExtension
Available extension for module :data:core | kapt -> org.jetbrains.kotlin.gradle.plugin.KaptExtension

> Configure project :data:edge
Applying vector drawables configuration for module -> :data:edge
Configuring build type -> debug
Adding build config field property -> key: edgeHost value: "https://api.anitrend.co"
Configuring build type -> release
Adding build config field property -> key: edgeHost value: "https://api.anitrend.co"
Applying data module group dependencies for module -> :data:edge
Applying core and android data dependencies for module -> :data:edge
Available extension for module :data:edge | ext -> org.gradle.api.plugins.ExtraPropertiesExtension
Available extension for module :data:edge | libs -> org.gradle.accessors.dm.LibrariesForLibs
Available extension for module :data:edge | versionCatalogs -> org.gradle.api.artifacts.VersionCatalogsExtension
Available extension for module :data:edge | base -> org.gradle.api.plugins.BasePluginExtension
Available extension for module :data:edge | sourceSets -> org.gradle.api.tasks.SourceSetContainer
Available extension for module :data:edge | reporting -> org.gradle.api.reporting.ReportingExtension
Available extension for module :data:edge | javaToolchains -> org.gradle.jvm.toolchain.JavaToolchainService
Available extension for module :data:edge | java -> org.gradle.api.plugins.JavaPluginExtension
Available extension for module :data:edge | android -> com.android.build.gradle.LibraryExtension
Available extension for module :data:edge | androidComponents -> com.android.build.api.variant.LibraryAndroidComponentsExtension
Available extension for module :data:edge | lintLifecycle -> com.android.build.api.variant.LintLifecycleExtension
Available extension for module :data:edge | buildOutputs -> org.gradle.api.NamedDomainObjectContainer<com.android.build.gradle.api.BaseVariantOutput>
Available extension for module :data:edge | kotlin -> org.jetbrains.kotlin.gradle.dsl.KotlinAndroidProjectExtension
Available extension for module :data:edge | kotlinTestRegistry -> org.jetbrains.kotlin.gradle.testing.internal.KotlinTestsRegistry
Available extension for module :data:edge | spotless -> com.diffplug.gradle.spotless.SpotlessExtension
Available extension for module :data:edge | kapt -> org.jetbrains.kotlin.gradle.plugin.KaptExtension

> Configure project :data:feed
Applying vector drawables configuration for module -> :data:feed
Configuring build type -> debug
Adding build config field property -> key: crunchyUrl value: "https://www.crunchyroll.com"
Adding build config field property -> key: rssUrl value: "https://feeds.feedburner.com"
Configuring build type -> release
Adding build config field property -> key: crunchyUrl value: "https://www.crunchyroll.com"
Adding build config field property -> key: rssUrl value: "https://feeds.feedburner.com"
Applying data module group dependencies for module -> :data:feed
Applying core and android data dependencies for module -> :data:feed
Available extension for module :data:feed | ext -> org.gradle.api.plugins.ExtraPropertiesExtension
Available extension for module :data:feed | libs -> org.gradle.accessors.dm.LibrariesForLibs
Available extension for module :data:feed | versionCatalogs -> org.gradle.api.artifacts.VersionCatalogsExtension
Available extension for module :data:feed | base -> org.gradle.api.plugins.BasePluginExtension
Available extension for module :data:feed | sourceSets -> org.gradle.api.tasks.SourceSetContainer
Available extension for module :data:feed | reporting -> org.gradle.api.reporting.ReportingExtension
Available extension for module :data:feed | javaToolchains -> org.gradle.jvm.toolchain.JavaToolchainService
Available extension for module :data:feed | java -> org.gradle.api.plugins.JavaPluginExtension
Available extension for module :data:feed | android -> com.android.build.gradle.LibraryExtension
Available extension for module :data:feed | androidComponents -> com.android.build.api.variant.LibraryAndroidComponentsExtension
Available extension for module :data:feed | lintLifecycle -> com.android.build.api.variant.LintLifecycleExtension
Available extension for module :data:feed | buildOutputs -> org.gradle.api.NamedDomainObjectContainer<com.android.build.gradle.api.BaseVariantOutput>
Available extension for module :data:feed | kotlin -> org.jetbrains.kotlin.gradle.dsl.KotlinAndroidProjectExtension
Available extension for module :data:feed | kotlinTestRegistry -> org.jetbrains.kotlin.gradle.testing.internal.KotlinTestsRegistry
Available extension for module :data:feed | spotless -> com.diffplug.gradle.spotless.SpotlessExtension
Available extension for module :data:feed | kapt -> org.jetbrains.kotlin.gradle.plugin.KaptExtension

> Configure project :data:imgur
Applying vector drawables configuration for module -> :data:imgur
Configuring build type -> debug
Adding build config field property -> key: imgurApi value: "https://api.imgur.com/"
Configuring build type -> release
Adding build config field property -> key: imgurApi value: "https://api.imgur.com/"
Applying data module group dependencies for module -> :data:imgur
Applying core and android data dependencies for module -> :data:imgur
Available extension for module :data:imgur | ext -> org.gradle.api.plugins.ExtraPropertiesExtension
Available extension for module :data:imgur | libs -> org.gradle.accessors.dm.LibrariesForLibs
Available extension for module :data:imgur | versionCatalogs -> org.gradle.api.artifacts.VersionCatalogsExtension
Available extension for module :data:imgur | base -> org.gradle.api.plugins.BasePluginExtension
Available extension for module :data:imgur | sourceSets -> org.gradle.api.tasks.SourceSetContainer
Available extension for module :data:imgur | reporting -> org.gradle.api.reporting.ReportingExtension
Available extension for module :data:imgur | javaToolchains -> org.gradle.jvm.toolchain.JavaToolchainService
Available extension for module :data:imgur | java -> org.gradle.api.plugins.JavaPluginExtension
Available extension for module :data:imgur | android -> com.android.build.gradle.LibraryExtension
Available extension for module :data:imgur | androidComponents -> com.android.build.api.variant.LibraryAndroidComponentsExtension
Available extension for module :data:imgur | lintLifecycle -> com.android.build.api.variant.LintLifecycleExtension
Available extension for module :data:imgur | buildOutputs -> org.gradle.api.NamedDomainObjectContainer<com.android.build.gradle.api.BaseVariantOutput>
Available extension for module :data:imgur | kotlin -> org.jetbrains.kotlin.gradle.dsl.KotlinAndroidProjectExtension
Available extension for module :data:imgur | kotlinTestRegistry -> org.jetbrains.kotlin.gradle.testing.internal.KotlinTestsRegistry
Available extension for module :data:imgur | spotless -> com.diffplug.gradle.spotless.SpotlessExtension
Available extension for module :data:imgur | kapt -> org.jetbrains.kotlin.gradle.plugin.KaptExtension

> Configure project :data:settings
Applying vector drawables configuration for module -> :data:settings
Configuring build type -> debug
Configuring build type -> release
Applying data module group dependencies for module -> :data:settings
Available extension for module :data:settings | ext -> org.gradle.api.plugins.ExtraPropertiesExtension
Available extension for module :data:settings | libs -> org.gradle.accessors.dm.LibrariesForLibs
Available extension for module :data:settings | versionCatalogs -> org.gradle.api.artifacts.VersionCatalogsExtension
Available extension for module :data:settings | base -> org.gradle.api.plugins.BasePluginExtension
Available extension for module :data:settings | sourceSets -> org.gradle.api.tasks.SourceSetContainer
Available extension for module :data:settings | reporting -> org.gradle.api.reporting.ReportingExtension
Available extension for module :data:settings | javaToolchains -> org.gradle.jvm.toolchain.JavaToolchainService
Available extension for module :data:settings | java -> org.gradle.api.plugins.JavaPluginExtension
Available extension for module :data:settings | android -> com.android.build.gradle.LibraryExtension
Available extension for module :data:settings | androidComponents -> com.android.build.api.variant.LibraryAndroidComponentsExtension
Available extension for module :data:settings | lintLifecycle -> com.android.build.api.variant.LintLifecycleExtension
Available extension for module :data:settings | buildOutputs -> org.gradle.api.NamedDomainObjectContainer<com.android.build.gradle.api.BaseVariantOutput>
Available extension for module :data:settings | kotlin -> org.jetbrains.kotlin.gradle.dsl.KotlinAndroidProjectExtension
Available extension for module :data:settings | kotlinTestRegistry -> org.jetbrains.kotlin.gradle.testing.internal.KotlinTestsRegistry
Available extension for module :data:settings | spotless -> com.diffplug.gradle.spotless.SpotlessExtension
Available extension for module :data:settings | kapt -> org.jetbrains.kotlin.gradle.plugin.KaptExtension

> Configure project :feature:about
Applying view binding and compose build features for module -> :feature:about
Applying vector drawables configuration for module -> :feature:about
Applying shared dependencies for feature module -> :feature:about
Applying compose dependencies for module -> :feature:about
Available extension for module :feature:about | ext -> org.gradle.api.plugins.ExtraPropertiesExtension
Available extension for module :feature:about | libs -> org.gradle.accessors.dm.LibrariesForLibs
Available extension for module :feature:about | versionCatalogs -> org.gradle.api.artifacts.VersionCatalogsExtension
Available extension for module :feature:about | base -> org.gradle.api.plugins.BasePluginExtension
Available extension for module :feature:about | sourceSets -> org.gradle.api.tasks.SourceSetContainer
Available extension for module :feature:about | reporting -> org.gradle.api.reporting.ReportingExtension
Available extension for module :feature:about | javaToolchains -> org.gradle.jvm.toolchain.JavaToolchainService
Available extension for module :feature:about | java -> org.gradle.api.plugins.JavaPluginExtension
Available extension for module :feature:about | android -> com.android.build.gradle.LibraryExtension
Available extension for module :feature:about | androidComponents -> com.android.build.api.variant.LibraryAndroidComponentsExtension
Available extension for module :feature:about | lintLifecycle -> com.android.build.api.variant.LintLifecycleExtension
Available extension for module :feature:about | buildOutputs -> org.gradle.api.NamedDomainObjectContainer<com.android.build.gradle.api.BaseVariantOutput>
Available extension for module :feature:about | kotlin -> org.jetbrains.kotlin.gradle.dsl.KotlinAndroidProjectExtension
Available extension for module :feature:about | kotlinTestRegistry -> org.jetbrains.kotlin.gradle.testing.internal.KotlinTestsRegistry
Available extension for module :feature:about | spotless -> com.diffplug.gradle.spotless.SpotlessExtension
Available extension for module :feature:about | kapt -> org.jetbrains.kotlin.gradle.plugin.KaptExtension
Available extension for module :feature:about | composeCompiler -> org.jetbrains.kotlin.compose.compiler.gradle.ComposeCompilerGradlePluginExtension

> Configure project :feature:account
Applying view binding and compose build features for module -> :feature:account
Applying vector drawables configuration for module -> :feature:account
Applying shared dependencies for feature module -> :feature:account
Applying compose dependencies for module -> :feature:account
Available extension for module :feature:account | ext -> org.gradle.api.plugins.ExtraPropertiesExtension
Available extension for module :feature:account | libs -> org.gradle.accessors.dm.LibrariesForLibs
Available extension for module :feature:account | versionCatalogs -> org.gradle.api.artifacts.VersionCatalogsExtension
Available extension for module :feature:account | base -> org.gradle.api.plugins.BasePluginExtension
Available extension for module :feature:account | sourceSets -> org.gradle.api.tasks.SourceSetContainer
Available extension for module :feature:account | reporting -> org.gradle.api.reporting.ReportingExtension
Available extension for module :feature:account | javaToolchains -> org.gradle.jvm.toolchain.JavaToolchainService
Available extension for module :feature:account | java -> org.gradle.api.plugins.JavaPluginExtension
Available extension for module :feature:account | android -> com.android.build.gradle.LibraryExtension
Available extension for module :feature:account | androidComponents -> com.android.build.api.variant.LibraryAndroidComponentsExtension
Available extension for module :feature:account | lintLifecycle -> com.android.build.api.variant.LintLifecycleExtension
Available extension for module :feature:account | buildOutputs -> org.gradle.api.NamedDomainObjectContainer<com.android.build.gradle.api.BaseVariantOutput>
Available extension for module :feature:account | kotlin -> org.jetbrains.kotlin.gradle.dsl.KotlinAndroidProjectExtension
Available extension for module :feature:account | kotlinTestRegistry -> org.jetbrains.kotlin.gradle.testing.internal.KotlinTestsRegistry
Available extension for module :feature:account | spotless -> com.diffplug.gradle.spotless.SpotlessExtension
Available extension for module :feature:account | kapt -> org.jetbrains.kotlin.gradle.plugin.KaptExtension
Available extension for module :feature:account | composeCompiler -> org.jetbrains.kotlin.compose.compiler.gradle.ComposeCompilerGradlePluginExtension

> Configure project :feature:airing
Applying view binding and compose build features for module -> :feature:airing
Applying vector drawables configuration for module -> :feature:airing
Applying shared dependencies for feature module -> :feature:airing
Applying compose dependencies for module -> :feature:airing
Available extension for module :feature:airing | ext -> org.gradle.api.plugins.ExtraPropertiesExtension
Available extension for module :feature:airing | libs -> org.gradle.accessors.dm.LibrariesForLibs
Available extension for module :feature:airing | versionCatalogs -> org.gradle.api.artifacts.VersionCatalogsExtension
Available extension for module :feature:airing | base -> org.gradle.api.plugins.BasePluginExtension
Available extension for module :feature:airing | sourceSets -> org.gradle.api.tasks.SourceSetContainer
Available extension for module :feature:airing | reporting -> org.gradle.api.reporting.ReportingExtension
Available extension for module :feature:airing | javaToolchains -> org.gradle.jvm.toolchain.JavaToolchainService
Available extension for module :feature:airing | java -> org.gradle.api.plugins.JavaPluginExtension
Available extension for module :feature:airing | android -> com.android.build.gradle.LibraryExtension
Available extension for module :feature:airing | androidComponents -> com.android.build.api.variant.LibraryAndroidComponentsExtension
Available extension for module :feature:airing | lintLifecycle -> com.android.build.api.variant.LintLifecycleExtension
Available extension for module :feature:airing | buildOutputs -> org.gradle.api.NamedDomainObjectContainer<com.android.build.gradle.api.BaseVariantOutput>
Available extension for module :feature:airing | kotlin -> org.jetbrains.kotlin.gradle.dsl.KotlinAndroidProjectExtension
Available extension for module :feature:airing | kotlinTestRegistry -> org.jetbrains.kotlin.gradle.testing.internal.KotlinTestsRegistry
Available extension for module :feature:airing | spotless -> com.diffplug.gradle.spotless.SpotlessExtension
Available extension for module :feature:airing | kapt -> org.jetbrains.kotlin.gradle.plugin.KaptExtension
Available extension for module :feature:airing | composeCompiler -> org.jetbrains.kotlin.compose.compiler.gradle.ComposeCompilerGradlePluginExtension

> Configure project :feature:auth
Applying view binding and compose build features for module -> :feature:auth
Applying vector drawables configuration for module -> :feature:auth
Applying shared dependencies for feature module -> :feature:auth
Applying compose dependencies for module -> :feature:auth
Available extension for module :feature:auth | ext -> org.gradle.api.plugins.ExtraPropertiesExtension
Available extension for module :feature:auth | libs -> org.gradle.accessors.dm.LibrariesForLibs
Available extension for module :feature:auth | versionCatalogs -> org.gradle.api.artifacts.VersionCatalogsExtension
Available extension for module :feature:auth | base -> org.gradle.api.plugins.BasePluginExtension
Available extension for module :feature:auth | sourceSets -> org.gradle.api.tasks.SourceSetContainer
Available extension for module :feature:auth | reporting -> org.gradle.api.reporting.ReportingExtension
Available extension for module :feature:auth | javaToolchains -> org.gradle.jvm.toolchain.JavaToolchainService
Available extension for module :feature:auth | java -> org.gradle.api.plugins.JavaPluginExtension
Available extension for module :feature:auth | android -> com.android.build.gradle.LibraryExtension
Available extension for module :feature:auth | androidComponents -> com.android.build.api.variant.LibraryAndroidComponentsExtension
Available extension for module :feature:auth | lintLifecycle -> com.android.build.api.variant.LintLifecycleExtension
Available extension for module :feature:auth | buildOutputs -> org.gradle.api.NamedDomainObjectContainer<com.android.build.gradle.api.BaseVariantOutput>
Available extension for module :feature:auth | kotlin -> org.jetbrains.kotlin.gradle.dsl.KotlinAndroidProjectExtension
Available extension for module :feature:auth | kotlinTestRegistry -> org.jetbrains.kotlin.gradle.testing.internal.KotlinTestsRegistry
Available extension for module :feature:auth | spotless -> com.diffplug.gradle.spotless.SpotlessExtension
Available extension for module :feature:auth | kapt -> org.jetbrains.kotlin.gradle.plugin.KaptExtension
Available extension for module :feature:auth | composeCompiler -> org.jetbrains.kotlin.compose.compiler.gradle.ComposeCompilerGradlePluginExtension

> Configure project :feature:character
Applying view binding and compose build features for module -> :feature:character
Applying vector drawables configuration for module -> :feature:character
Applying shared dependencies for feature module -> :feature:character
Applying compose dependencies for module -> :feature:character
Available extension for module :feature:character | ext -> org.gradle.api.plugins.ExtraPropertiesExtension
Available extension for module :feature:character | libs -> org.gradle.accessors.dm.LibrariesForLibs
Available extension for module :feature:character | versionCatalogs -> org.gradle.api.artifacts.VersionCatalogsExtension
Available extension for module :feature:character | base -> org.gradle.api.plugins.BasePluginExtension
Available extension for module :feature:character | sourceSets -> org.gradle.api.tasks.SourceSetContainer
Available extension for module :feature:character | reporting -> org.gradle.api.reporting.ReportingExtension
Available extension for module :feature:character | javaToolchains -> org.gradle.jvm.toolchain.JavaToolchainService
Available extension for module :feature:character | java -> org.gradle.api.plugins.JavaPluginExtension
Available extension for module :feature:character | android -> com.android.build.gradle.LibraryExtension
Available extension for module :feature:character | androidComponents -> com.android.build.api.variant.LibraryAndroidComponentsExtension
Available extension for module :feature:character | lintLifecycle -> com.android.build.api.variant.LintLifecycleExtension
Available extension for module :feature:character | buildOutputs -> org.gradle.api.NamedDomainObjectContainer<com.android.build.gradle.api.BaseVariantOutput>
Available extension for module :feature:character | kotlin -> org.jetbrains.kotlin.gradle.dsl.KotlinAndroidProjectExtension
Available extension for module :feature:character | kotlinTestRegistry -> org.jetbrains.kotlin.gradle.testing.internal.KotlinTestsRegistry
Available extension for module :feature:character | spotless -> com.diffplug.gradle.spotless.SpotlessExtension
Available extension for module :feature:character | kapt -> org.jetbrains.kotlin.gradle.plugin.KaptExtension
Available extension for module :feature:character | composeCompiler -> org.jetbrains.kotlin.compose.compiler.gradle.ComposeCompilerGradlePluginExtension

> Configure project :feature:episode
Applying view binding and compose build features for module -> :feature:episode
Applying vector drawables configuration for module -> :feature:episode
Applying shared dependencies for feature module -> :feature:episode
Applying compose dependencies for module -> :feature:episode
Available extension for module :feature:episode | ext -> org.gradle.api.plugins.ExtraPropertiesExtension
Available extension for module :feature:episode | libs -> org.gradle.accessors.dm.LibrariesForLibs
Available extension for module :feature:episode | versionCatalogs -> org.gradle.api.artifacts.VersionCatalogsExtension
Available extension for module :feature:episode | base -> org.gradle.api.plugins.BasePluginExtension
Available extension for module :feature:episode | sourceSets -> org.gradle.api.tasks.SourceSetContainer
Available extension for module :feature:episode | reporting -> org.gradle.api.reporting.ReportingExtension
Available extension for module :feature:episode | javaToolchains -> org.gradle.jvm.toolchain.JavaToolchainService
Available extension for module :feature:episode | java -> org.gradle.api.plugins.JavaPluginExtension
Available extension for module :feature:episode | android -> com.android.build.gradle.LibraryExtension
Available extension for module :feature:episode | androidComponents -> com.android.build.api.variant.LibraryAndroidComponentsExtension
Available extension for module :feature:episode | lintLifecycle -> com.android.build.api.variant.LintLifecycleExtension
Available extension for module :feature:episode | buildOutputs -> org.gradle.api.NamedDomainObjectContainer<com.android.build.gradle.api.BaseVariantOutput>
Available extension for module :feature:episode | kotlin -> org.jetbrains.kotlin.gradle.dsl.KotlinAndroidProjectExtension
Available extension for module :feature:episode | kotlinTestRegistry -> org.jetbrains.kotlin.gradle.testing.internal.KotlinTestsRegistry
Available extension for module :feature:episode | spotless -> com.diffplug.gradle.spotless.SpotlessExtension
Available extension for module :feature:episode | kapt -> org.jetbrains.kotlin.gradle.plugin.KaptExtension
Available extension for module :feature:episode | composeCompiler -> org.jetbrains.kotlin.compose.compiler.gradle.ComposeCompilerGradlePluginExtension

> Configure project :feature:feed
Applying view binding and compose build features for module -> :feature:feed
Applying vector drawables configuration for module -> :feature:feed
Applying shared dependencies for feature module -> :feature:feed
Applying compose dependencies for module -> :feature:feed
Available extension for module :feature:feed | ext -> org.gradle.api.plugins.ExtraPropertiesExtension
Available extension for module :feature:feed | libs -> org.gradle.accessors.dm.LibrariesForLibs
Available extension for module :feature:feed | versionCatalogs -> org.gradle.api.artifacts.VersionCatalogsExtension
Available extension for module :feature:feed | base -> org.gradle.api.plugins.BasePluginExtension
Available extension for module :feature:feed | sourceSets -> org.gradle.api.tasks.SourceSetContainer
Available extension for module :feature:feed | reporting -> org.gradle.api.reporting.ReportingExtension
Available extension for module :feature:feed | javaToolchains -> org.gradle.jvm.toolchain.JavaToolchainService
Available extension for module :feature:feed | java -> org.gradle.api.plugins.JavaPluginExtension
Available extension for module :feature:feed | android -> com.android.build.gradle.LibraryExtension
Available extension for module :feature:feed | androidComponents -> com.android.build.api.variant.LibraryAndroidComponentsExtension
Available extension for module :feature:feed | lintLifecycle -> com.android.build.api.variant.LintLifecycleExtension
Available extension for module :feature:feed | buildOutputs -> org.gradle.api.NamedDomainObjectContainer<com.android.build.gradle.api.BaseVariantOutput>
Available extension for module :feature:feed | kotlin -> org.jetbrains.kotlin.gradle.dsl.KotlinAndroidProjectExtension
Available extension for module :feature:feed | kotlinTestRegistry -> org.jetbrains.kotlin.gradle.testing.internal.KotlinTestsRegistry
Available extension for module :feature:feed | spotless -> com.diffplug.gradle.spotless.SpotlessExtension
Available extension for module :feature:feed | kapt -> org.jetbrains.kotlin.gradle.plugin.KaptExtension
Available extension for module :feature:feed | composeCompiler -> org.jetbrains.kotlin.compose.compiler.gradle.ComposeCompilerGradlePluginExtension

> Configure project :feature:forum
Applying view binding and compose build features for module -> :feature:forum
Applying vector drawables configuration for module -> :feature:forum
Applying shared dependencies for feature module -> :feature:forum
Applying compose dependencies for module -> :feature:forum
Available extension for module :feature:forum | ext -> org.gradle.api.plugins.ExtraPropertiesExtension
Available extension for module :feature:forum | libs -> org.gradle.accessors.dm.LibrariesForLibs
Available extension for module :feature:forum | versionCatalogs -> org.gradle.api.artifacts.VersionCatalogsExtension
Available extension for module :feature:forum | base -> org.gradle.api.plugins.BasePluginExtension
Available extension for module :feature:forum | sourceSets -> org.gradle.api.tasks.SourceSetContainer
Available extension for module :feature:forum | reporting -> org.gradle.api.reporting.ReportingExtension
Available extension for module :feature:forum | javaToolchains -> org.gradle.jvm.toolchain.JavaToolchainService
Available extension for module :feature:forum | java -> org.gradle.api.plugins.JavaPluginExtension
Available extension for module :feature:forum | android -> com.android.build.gradle.LibraryExtension
Available extension for module :feature:forum | androidComponents -> com.android.build.api.variant.LibraryAndroidComponentsExtension
Available extension for module :feature:forum | lintLifecycle -> com.android.build.api.variant.LintLifecycleExtension
Available extension for module :feature:forum | buildOutputs -> org.gradle.api.NamedDomainObjectContainer<com.android.build.gradle.api.BaseVariantOutput>
Available extension for module :feature:forum | kotlin -> org.jetbrains.kotlin.gradle.dsl.KotlinAndroidProjectExtension
Available extension for module :feature:forum | kotlinTestRegistry -> org.jetbrains.kotlin.gradle.testing.internal.KotlinTestsRegistry
Available extension for module :feature:forum | spotless -> com.diffplug.gradle.spotless.SpotlessExtension
Available extension for module :feature:forum | kapt -> org.jetbrains.kotlin.gradle.plugin.KaptExtension
Available extension for module :feature:forum | composeCompiler -> org.jetbrains.kotlin.compose.compiler.gradle.ComposeCompilerGradlePluginExtension

> Configure project :feature:image-viewer
Applying view binding and compose build features for module -> :feature:image-viewer
Applying vector drawables configuration for module -> :feature:image-viewer
Applying shared dependencies for feature module -> :feature:image-viewer
Applying compose dependencies for module -> :feature:image-viewer
Available extension for module :feature:image-viewer | ext -> org.gradle.api.plugins.ExtraPropertiesExtension
Available extension for module :feature:image-viewer | libs -> org.gradle.accessors.dm.LibrariesForLibs
Available extension for module :feature:image-viewer | versionCatalogs -> org.gradle.api.artifacts.VersionCatalogsExtension
Available extension for module :feature:image-viewer | base -> org.gradle.api.plugins.BasePluginExtension
Available extension for module :feature:image-viewer | sourceSets -> org.gradle.api.tasks.SourceSetContainer
Available extension for module :feature:image-viewer | reporting -> org.gradle.api.reporting.ReportingExtension
Available extension for module :feature:image-viewer | javaToolchains -> org.gradle.jvm.toolchain.JavaToolchainService
Available extension for module :feature:image-viewer | java -> org.gradle.api.plugins.JavaPluginExtension
Available extension for module :feature:image-viewer | android -> com.android.build.gradle.LibraryExtension
Available extension for module :feature:image-viewer | androidComponents -> com.android.build.api.variant.LibraryAndroidComponentsExtension
Available extension for module :feature:image-viewer | lintLifecycle -> com.android.build.api.variant.LintLifecycleExtension
Available extension for module :feature:image-viewer | buildOutputs -> org.gradle.api.NamedDomainObjectContainer<com.android.build.gradle.api.BaseVariantOutput>
Available extension for module :feature:image-viewer | kotlin -> org.jetbrains.kotlin.gradle.dsl.KotlinAndroidProjectExtension
Available extension for module :feature:image-viewer | kotlinTestRegistry -> org.jetbrains.kotlin.gradle.testing.internal.KotlinTestsRegistry
Available extension for module :feature:image-viewer | spotless -> com.diffplug.gradle.spotless.SpotlessExtension
Available extension for module :feature:image-viewer | kapt -> org.jetbrains.kotlin.gradle.plugin.KaptExtension
Available extension for module :feature:image-viewer | composeCompiler -> org.jetbrains.kotlin.compose.compiler.gradle.ComposeCompilerGradlePluginExtension

> Configure project :feature:media
Applying view binding and compose build features for module -> :feature:media
Applying vector drawables configuration for module -> :feature:media
Applying shared dependencies for feature module -> :feature:media
Applying compose dependencies for module -> :feature:media
Available extension for module :feature:media | ext -> org.gradle.api.plugins.ExtraPropertiesExtension
Available extension for module :feature:media | libs -> org.gradle.accessors.dm.LibrariesForLibs
Available extension for module :feature:media | versionCatalogs -> org.gradle.api.artifacts.VersionCatalogsExtension
Available extension for module :feature:media | base -> org.gradle.api.plugins.BasePluginExtension
Available extension for module :feature:media | sourceSets -> org.gradle.api.tasks.SourceSetContainer
Available extension for module :feature:media | reporting -> org.gradle.api.reporting.ReportingExtension
Available extension for module :feature:media | javaToolchains -> org.gradle.jvm.toolchain.JavaToolchainService
Available extension for module :feature:media | java -> org.gradle.api.plugins.JavaPluginExtension
Available extension for module :feature:media | android -> com.android.build.gradle.LibraryExtension
Available extension for module :feature:media | androidComponents -> com.android.build.api.variant.LibraryAndroidComponentsExtension
Available extension for module :feature:media | lintLifecycle -> com.android.build.api.variant.LintLifecycleExtension
Available extension for module :feature:media | buildOutputs -> org.gradle.api.NamedDomainObjectContainer<com.android.build.gradle.api.BaseVariantOutput>
Available extension for module :feature:media | kotlin -> org.jetbrains.kotlin.gradle.dsl.KotlinAndroidProjectExtension
Available extension for module :feature:media | kotlinTestRegistry -> org.jetbrains.kotlin.gradle.testing.internal.KotlinTestsRegistry
Available extension for module :feature:media | spotless -> com.diffplug.gradle.spotless.SpotlessExtension
Available extension for module :feature:media | kapt -> org.jetbrains.kotlin.gradle.plugin.KaptExtension
Available extension for module :feature:media | composeCompiler -> org.jetbrains.kotlin.compose.compiler.gradle.ComposeCompilerGradlePluginExtension

> Configure project :feature:medialist
Applying view binding and compose build features for module -> :feature:medialist
Applying vector drawables configuration for module -> :feature:medialist
Applying shared dependencies for feature module -> :feature:medialist
Applying compose dependencies for module -> :feature:medialist
Available extension for module :feature:medialist | ext -> org.gradle.api.plugins.ExtraPropertiesExtension
Available extension for module :feature:medialist | libs -> org.gradle.accessors.dm.LibrariesForLibs
Available extension for module :feature:medialist | versionCatalogs -> org.gradle.api.artifacts.VersionCatalogsExtension
Available extension for module :feature:medialist | base -> org.gradle.api.plugins.BasePluginExtension
Available extension for module :feature:medialist | sourceSets -> org.gradle.api.tasks.SourceSetContainer
Available extension for module :feature:medialist | reporting -> org.gradle.api.reporting.ReportingExtension
Available extension for module :feature:medialist | javaToolchains -> org.gradle.jvm.toolchain.JavaToolchainService
Available extension for module :feature:medialist | java -> org.gradle.api.plugins.JavaPluginExtension
Available extension for module :feature:medialist | android -> com.android.build.gradle.LibraryExtension
Available extension for module :feature:medialist | androidComponents -> com.android.build.api.variant.LibraryAndroidComponentsExtension
Available extension for module :feature:medialist | lintLifecycle -> com.android.build.api.variant.LintLifecycleExtension
Available extension for module :feature:medialist | buildOutputs -> org.gradle.api.NamedDomainObjectContainer<com.android.build.gradle.api.BaseVariantOutput>
Available extension for module :feature:medialist | kotlin -> org.jetbrains.kotlin.gradle.dsl.KotlinAndroidProjectExtension
Available extension for module :feature:medialist | kotlinTestRegistry -> org.jetbrains.kotlin.gradle.testing.internal.KotlinTestsRegistry
Available extension for module :feature:medialist | spotless -> com.diffplug.gradle.spotless.SpotlessExtension
Available extension for module :feature:medialist | kapt -> org.jetbrains.kotlin.gradle.plugin.KaptExtension
Available extension for module :feature:medialist | composeCompiler -> org.jetbrains.kotlin.compose.compiler.gradle.ComposeCompilerGradlePluginExtension

> Configure project :feature:news
Applying view binding and compose build features for module -> :feature:news
Applying vector drawables configuration for module -> :feature:news
Applying shared dependencies for feature module -> :feature:news
Applying compose dependencies for module -> :feature:news
Available extension for module :feature:news | ext -> org.gradle.api.plugins.ExtraPropertiesExtension
Available extension for module :feature:news | libs -> org.gradle.accessors.dm.LibrariesForLibs
Available extension for module :feature:news | versionCatalogs -> org.gradle.api.artifacts.VersionCatalogsExtension
Available extension for module :feature:news | base -> org.gradle.api.plugins.BasePluginExtension
Available extension for module :feature:news | sourceSets -> org.gradle.api.tasks.SourceSetContainer
Available extension for module :feature:news | reporting -> org.gradle.api.reporting.ReportingExtension
Available extension for module :feature:news | javaToolchains -> org.gradle.jvm.toolchain.JavaToolchainService
Available extension for module :feature:news | java -> org.gradle.api.plugins.JavaPluginExtension
Available extension for module :feature:news | android -> com.android.build.gradle.LibraryExtension
Available extension for module :feature:news | androidComponents -> com.android.build.api.variant.LibraryAndroidComponentsExtension
Available extension for module :feature:news | lintLifecycle -> com.android.build.api.variant.LintLifecycleExtension
Available extension for module :feature:news | buildOutputs -> org.gradle.api.NamedDomainObjectContainer<com.android.build.gradle.api.BaseVariantOutput>
Available extension for module :feature:news | kotlin -> org.jetbrains.kotlin.gradle.dsl.KotlinAndroidProjectExtension
Available extension for module :feature:news | kotlinTestRegistry -> org.jetbrains.kotlin.gradle.testing.internal.KotlinTestsRegistry
Available extension for module :feature:news | spotless -> com.diffplug.gradle.spotless.SpotlessExtension
Available extension for module :feature:news | kapt -> org.jetbrains.kotlin.gradle.plugin.KaptExtension
Available extension for module :feature:news | composeCompiler -> org.jetbrains.kotlin.compose.compiler.gradle.ComposeCompilerGradlePluginExtension

> Configure project :feature:notification
Applying view binding and compose build features for module -> :feature:notification
Applying vector drawables configuration for module -> :feature:notification
Applying shared dependencies for feature module -> :feature:notification
Applying compose dependencies for module -> :feature:notification
Available extension for module :feature:notification | ext -> org.gradle.api.plugins.ExtraPropertiesExtension
Available extension for module :feature:notification | libs -> org.gradle.accessors.dm.LibrariesForLibs
Available extension for module :feature:notification | versionCatalogs -> org.gradle.api.artifacts.VersionCatalogsExtension
Available extension for module :feature:notification | base -> org.gradle.api.plugins.BasePluginExtension
Available extension for module :feature:notification | sourceSets -> org.gradle.api.tasks.SourceSetContainer
Available extension for module :feature:notification | reporting -> org.gradle.api.reporting.ReportingExtension
Available extension for module :feature:notification | javaToolchains -> org.gradle.jvm.toolchain.JavaToolchainService
Available extension for module :feature:notification | java -> org.gradle.api.plugins.JavaPluginExtension
Available extension for module :feature:notification | android -> com.android.build.gradle.LibraryExtension
Available extension for module :feature:notification | androidComponents -> com.android.build.api.variant.LibraryAndroidComponentsExtension
Available extension for module :feature:notification | lintLifecycle -> com.android.build.api.variant.LintLifecycleExtension
Available extension for module :feature:notification | buildOutputs -> org.gradle.api.NamedDomainObjectContainer<com.android.build.gradle.api.BaseVariantOutput>
Available extension for module :feature:notification | kotlin -> org.jetbrains.kotlin.gradle.dsl.KotlinAndroidProjectExtension
Available extension for module :feature:notification | kotlinTestRegistry -> org.jetbrains.kotlin.gradle.testing.internal.KotlinTestsRegistry
Available extension for module :feature:notification | spotless -> com.diffplug.gradle.spotless.SpotlessExtension
Available extension for module :feature:notification | kapt -> org.jetbrains.kotlin.gradle.plugin.KaptExtension
Available extension for module :feature:notification | composeCompiler -> org.jetbrains.kotlin.compose.compiler.gradle.ComposeCompilerGradlePluginExtension

> Configure project :feature:profile
Applying view binding and compose build features for module -> :feature:profile
Applying vector drawables configuration for module -> :feature:profile
Applying shared dependencies for feature module -> :feature:profile
Applying compose dependencies for module -> :feature:profile
Available extension for module :feature:profile | ext -> org.gradle.api.plugins.ExtraPropertiesExtension
Available extension for module :feature:profile | libs -> org.gradle.accessors.dm.LibrariesForLibs
Available extension for module :feature:profile | versionCatalogs -> org.gradle.api.artifacts.VersionCatalogsExtension
Available extension for module :feature:profile | base -> org.gradle.api.plugins.BasePluginExtension
Available extension for module :feature:profile | sourceSets -> org.gradle.api.tasks.SourceSetContainer
Available extension for module :feature:profile | reporting -> org.gradle.api.reporting.ReportingExtension
Available extension for module :feature:profile | javaToolchains -> org.gradle.jvm.toolchain.JavaToolchainService
Available extension for module :feature:profile | java -> org.gradle.api.plugins.JavaPluginExtension
Available extension for module :feature:profile | android -> com.android.build.gradle.LibraryExtension
Available extension for module :feature:profile | androidComponents -> com.android.build.api.variant.LibraryAndroidComponentsExtension
Available extension for module :feature:profile | lintLifecycle -> com.android.build.api.variant.LintLifecycleExtension
Available extension for module :feature:profile | buildOutputs -> org.gradle.api.NamedDomainObjectContainer<com.android.build.gradle.api.BaseVariantOutput>
Available extension for module :feature:profile | kotlin -> org.jetbrains.kotlin.gradle.dsl.KotlinAndroidProjectExtension
Available extension for module :feature:profile | kotlinTestRegistry -> org.jetbrains.kotlin.gradle.testing.internal.KotlinTestsRegistry
Available extension for module :feature:profile | spotless -> com.diffplug.gradle.spotless.SpotlessExtension
Available extension for module :feature:profile | kapt -> org.jetbrains.kotlin.gradle.plugin.KaptExtension
Available extension for module :feature:profile | composeCompiler -> org.jetbrains.kotlin.compose.compiler.gradle.ComposeCompilerGradlePluginExtension

> Configure project :feature:recommendation
Applying view binding and compose build features for module -> :feature:recommendation
Applying vector drawables configuration for module -> :feature:recommendation
Applying shared dependencies for feature module -> :feature:recommendation
Applying compose dependencies for module -> :feature:recommendation
Available extension for module :feature:recommendation | ext -> org.gradle.api.plugins.ExtraPropertiesExtension
Available extension for module :feature:recommendation | libs -> org.gradle.accessors.dm.LibrariesForLibs
Available extension for module :feature:recommendation | versionCatalogs -> org.gradle.api.artifacts.VersionCatalogsExtension
Available extension for module :feature:recommendation | base -> org.gradle.api.plugins.BasePluginExtension
Available extension for module :feature:recommendation | sourceSets -> org.gradle.api.tasks.SourceSetContainer
Available extension for module :feature:recommendation | reporting -> org.gradle.api.reporting.ReportingExtension
Available extension for module :feature:recommendation | javaToolchains -> org.gradle.jvm.toolchain.JavaToolchainService
Available extension for module :feature:recommendation | java -> org.gradle.api.plugins.JavaPluginExtension
Available extension for module :feature:recommendation | android -> com.android.build.gradle.LibraryExtension
Available extension for module :feature:recommendation | androidComponents -> com.android.build.api.variant.LibraryAndroidComponentsExtension
Available extension for module :feature:recommendation | lintLifecycle -> com.android.build.api.variant.LintLifecycleExtension
Available extension for module :feature:recommendation | buildOutputs -> org.gradle.api.NamedDomainObjectContainer<com.android.build.gradle.api.BaseVariantOutput>
Available extension for module :feature:recommendation | kotlin -> org.jetbrains.kotlin.gradle.dsl.KotlinAndroidProjectExtension
Available extension for module :feature:recommendation | kotlinTestRegistry -> org.jetbrains.kotlin.gradle.testing.internal.KotlinTestsRegistry
Available extension for module :feature:recommendation | spotless -> com.diffplug.gradle.spotless.SpotlessExtension
Available extension for module :feature:recommendation | kapt -> org.jetbrains.kotlin.gradle.plugin.KaptExtension
Available extension for module :feature:recommendation | composeCompiler -> org.jetbrains.kotlin.compose.compiler.gradle.ComposeCompilerGradlePluginExtension

> Configure project :feature:review
Applying view binding and compose build features for module -> :feature:review
Applying vector drawables configuration for module -> :feature:review
Applying shared dependencies for feature module -> :feature:review
Applying compose dependencies for module -> :feature:review
Available extension for module :feature:review | ext -> org.gradle.api.plugins.ExtraPropertiesExtension
Available extension for module :feature:review | libs -> org.gradle.accessors.dm.LibrariesForLibs
Available extension for module :feature:review | versionCatalogs -> org.gradle.api.artifacts.VersionCatalogsExtension
Available extension for module :feature:review | base -> org.gradle.api.plugins.BasePluginExtension
Available extension for module :feature:review | sourceSets -> org.gradle.api.tasks.SourceSetContainer
Available extension for module :feature:review | reporting -> org.gradle.api.reporting.ReportingExtension
Available extension for module :feature:review | javaToolchains -> org.gradle.jvm.toolchain.JavaToolchainService
Available extension for module :feature:review | java -> org.gradle.api.plugins.JavaPluginExtension
Available extension for module :feature:review | android -> com.android.build.gradle.LibraryExtension
Available extension for module :feature:review | androidComponents -> com.android.build.api.variant.LibraryAndroidComponentsExtension
Available extension for module :feature:review | lintLifecycle -> com.android.build.api.variant.LintLifecycleExtension
Available extension for module :feature:review | buildOutputs -> org.gradle.api.NamedDomainObjectContainer<com.android.build.gradle.api.BaseVariantOutput>
Available extension for module :feature:review | kotlin -> org.jetbrains.kotlin.gradle.dsl.KotlinAndroidProjectExtension
Available extension for module :feature:review | kotlinTestRegistry -> org.jetbrains.kotlin.gradle.testing.internal.KotlinTestsRegistry
Available extension for module :feature:review | spotless -> com.diffplug.gradle.spotless.SpotlessExtension
Available extension for module :feature:review | kapt -> org.jetbrains.kotlin.gradle.plugin.KaptExtension
Available extension for module :feature:review | composeCompiler -> org.jetbrains.kotlin.compose.compiler.gradle.ComposeCompilerGradlePluginExtension

> Configure project :feature:search
Applying view binding and compose build features for module -> :feature:search
Applying vector drawables configuration for module -> :feature:search
Applying shared dependencies for feature module -> :feature:search
Applying compose dependencies for module -> :feature:search
Available extension for module :feature:search | ext -> org.gradle.api.plugins.ExtraPropertiesExtension
Available extension for module :feature:search | libs -> org.gradle.accessors.dm.LibrariesForLibs
Available extension for module :feature:search | versionCatalogs -> org.gradle.api.artifacts.VersionCatalogsExtension
Available extension for module :feature:search | base -> org.gradle.api.plugins.BasePluginExtension
Available extension for module :feature:search | sourceSets -> org.gradle.api.tasks.SourceSetContainer
Available extension for module :feature:search | reporting -> org.gradle.api.reporting.ReportingExtension
Available extension for module :feature:search | javaToolchains -> org.gradle.jvm.toolchain.JavaToolchainService
Available extension for module :feature:search | java -> org.gradle.api.plugins.JavaPluginExtension
Available extension for module :feature:search | android -> com.android.build.gradle.LibraryExtension
Available extension for module :feature:search | androidComponents -> com.android.build.api.variant.LibraryAndroidComponentsExtension
Available extension for module :feature:search | lintLifecycle -> com.android.build.api.variant.LintLifecycleExtension
Available extension for module :feature:search | buildOutputs -> org.gradle.api.NamedDomainObjectContainer<com.android.build.gradle.api.BaseVariantOutput>
Available extension for module :feature:search | kotlin -> org.jetbrains.kotlin.gradle.dsl.KotlinAndroidProjectExtension
Available extension for module :feature:search | kotlinTestRegistry -> org.jetbrains.kotlin.gradle.testing.internal.KotlinTestsRegistry
Available extension for module :feature:search | spotless -> com.diffplug.gradle.spotless.SpotlessExtension
Available extension for module :feature:search | kapt -> org.jetbrains.kotlin.gradle.plugin.KaptExtension
Available extension for module :feature:search | composeCompiler -> org.jetbrains.kotlin.compose.compiler.gradle.ComposeCompilerGradlePluginExtension

> Configure project :feature:settings
Applying view binding and compose build features for module -> :feature:settings
Applying vector drawables configuration for module -> :feature:settings
Applying shared dependencies for feature module -> :feature:settings
Applying compose dependencies for module -> :feature:settings
Available extension for module :feature:settings | ext -> org.gradle.api.plugins.ExtraPropertiesExtension
Available extension for module :feature:settings | libs -> org.gradle.accessors.dm.LibrariesForLibs
Available extension for module :feature:settings | versionCatalogs -> org.gradle.api.artifacts.VersionCatalogsExtension
Available extension for module :feature:settings | base -> org.gradle.api.plugins.BasePluginExtension
Available extension for module :feature:settings | sourceSets -> org.gradle.api.tasks.SourceSetContainer
Available extension for module :feature:settings | reporting -> org.gradle.api.reporting.ReportingExtension
Available extension for module :feature:settings | javaToolchains -> org.gradle.jvm.toolchain.JavaToolchainService
Available extension for module :feature:settings | java -> org.gradle.api.plugins.JavaPluginExtension
Available extension for module :feature:settings | android -> com.android.build.gradle.LibraryExtension
Available extension for module :feature:settings | androidComponents -> com.android.build.api.variant.LibraryAndroidComponentsExtension
Available extension for module :feature:settings | lintLifecycle -> com.android.build.api.variant.LintLifecycleExtension
Available extension for module :feature:settings | buildOutputs -> org.gradle.api.NamedDomainObjectContainer<com.android.build.gradle.api.BaseVariantOutput>
Available extension for module :feature:settings | kotlin -> org.jetbrains.kotlin.gradle.dsl.KotlinAndroidProjectExtension
Available extension for module :feature:settings | kotlinTestRegistry -> org.jetbrains.kotlin.gradle.testing.internal.KotlinTestsRegistry
Available extension for module :feature:settings | spotless -> com.diffplug.gradle.spotless.SpotlessExtension
Available extension for module :feature:settings | kapt -> org.jetbrains.kotlin.gradle.plugin.KaptExtension
Available extension for module :feature:settings | composeCompiler -> org.jetbrains.kotlin.compose.compiler.gradle.ComposeCompilerGradlePluginExtension

> Configure project :feature:staff
Applying view binding and compose build features for module -> :feature:staff
Applying vector drawables configuration for module -> :feature:staff
Applying shared dependencies for feature module -> :feature:staff
Applying compose dependencies for module -> :feature:staff
Available extension for module :feature:staff | ext -> org.gradle.api.plugins.ExtraPropertiesExtension
Available extension for module :feature:staff | libs -> org.gradle.accessors.dm.LibrariesForLibs
Available extension for module :feature:staff | versionCatalogs -> org.gradle.api.artifacts.VersionCatalogsExtension
Available extension for module :feature:staff | base -> org.gradle.api.plugins.BasePluginExtension
Available extension for module :feature:staff | sourceSets -> org.gradle.api.tasks.SourceSetContainer
Available extension for module :feature:staff | reporting -> org.gradle.api.reporting.ReportingExtension
Available extension for module :feature:staff | javaToolchains -> org.gradle.jvm.toolchain.JavaToolchainService
Available extension for module :feature:staff | java -> org.gradle.api.plugins.JavaPluginExtension
Available extension for module :feature:staff | android -> com.android.build.gradle.LibraryExtension
Available extension for module :feature:staff | androidComponents -> com.android.build.api.variant.LibraryAndroidComponentsExtension
Available extension for module :feature:staff | lintLifecycle -> com.android.build.api.variant.LintLifecycleExtension
Available extension for module :feature:staff | buildOutputs -> org.gradle.api.NamedDomainObjectContainer<com.android.build.gradle.api.BaseVariantOutput>
Available extension for module :feature:staff | kotlin -> org.jetbrains.kotlin.gradle.dsl.KotlinAndroidProjectExtension
Available extension for module :feature:staff | kotlinTestRegistry -> org.jetbrains.kotlin.gradle.testing.internal.KotlinTestsRegistry
Available extension for module :feature:staff | spotless -> com.diffplug.gradle.spotless.SpotlessExtension
Available extension for module :feature:staff | kapt -> org.jetbrains.kotlin.gradle.plugin.KaptExtension
Available extension for module :feature:staff | composeCompiler -> org.jetbrains.kotlin.compose.compiler.gradle.ComposeCompilerGradlePluginExtension

> Configure project :feature:studio
Applying view binding and compose build features for module -> :feature:studio
Applying vector drawables configuration for module -> :feature:studio
Applying shared dependencies for feature module -> :feature:studio
Applying compose dependencies for module -> :feature:studio
Available extension for module :feature:studio | ext -> org.gradle.api.plugins.ExtraPropertiesExtension
Available extension for module :feature:studio | libs -> org.gradle.accessors.dm.LibrariesForLibs
Available extension for module :feature:studio | versionCatalogs -> org.gradle.api.artifacts.VersionCatalogsExtension
Available extension for module :feature:studio | base -> org.gradle.api.plugins.BasePluginExtension
Available extension for module :feature:studio | sourceSets -> org.gradle.api.tasks.SourceSetContainer
Available extension for module :feature:studio | reporting -> org.gradle.api.reporting.ReportingExtension
Available extension for module :feature:studio | javaToolchains -> org.gradle.jvm.toolchain.JavaToolchainService
Available extension for module :feature:studio | java -> org.gradle.api.plugins.JavaPluginExtension
Available extension for module :feature:studio | android -> com.android.build.gradle.LibraryExtension
Available extension for module :feature:studio | androidComponents -> com.android.build.api.variant.LibraryAndroidComponentsExtension
Available extension for module :feature:studio | lintLifecycle -> com.android.build.api.variant.LintLifecycleExtension
Available extension for module :feature:studio | buildOutputs -> org.gradle.api.NamedDomainObjectContainer<com.android.build.gradle.api.BaseVariantOutput>
Available extension for module :feature:studio | kotlin -> org.jetbrains.kotlin.gradle.dsl.KotlinAndroidProjectExtension
Available extension for module :feature:studio | kotlinTestRegistry -> org.jetbrains.kotlin.gradle.testing.internal.KotlinTestsRegistry
Available extension for module :feature:studio | spotless -> com.diffplug.gradle.spotless.SpotlessExtension
Available extension for module :feature:studio | kapt -> org.jetbrains.kotlin.gradle.plugin.KaptExtension
Available extension for module :feature:studio | composeCompiler -> org.jetbrains.kotlin.compose.compiler.gradle.ComposeCompilerGradlePluginExtension

> Configure project :feature:suggestion
Applying view binding and compose build features for module -> :feature:suggestion
Applying vector drawables configuration for module -> :feature:suggestion
Applying shared dependencies for feature module -> :feature:suggestion
Applying compose dependencies for module -> :feature:suggestion
Available extension for module :feature:suggestion | ext -> org.gradle.api.plugins.ExtraPropertiesExtension
Available extension for module :feature:suggestion | libs -> org.gradle.accessors.dm.LibrariesForLibs
Available extension for module :feature:suggestion | versionCatalogs -> org.gradle.api.artifacts.VersionCatalogsExtension
Available extension for module :feature:suggestion | base -> org.gradle.api.plugins.BasePluginExtension
Available extension for module :feature:suggestion | sourceSets -> org.gradle.api.tasks.SourceSetContainer
Available extension for module :feature:suggestion | reporting -> org.gradle.api.reporting.ReportingExtension
Available extension for module :feature:suggestion | javaToolchains -> org.gradle.jvm.toolchain.JavaToolchainService
Available extension for module :feature:suggestion | java -> org.gradle.api.plugins.JavaPluginExtension
Available extension for module :feature:suggestion | android -> com.android.build.gradle.LibraryExtension
Available extension for module :feature:suggestion | androidComponents -> com.android.build.api.variant.LibraryAndroidComponentsExtension
Available extension for module :feature:suggestion | lintLifecycle -> com.android.build.api.variant.LintLifecycleExtension
Available extension for module :feature:suggestion | buildOutputs -> org.gradle.api.NamedDomainObjectContainer<com.android.build.gradle.api.BaseVariantOutput>
Available extension for module :feature:suggestion | kotlin -> org.jetbrains.kotlin.gradle.dsl.KotlinAndroidProjectExtension
Available extension for module :feature:suggestion | kotlinTestRegistry -> org.jetbrains.kotlin.gradle.testing.internal.KotlinTestsRegistry
Available extension for module :feature:suggestion | spotless -> com.diffplug.gradle.spotless.SpotlessExtension
Available extension for module :feature:suggestion | kapt -> org.jetbrains.kotlin.gradle.plugin.KaptExtension
Available extension for module :feature:suggestion | composeCompiler -> org.jetbrains.kotlin.compose.compiler.gradle.ComposeCompilerGradlePluginExtension

> Configure project :feature:updater
Applying view binding and compose build features for module -> :feature:updater
Applying vector drawables configuration for module -> :feature:updater
Applying shared dependencies for feature module -> :feature:updater
Applying compose dependencies for module -> :feature:updater
Available extension for module :feature:updater | ext -> org.gradle.api.plugins.ExtraPropertiesExtension
Available extension for module :feature:updater | libs -> org.gradle.accessors.dm.LibrariesForLibs
Available extension for module :feature:updater | versionCatalogs -> org.gradle.api.artifacts.VersionCatalogsExtension
Available extension for module :feature:updater | base -> org.gradle.api.plugins.BasePluginExtension
Available extension for module :feature:updater | sourceSets -> org.gradle.api.tasks.SourceSetContainer
Available extension for module :feature:updater | reporting -> org.gradle.api.reporting.ReportingExtension
Available extension for module :feature:updater | javaToolchains -> org.gradle.jvm.toolchain.JavaToolchainService
Available extension for module :feature:updater | java -> org.gradle.api.plugins.JavaPluginExtension
Available extension for module :feature:updater | android -> com.android.build.gradle.LibraryExtension
Available extension for module :feature:updater | androidComponents -> com.android.build.api.variant.LibraryAndroidComponentsExtension
Available extension for module :feature:updater | lintLifecycle -> com.android.build.api.variant.LintLifecycleExtension
Available extension for module :feature:updater | buildOutputs -> org.gradle.api.NamedDomainObjectContainer<com.android.build.gradle.api.BaseVariantOutput>
Available extension for module :feature:updater | kotlin -> org.jetbrains.kotlin.gradle.dsl.KotlinAndroidProjectExtension
Available extension for module :feature:updater | kotlinTestRegistry -> org.jetbrains.kotlin.gradle.testing.internal.KotlinTestsRegistry
Available extension for module :feature:updater | spotless -> com.diffplug.gradle.spotless.SpotlessExtension
Available extension for module :feature:updater | kapt -> org.jetbrains.kotlin.gradle.plugin.KaptExtension
Available extension for module :feature:updater | composeCompiler -> org.jetbrains.kotlin.compose.compiler.gradle.ComposeCompilerGradlePluginExtension

> Configure project :task:account
Applying task module group dependencies for module -> :task:account
Available extension for module :task:account | ext -> org.gradle.api.plugins.ExtraPropertiesExtension
Available extension for module :task:account | libs -> org.gradle.accessors.dm.LibrariesForLibs
Available extension for module :task:account | versionCatalogs -> org.gradle.api.artifacts.VersionCatalogsExtension
Available extension for module :task:account | base -> org.gradle.api.plugins.BasePluginExtension
Available extension for module :task:account | sourceSets -> org.gradle.api.tasks.SourceSetContainer
Available extension for module :task:account | reporting -> org.gradle.api.reporting.ReportingExtension
Available extension for module :task:account | javaToolchains -> org.gradle.jvm.toolchain.JavaToolchainService
Available extension for module :task:account | java -> org.gradle.api.plugins.JavaPluginExtension
Available extension for module :task:account | android -> com.android.build.gradle.LibraryExtension
Available extension for module :task:account | androidComponents -> com.android.build.api.variant.LibraryAndroidComponentsExtension
Available extension for module :task:account | lintLifecycle -> com.android.build.api.variant.LintLifecycleExtension
Available extension for module :task:account | buildOutputs -> org.gradle.api.NamedDomainObjectContainer<com.android.build.gradle.api.BaseVariantOutput>
Available extension for module :task:account | kotlin -> org.jetbrains.kotlin.gradle.dsl.KotlinAndroidProjectExtension
Available extension for module :task:account | kotlinTestRegistry -> org.jetbrains.kotlin.gradle.testing.internal.KotlinTestsRegistry
Available extension for module :task:account | spotless -> com.diffplug.gradle.spotless.SpotlessExtension
Available extension for module :task:account | kapt -> org.jetbrains.kotlin.gradle.plugin.KaptExtension

> Configure project :task:character
Applying task module group dependencies for module -> :task:character
Available extension for module :task:character | ext -> org.gradle.api.plugins.ExtraPropertiesExtension
Available extension for module :task:character | libs -> org.gradle.accessors.dm.LibrariesForLibs
Available extension for module :task:character | versionCatalogs -> org.gradle.api.artifacts.VersionCatalogsExtension
Available extension for module :task:character | base -> org.gradle.api.plugins.BasePluginExtension
Available extension for module :task:character | sourceSets -> org.gradle.api.tasks.SourceSetContainer
Available extension for module :task:character | reporting -> org.gradle.api.reporting.ReportingExtension
Available extension for module :task:character | javaToolchains -> org.gradle.jvm.toolchain.JavaToolchainService
Available extension for module :task:character | java -> org.gradle.api.plugins.JavaPluginExtension
Available extension for module :task:character | android -> com.android.build.gradle.LibraryExtension
Available extension for module :task:character | androidComponents -> com.android.build.api.variant.LibraryAndroidComponentsExtension
Available extension for module :task:character | lintLifecycle -> com.android.build.api.variant.LintLifecycleExtension
Available extension for module :task:character | buildOutputs -> org.gradle.api.NamedDomainObjectContainer<com.android.build.gradle.api.BaseVariantOutput>
Available extension for module :task:character | kotlin -> org.jetbrains.kotlin.gradle.dsl.KotlinAndroidProjectExtension
Available extension for module :task:character | kotlinTestRegistry -> org.jetbrains.kotlin.gradle.testing.internal.KotlinTestsRegistry
Available extension for module :task:character | spotless -> com.diffplug.gradle.spotless.SpotlessExtension
Available extension for module :task:character | kapt -> org.jetbrains.kotlin.gradle.plugin.KaptExtension

> Configure project :task:config
Applying task module group dependencies for module -> :task:config
Available extension for module :task:config | ext -> org.gradle.api.plugins.ExtraPropertiesExtension
Available extension for module :task:config | libs -> org.gradle.accessors.dm.LibrariesForLibs
Available extension for module :task:config | versionCatalogs -> org.gradle.api.artifacts.VersionCatalogsExtension
Available extension for module :task:config | base -> org.gradle.api.plugins.BasePluginExtension
Available extension for module :task:config | sourceSets -> org.gradle.api.tasks.SourceSetContainer
Available extension for module :task:config | reporting -> org.gradle.api.reporting.ReportingExtension
Available extension for module :task:config | javaToolchains -> org.gradle.jvm.toolchain.JavaToolchainService
Available extension for module :task:config | java -> org.gradle.api.plugins.JavaPluginExtension
Available extension for module :task:config | android -> com.android.build.gradle.LibraryExtension
Available extension for module :task:config | androidComponents -> com.android.build.api.variant.LibraryAndroidComponentsExtension
Available extension for module :task:config | lintLifecycle -> com.android.build.api.variant.LintLifecycleExtension
Available extension for module :task:config | buildOutputs -> org.gradle.api.NamedDomainObjectContainer<com.android.build.gradle.api.BaseVariantOutput>
Available extension for module :task:config | kotlin -> org.jetbrains.kotlin.gradle.dsl.KotlinAndroidProjectExtension
Available extension for module :task:config | kotlinTestRegistry -> org.jetbrains.kotlin.gradle.testing.internal.KotlinTestsRegistry
Available extension for module :task:config | spotless -> com.diffplug.gradle.spotless.SpotlessExtension
Available extension for module :task:config | kapt -> org.jetbrains.kotlin.gradle.plugin.KaptExtension

> Configure project :task:episode
Applying task module group dependencies for module -> :task:episode
Available extension for module :task:episode | ext -> org.gradle.api.plugins.ExtraPropertiesExtension
Available extension for module :task:episode | libs -> org.gradle.accessors.dm.LibrariesForLibs
Available extension for module :task:episode | versionCatalogs -> org.gradle.api.artifacts.VersionCatalogsExtension
Available extension for module :task:episode | base -> org.gradle.api.plugins.BasePluginExtension
Available extension for module :task:episode | sourceSets -> org.gradle.api.tasks.SourceSetContainer
Available extension for module :task:episode | reporting -> org.gradle.api.reporting.ReportingExtension
Available extension for module :task:episode | javaToolchains -> org.gradle.jvm.toolchain.JavaToolchainService
Available extension for module :task:episode | java -> org.gradle.api.plugins.JavaPluginExtension
Available extension for module :task:episode | android -> com.android.build.gradle.LibraryExtension
Available extension for module :task:episode | androidComponents -> com.android.build.api.variant.LibraryAndroidComponentsExtension
Available extension for module :task:episode | lintLifecycle -> com.android.build.api.variant.LintLifecycleExtension
Available extension for module :task:episode | buildOutputs -> org.gradle.api.NamedDomainObjectContainer<com.android.build.gradle.api.BaseVariantOutput>
Available extension for module :task:episode | kotlin -> org.jetbrains.kotlin.gradle.dsl.KotlinAndroidProjectExtension
Available extension for module :task:episode | kotlinTestRegistry -> org.jetbrains.kotlin.gradle.testing.internal.KotlinTestsRegistry
Available extension for module :task:episode | spotless -> com.diffplug.gradle.spotless.SpotlessExtension
Available extension for module :task:episode | kapt -> org.jetbrains.kotlin.gradle.plugin.KaptExtension

> Configure project :task:favourite
Applying task module group dependencies for module -> :task:favourite
Available extension for module :task:favourite | ext -> org.gradle.api.plugins.ExtraPropertiesExtension
Available extension for module :task:favourite | libs -> org.gradle.accessors.dm.LibrariesForLibs
Available extension for module :task:favourite | versionCatalogs -> org.gradle.api.artifacts.VersionCatalogsExtension
Available extension for module :task:favourite | base -> org.gradle.api.plugins.BasePluginExtension
Available extension for module :task:favourite | sourceSets -> org.gradle.api.tasks.SourceSetContainer
Available extension for module :task:favourite | reporting -> org.gradle.api.reporting.ReportingExtension
Available extension for module :task:favourite | javaToolchains -> org.gradle.jvm.toolchain.JavaToolchainService
Available extension for module :task:favourite | java -> org.gradle.api.plugins.JavaPluginExtension
Available extension for module :task:favourite | android -> com.android.build.gradle.LibraryExtension
Available extension for module :task:favourite | androidComponents -> com.android.build.api.variant.LibraryAndroidComponentsExtension
Available extension for module :task:favourite | lintLifecycle -> com.android.build.api.variant.LintLifecycleExtension
Available extension for module :task:favourite | buildOutputs -> org.gradle.api.NamedDomainObjectContainer<com.android.build.gradle.api.BaseVariantOutput>
Available extension for module :task:favourite | kotlin -> org.jetbrains.kotlin.gradle.dsl.KotlinAndroidProjectExtension
Available extension for module :task:favourite | kotlinTestRegistry -> org.jetbrains.kotlin.gradle.testing.internal.KotlinTestsRegistry
Available extension for module :task:favourite | spotless -> com.diffplug.gradle.spotless.SpotlessExtension
Available extension for module :task:favourite | kapt -> org.jetbrains.kotlin.gradle.plugin.KaptExtension

> Configure project :task:feed
Applying task module group dependencies for module -> :task:feed
Available extension for module :task:feed | ext -> org.gradle.api.plugins.ExtraPropertiesExtension
Available extension for module :task:feed | libs -> org.gradle.accessors.dm.LibrariesForLibs
Available extension for module :task:feed | versionCatalogs -> org.gradle.api.artifacts.VersionCatalogsExtension
Available extension for module :task:feed | base -> org.gradle.api.plugins.BasePluginExtension
Available extension for module :task:feed | sourceSets -> org.gradle.api.tasks.SourceSetContainer
Available extension for module :task:feed | reporting -> org.gradle.api.reporting.ReportingExtension
Available extension for module :task:feed | javaToolchains -> org.gradle.jvm.toolchain.JavaToolchainService
Available extension for module :task:feed | java -> org.gradle.api.plugins.JavaPluginExtension
Available extension for module :task:feed | android -> com.android.build.gradle.LibraryExtension
Available extension for module :task:feed | androidComponents -> com.android.build.api.variant.LibraryAndroidComponentsExtension
Available extension for module :task:feed | lintLifecycle -> com.android.build.api.variant.LintLifecycleExtension
Available extension for module :task:feed | buildOutputs -> org.gradle.api.NamedDomainObjectContainer<com.android.build.gradle.api.BaseVariantOutput>
Available extension for module :task:feed | kotlin -> org.jetbrains.kotlin.gradle.dsl.KotlinAndroidProjectExtension
Available extension for module :task:feed | kotlinTestRegistry -> org.jetbrains.kotlin.gradle.testing.internal.KotlinTestsRegistry
Available extension for module :task:feed | spotless -> com.diffplug.gradle.spotless.SpotlessExtension
Available extension for module :task:feed | kapt -> org.jetbrains.kotlin.gradle.plugin.KaptExtension

> Configure project :task:forum
Applying task module group dependencies for module -> :task:forum
Available extension for module :task:forum | ext -> org.gradle.api.plugins.ExtraPropertiesExtension
Available extension for module :task:forum | libs -> org.gradle.accessors.dm.LibrariesForLibs
Available extension for module :task:forum | versionCatalogs -> org.gradle.api.artifacts.VersionCatalogsExtension
Available extension for module :task:forum | base -> org.gradle.api.plugins.BasePluginExtension
Available extension for module :task:forum | sourceSets -> org.gradle.api.tasks.SourceSetContainer
Available extension for module :task:forum | reporting -> org.gradle.api.reporting.ReportingExtension
Available extension for module :task:forum | javaToolchains -> org.gradle.jvm.toolchain.JavaToolchainService
Available extension for module :task:forum | java -> org.gradle.api.plugins.JavaPluginExtension
Available extension for module :task:forum | android -> com.android.build.gradle.LibraryExtension
Available extension for module :task:forum | androidComponents -> com.android.build.api.variant.LibraryAndroidComponentsExtension
Available extension for module :task:forum | lintLifecycle -> com.android.build.api.variant.LintLifecycleExtension
Available extension for module :task:forum | buildOutputs -> org.gradle.api.NamedDomainObjectContainer<com.android.build.gradle.api.BaseVariantOutput>
Available extension for module :task:forum | kotlin -> org.jetbrains.kotlin.gradle.dsl.KotlinAndroidProjectExtension
Available extension for module :task:forum | kotlinTestRegistry -> org.jetbrains.kotlin.gradle.testing.internal.KotlinTestsRegistry
Available extension for module :task:forum | spotless -> com.diffplug.gradle.spotless.SpotlessExtension
Available extension for module :task:forum | kapt -> org.jetbrains.kotlin.gradle.plugin.KaptExtension

> Configure project :task:genre
Applying task module group dependencies for module -> :task:genre
Available extension for module :task:genre | ext -> org.gradle.api.plugins.ExtraPropertiesExtension
Available extension for module :task:genre | libs -> org.gradle.accessors.dm.LibrariesForLibs
Available extension for module :task:genre | versionCatalogs -> org.gradle.api.artifacts.VersionCatalogsExtension
Available extension for module :task:genre | base -> org.gradle.api.plugins.BasePluginExtension
Available extension for module :task:genre | sourceSets -> org.gradle.api.tasks.SourceSetContainer
Available extension for module :task:genre | reporting -> org.gradle.api.reporting.ReportingExtension
Available extension for module :task:genre | javaToolchains -> org.gradle.jvm.toolchain.JavaToolchainService
Available extension for module :task:genre | java -> org.gradle.api.plugins.JavaPluginExtension
Available extension for module :task:genre | android -> com.android.build.gradle.LibraryExtension
Available extension for module :task:genre | androidComponents -> com.android.build.api.variant.LibraryAndroidComponentsExtension
Available extension for module :task:genre | lintLifecycle -> com.android.build.api.variant.LintLifecycleExtension
Available extension for module :task:genre | buildOutputs -> org.gradle.api.NamedDomainObjectContainer<com.android.build.gradle.api.BaseVariantOutput>
Available extension for module :task:genre | kotlin -> org.jetbrains.kotlin.gradle.dsl.KotlinAndroidProjectExtension
Available extension for module :task:genre | kotlinTestRegistry -> org.jetbrains.kotlin.gradle.testing.internal.KotlinTestsRegistry
Available extension for module :task:genre | spotless -> com.diffplug.gradle.spotless.SpotlessExtension
Available extension for module :task:genre | kapt -> org.jetbrains.kotlin.gradle.plugin.KaptExtension

> Configure project :task:media
Applying task module group dependencies for module -> :task:media
Available extension for module :task:media | ext -> org.gradle.api.plugins.ExtraPropertiesExtension
Available extension for module :task:media | libs -> org.gradle.accessors.dm.LibrariesForLibs
Available extension for module :task:media | versionCatalogs -> org.gradle.api.artifacts.VersionCatalogsExtension
Available extension for module :task:media | base -> org.gradle.api.plugins.BasePluginExtension
Available extension for module :task:media | sourceSets -> org.gradle.api.tasks.SourceSetContainer
Available extension for module :task:media | reporting -> org.gradle.api.reporting.ReportingExtension
Available extension for module :task:media | javaToolchains -> org.gradle.jvm.toolchain.JavaToolchainService
Available extension for module :task:media | java -> org.gradle.api.plugins.JavaPluginExtension
Available extension for module :task:media | android -> com.android.build.gradle.LibraryExtension
Available extension for module :task:media | androidComponents -> com.android.build.api.variant.LibraryAndroidComponentsExtension
Available extension for module :task:media | lintLifecycle -> com.android.build.api.variant.LintLifecycleExtension
Available extension for module :task:media | buildOutputs -> org.gradle.api.NamedDomainObjectContainer<com.android.build.gradle.api.BaseVariantOutput>
Available extension for module :task:media | kotlin -> org.jetbrains.kotlin.gradle.dsl.KotlinAndroidProjectExtension
Available extension for module :task:media | kotlinTestRegistry -> org.jetbrains.kotlin.gradle.testing.internal.KotlinTestsRegistry
Available extension for module :task:media | spotless -> com.diffplug.gradle.spotless.SpotlessExtension
Available extension for module :task:media | kapt -> org.jetbrains.kotlin.gradle.plugin.KaptExtension

> Configure project :task:medialist
Applying task module group dependencies for module -> :task:medialist
Available extension for module :task:medialist | ext -> org.gradle.api.plugins.ExtraPropertiesExtension
Available extension for module :task:medialist | libs -> org.gradle.accessors.dm.LibrariesForLibs
Available extension for module :task:medialist | versionCatalogs -> org.gradle.api.artifacts.VersionCatalogsExtension
Available extension for module :task:medialist | base -> org.gradle.api.plugins.BasePluginExtension
Available extension for module :task:medialist | sourceSets -> org.gradle.api.tasks.SourceSetContainer
Available extension for module :task:medialist | reporting -> org.gradle.api.reporting.ReportingExtension
Available extension for module :task:medialist | javaToolchains -> org.gradle.jvm.toolchain.JavaToolchainService
Available extension for module :task:medialist | java -> org.gradle.api.plugins.JavaPluginExtension
Available extension for module :task:medialist | android -> com.android.build.gradle.LibraryExtension
Available extension for module :task:medialist | androidComponents -> com.android.build.api.variant.LibraryAndroidComponentsExtension
Available extension for module :task:medialist | lintLifecycle -> com.android.build.api.variant.LintLifecycleExtension
Available extension for module :task:medialist | buildOutputs -> org.gradle.api.NamedDomainObjectContainer<com.android.build.gradle.api.BaseVariantOutput>
Available extension for module :task:medialist | kotlin -> org.jetbrains.kotlin.gradle.dsl.KotlinAndroidProjectExtension
Available extension for module :task:medialist | kotlinTestRegistry -> org.jetbrains.kotlin.gradle.testing.internal.KotlinTestsRegistry
Available extension for module :task:medialist | spotless -> com.diffplug.gradle.spotless.SpotlessExtension
Available extension for module :task:medialist | kapt -> org.jetbrains.kotlin.gradle.plugin.KaptExtension

> Configure project :task:news
Applying task module group dependencies for module -> :task:news
Available extension for module :task:news | ext -> org.gradle.api.plugins.ExtraPropertiesExtension
Available extension for module :task:news | libs -> org.gradle.accessors.dm.LibrariesForLibs
Available extension for module :task:news | versionCatalogs -> org.gradle.api.artifacts.VersionCatalogsExtension
Available extension for module :task:news | base -> org.gradle.api.plugins.BasePluginExtension
Available extension for module :task:news | sourceSets -> org.gradle.api.tasks.SourceSetContainer
Available extension for module :task:news | reporting -> org.gradle.api.reporting.ReportingExtension
Available extension for module :task:news | javaToolchains -> org.gradle.jvm.toolchain.JavaToolchainService
Available extension for module :task:news | java -> org.gradle.api.plugins.JavaPluginExtension
Available extension for module :task:news | android -> com.android.build.gradle.LibraryExtension
Available extension for module :task:news | androidComponents -> com.android.build.api.variant.LibraryAndroidComponentsExtension
Available extension for module :task:news | lintLifecycle -> com.android.build.api.variant.LintLifecycleExtension
Available extension for module :task:news | buildOutputs -> org.gradle.api.NamedDomainObjectContainer<com.android.build.gradle.api.BaseVariantOutput>
Available extension for module :task:news | kotlin -> org.jetbrains.kotlin.gradle.dsl.KotlinAndroidProjectExtension
Available extension for module :task:news | kotlinTestRegistry -> org.jetbrains.kotlin.gradle.testing.internal.KotlinTestsRegistry
Available extension for module :task:news | spotless -> com.diffplug.gradle.spotless.SpotlessExtension
Available extension for module :task:news | kapt -> org.jetbrains.kotlin.gradle.plugin.KaptExtension

> Configure project :task:recommendation
Applying task module group dependencies for module -> :task:recommendation
Available extension for module :task:recommendation | ext -> org.gradle.api.plugins.ExtraPropertiesExtension
Available extension for module :task:recommendation | libs -> org.gradle.accessors.dm.LibrariesForLibs
Available extension for module :task:recommendation | versionCatalogs -> org.gradle.api.artifacts.VersionCatalogsExtension
Available extension for module :task:recommendation | base -> org.gradle.api.plugins.BasePluginExtension
Available extension for module :task:recommendation | sourceSets -> org.gradle.api.tasks.SourceSetContainer
Available extension for module :task:recommendation | reporting -> org.gradle.api.reporting.ReportingExtension
Available extension for module :task:recommendation | javaToolchains -> org.gradle.jvm.toolchain.JavaToolchainService
Available extension for module :task:recommendation | java -> org.gradle.api.plugins.JavaPluginExtension
Available extension for module :task:recommendation | android -> com.android.build.gradle.LibraryExtension
Available extension for module :task:recommendation | androidComponents -> com.android.build.api.variant.LibraryAndroidComponentsExtension
Available extension for module :task:recommendation | lintLifecycle -> com.android.build.api.variant.LintLifecycleExtension
Available extension for module :task:recommendation | buildOutputs -> org.gradle.api.NamedDomainObjectContainer<com.android.build.gradle.api.BaseVariantOutput>
Available extension for module :task:recommendation | kotlin -> org.jetbrains.kotlin.gradle.dsl.KotlinAndroidProjectExtension
Available extension for module :task:recommendation | kotlinTestRegistry -> org.jetbrains.kotlin.gradle.testing.internal.KotlinTestsRegistry
Available extension for module :task:recommendation | spotless -> com.diffplug.gradle.spotless.SpotlessExtension
Available extension for module :task:recommendation | kapt -> org.jetbrains.kotlin.gradle.plugin.KaptExtension

> Configure project :task:review
Applying task module group dependencies for module -> :task:review
Available extension for module :task:review | ext -> org.gradle.api.plugins.ExtraPropertiesExtension
Available extension for module :task:review | libs -> org.gradle.accessors.dm.LibrariesForLibs
Available extension for module :task:review | versionCatalogs -> org.gradle.api.artifacts.VersionCatalogsExtension
Available extension for module :task:review | base -> org.gradle.api.plugins.BasePluginExtension
Available extension for module :task:review | sourceSets -> org.gradle.api.tasks.SourceSetContainer
Available extension for module :task:review | reporting -> org.gradle.api.reporting.ReportingExtension
Available extension for module :task:review | javaToolchains -> org.gradle.jvm.toolchain.JavaToolchainService
Available extension for module :task:review | java -> org.gradle.api.plugins.JavaPluginExtension
Available extension for module :task:review | android -> com.android.build.gradle.LibraryExtension
Available extension for module :task:review | androidComponents -> com.android.build.api.variant.LibraryAndroidComponentsExtension
Available extension for module :task:review | lintLifecycle -> com.android.build.api.variant.LintLifecycleExtension
Available extension for module :task:review | buildOutputs -> org.gradle.api.NamedDomainObjectContainer<com.android.build.gradle.api.BaseVariantOutput>
Available extension for module :task:review | kotlin -> org.jetbrains.kotlin.gradle.dsl.KotlinAndroidProjectExtension
Available extension for module :task:review | kotlinTestRegistry -> org.jetbrains.kotlin.gradle.testing.internal.KotlinTestsRegistry
Available extension for module :task:review | spotless -> com.diffplug.gradle.spotless.SpotlessExtension
Available extension for module :task:review | kapt -> org.jetbrains.kotlin.gradle.plugin.KaptExtension

> Configure project :task:staff
Applying task module group dependencies for module -> :task:staff
Available extension for module :task:staff | ext -> org.gradle.api.plugins.ExtraPropertiesExtension
Available extension for module :task:staff | libs -> org.gradle.accessors.dm.LibrariesForLibs
Available extension for module :task:staff | versionCatalogs -> org.gradle.api.artifacts.VersionCatalogsExtension
Available extension for module :task:staff | base -> org.gradle.api.plugins.BasePluginExtension
Available extension for module :task:staff | sourceSets -> org.gradle.api.tasks.SourceSetContainer
Available extension for module :task:staff | reporting -> org.gradle.api.reporting.ReportingExtension
Available extension for module :task:staff | javaToolchains -> org.gradle.jvm.toolchain.JavaToolchainService
Available extension for module :task:staff | java -> org.gradle.api.plugins.JavaPluginExtension
Available extension for module :task:staff | android -> com.android.build.gradle.LibraryExtension
Available extension for module :task:staff | androidComponents -> com.android.build.api.variant.LibraryAndroidComponentsExtension
Available extension for module :task:staff | lintLifecycle -> com.android.build.api.variant.LintLifecycleExtension
Available extension for module :task:staff | buildOutputs -> org.gradle.api.NamedDomainObjectContainer<com.android.build.gradle.api.BaseVariantOutput>
Available extension for module :task:staff | kotlin -> org.jetbrains.kotlin.gradle.dsl.KotlinAndroidProjectExtension
Available extension for module :task:staff | kotlinTestRegistry -> org.jetbrains.kotlin.gradle.testing.internal.KotlinTestsRegistry
Available extension for module :task:staff | spotless -> com.diffplug.gradle.spotless.SpotlessExtension
Available extension for module :task:staff | kapt -> org.jetbrains.kotlin.gradle.plugin.KaptExtension

> Configure project :task:studio
Applying task module group dependencies for module -> :task:studio
Available extension for module :task:studio | ext -> org.gradle.api.plugins.ExtraPropertiesExtension
Available extension for module :task:studio | libs -> org.gradle.accessors.dm.LibrariesForLibs
Available extension for module :task:studio | versionCatalogs -> org.gradle.api.artifacts.VersionCatalogsExtension
Available extension for module :task:studio | base -> org.gradle.api.plugins.BasePluginExtension
Available extension for module :task:studio | sourceSets -> org.gradle.api.tasks.SourceSetContainer
Available extension for module :task:studio | reporting -> org.gradle.api.reporting.ReportingExtension
Available extension for module :task:studio | javaToolchains -> org.gradle.jvm.toolchain.JavaToolchainService
Available extension for module :task:studio | java -> org.gradle.api.plugins.JavaPluginExtension
Available extension for module :task:studio | android -> com.android.build.gradle.LibraryExtension
Available extension for module :task:studio | androidComponents -> com.android.build.api.variant.LibraryAndroidComponentsExtension
Available extension for module :task:studio | lintLifecycle -> com.android.build.api.variant.LintLifecycleExtension
Available extension for module :task:studio | buildOutputs -> org.gradle.api.NamedDomainObjectContainer<com.android.build.gradle.api.BaseVariantOutput>
Available extension for module :task:studio | kotlin -> org.jetbrains.kotlin.gradle.dsl.KotlinAndroidProjectExtension
Available extension for module :task:studio | kotlinTestRegistry -> org.jetbrains.kotlin.gradle.testing.internal.KotlinTestsRegistry
Available extension for module :task:studio | spotless -> com.diffplug.gradle.spotless.SpotlessExtension
Available extension for module :task:studio | kapt -> org.jetbrains.kotlin.gradle.plugin.KaptExtension

> Configure project :task:tag
Applying task module group dependencies for module -> :task:tag
Available extension for module :task:tag | ext -> org.gradle.api.plugins.ExtraPropertiesExtension
Available extension for module :task:tag | libs -> org.gradle.accessors.dm.LibrariesForLibs
Available extension for module :task:tag | versionCatalogs -> org.gradle.api.artifacts.VersionCatalogsExtension
Available extension for module :task:tag | base -> org.gradle.api.plugins.BasePluginExtension
Available extension for module :task:tag | sourceSets -> org.gradle.api.tasks.SourceSetContainer
Available extension for module :task:tag | reporting -> org.gradle.api.reporting.ReportingExtension
Available extension for module :task:tag | javaToolchains -> org.gradle.jvm.toolchain.JavaToolchainService
Available extension for module :task:tag | java -> org.gradle.api.plugins.JavaPluginExtension
Available extension for module :task:tag | android -> com.android.build.gradle.LibraryExtension
Available extension for module :task:tag | androidComponents -> com.android.build.api.variant.LibraryAndroidComponentsExtension
Available extension for module :task:tag | lintLifecycle -> com.android.build.api.variant.LintLifecycleExtension
Available extension for module :task:tag | buildOutputs -> org.gradle.api.NamedDomainObjectContainer<com.android.build.gradle.api.BaseVariantOutput>
Available extension for module :task:tag | kotlin -> org.jetbrains.kotlin.gradle.dsl.KotlinAndroidProjectExtension
Available extension for module :task:tag | kotlinTestRegistry -> org.jetbrains.kotlin.gradle.testing.internal.KotlinTestsRegistry
Available extension for module :task:tag | spotless -> com.diffplug.gradle.spotless.SpotlessExtension
Available extension for module :task:tag | kapt -> org.jetbrains.kotlin.gradle.plugin.KaptExtension

> Configure project :task:updater
Applying task module group dependencies for module -> :task:updater
Available extension for module :task:updater | ext -> org.gradle.api.plugins.ExtraPropertiesExtension
Available extension for module :task:updater | libs -> org.gradle.accessors.dm.LibrariesForLibs
Available extension for module :task:updater | versionCatalogs -> org.gradle.api.artifacts.VersionCatalogsExtension
Available extension for module :task:updater | base -> org.gradle.api.plugins.BasePluginExtension
Available extension for module :task:updater | sourceSets -> org.gradle.api.tasks.SourceSetContainer
Available extension for module :task:updater | reporting -> org.gradle.api.reporting.ReportingExtension
Available extension for module :task:updater | javaToolchains -> org.gradle.jvm.toolchain.JavaToolchainService
Available extension for module :task:updater | java -> org.gradle.api.plugins.JavaPluginExtension
Available extension for module :task:updater | android -> com.android.build.gradle.LibraryExtension
Available extension for module :task:updater | androidComponents -> com.android.build.api.variant.LibraryAndroidComponentsExtension
Available extension for module :task:updater | lintLifecycle -> com.android.build.api.variant.LintLifecycleExtension
Available extension for module :task:updater | buildOutputs -> org.gradle.api.NamedDomainObjectContainer<com.android.build.gradle.api.BaseVariantOutput>
Available extension for module :task:updater | kotlin -> org.jetbrains.kotlin.gradle.dsl.KotlinAndroidProjectExtension
Available extension for module :task:updater | kotlinTestRegistry -> org.jetbrains.kotlin.gradle.testing.internal.KotlinTestsRegistry
Available extension for module :task:updater | spotless -> com.diffplug.gradle.spotless.SpotlessExtension
Available extension for module :task:updater | kapt -> org.jetbrains.kotlin.gradle.plugin.KaptExtension

> Configure project :task:user
Applying task module group dependencies for module -> :task:user
Available extension for module :task:user | ext -> org.gradle.api.plugins.ExtraPropertiesExtension
Available extension for module :task:user | libs -> org.gradle.accessors.dm.LibrariesForLibs
Available extension for module :task:user | versionCatalogs -> org.gradle.api.artifacts.VersionCatalogsExtension
Available extension for module :task:user | base -> org.gradle.api.plugins.BasePluginExtension
Available extension for module :task:user | sourceSets -> org.gradle.api.tasks.SourceSetContainer
Available extension for module :task:user | reporting -> org.gradle.api.reporting.ReportingExtension
Available extension for module :task:user | javaToolchains -> org.gradle.jvm.toolchain.JavaToolchainService
Available extension for module :task:user | java -> org.gradle.api.plugins.JavaPluginExtension
Available extension for module :task:user | android -> com.android.build.gradle.LibraryExtension
Available extension for module :task:user | androidComponents -> com.android.build.api.variant.LibraryAndroidComponentsExtension
Available extension for module :task:user | lintLifecycle -> com.android.build.api.variant.LintLifecycleExtension
Available extension for module :task:user | buildOutputs -> org.gradle.api.NamedDomainObjectContainer<com.android.build.gradle.api.BaseVariantOutput>
Available extension for module :task:user | kotlin -> org.jetbrains.kotlin.gradle.dsl.KotlinAndroidProjectExtension
Available extension for module :task:user | kotlinTestRegistry -> org.jetbrains.kotlin.gradle.testing.internal.KotlinTestsRegistry
Available extension for module :task:user | spotless -> com.diffplug.gradle.spotless.SpotlessExtension
Available extension for module :task:user | kapt -> org.jetbrains.kotlin.gradle.plugin.KaptExtension

> Configure project :feature:media:carousel
Applying view binding and compose build features for module -> :feature:media:carousel
Applying vector drawables configuration for module -> :feature:media:carousel
Applying shared dependencies for feature module -> :feature:media:carousel
Applying compose dependencies for module -> :feature:media:carousel
Available extension for module :feature:media:carousel | ext -> org.gradle.api.plugins.ExtraPropertiesExtension
Available extension for module :feature:media:carousel | libs -> org.gradle.accessors.dm.LibrariesForLibs
Available extension for module :feature:media:carousel | versionCatalogs -> org.gradle.api.artifacts.VersionCatalogsExtension
Available extension for module :feature:media:carousel | base -> org.gradle.api.plugins.BasePluginExtension
Available extension for module :feature:media:carousel | sourceSets -> org.gradle.api.tasks.SourceSetContainer
Available extension for module :feature:media:carousel | reporting -> org.gradle.api.reporting.ReportingExtension
Available extension for module :feature:media:carousel | javaToolchains -> org.gradle.jvm.toolchain.JavaToolchainService
Available extension for module :feature:media:carousel | java -> org.gradle.api.plugins.JavaPluginExtension
Available extension for module :feature:media:carousel | android -> com.android.build.gradle.LibraryExtension
Available extension for module :feature:media:carousel | androidComponents -> com.android.build.api.variant.LibraryAndroidComponentsExtension
Available extension for module :feature:media:carousel | lintLifecycle -> com.android.build.api.variant.LintLifecycleExtension
Available extension for module :feature:media:carousel | buildOutputs -> org.gradle.api.NamedDomainObjectContainer<com.android.build.gradle.api.BaseVariantOutput>
Available extension for module :feature:media:carousel | kotlin -> org.jetbrains.kotlin.gradle.dsl.KotlinAndroidProjectExtension
Available extension for module :feature:media:carousel | kotlinTestRegistry -> org.jetbrains.kotlin.gradle.testing.internal.KotlinTestsRegistry
Available extension for module :feature:media:carousel | spotless -> com.diffplug.gradle.spotless.SpotlessExtension
Available extension for module :feature:media:carousel | kapt -> org.jetbrains.kotlin.gradle.plugin.KaptExtension
Available extension for module :feature:media:carousel | composeCompiler -> org.jetbrains.kotlin.compose.compiler.gradle.ComposeCompilerGradlePluginExtension

> Configure project :feature:media:discover
Applying view binding and compose build features for module -> :feature:media:discover
Applying vector drawables configuration for module -> :feature:media:discover
Applying shared dependencies for feature module -> :feature:media:discover
Applying compose dependencies for module -> :feature:media:discover
Available extension for module :feature:media:discover | ext -> org.gradle.api.plugins.ExtraPropertiesExtension
Available extension for module :feature:media:discover | libs -> org.gradle.accessors.dm.LibrariesForLibs
Available extension for module :feature:media:discover | versionCatalogs -> org.gradle.api.artifacts.VersionCatalogsExtension
Available extension for module :feature:media:discover | base -> org.gradle.api.plugins.BasePluginExtension
Available extension for module :feature:media:discover | sourceSets -> org.gradle.api.tasks.SourceSetContainer
Available extension for module :feature:media:discover | reporting -> org.gradle.api.reporting.ReportingExtension
Available extension for module :feature:media:discover | javaToolchains -> org.gradle.jvm.toolchain.JavaToolchainService
Available extension for module :feature:media:discover | java -> org.gradle.api.plugins.JavaPluginExtension
Available extension for module :feature:media:discover | android -> com.android.build.gradle.LibraryExtension
Available extension for module :feature:media:discover | androidComponents -> com.android.build.api.variant.LibraryAndroidComponentsExtension
Available extension for module :feature:media:discover | lintLifecycle -> com.android.build.api.variant.LintLifecycleExtension
Available extension for module :feature:media:discover | buildOutputs -> org.gradle.api.NamedDomainObjectContainer<com.android.build.gradle.api.BaseVariantOutput>
Available extension for module :feature:media:discover | kotlin -> org.jetbrains.kotlin.gradle.dsl.KotlinAndroidProjectExtension
Available extension for module :feature:media:discover | kotlinTestRegistry -> org.jetbrains.kotlin.gradle.testing.internal.KotlinTestsRegistry
Available extension for module :feature:media:discover | spotless -> com.diffplug.gradle.spotless.SpotlessExtension
Available extension for module :feature:media:discover | kapt -> org.jetbrains.kotlin.gradle.plugin.KaptExtension
Available extension for module :feature:media:discover | composeCompiler -> org.jetbrains.kotlin.compose.compiler.gradle.ComposeCompilerGradlePluginExtension

> Configure project :feature:medialist:editor
Applying view binding and compose build features for module -> :feature:medialist:editor
Applying vector drawables configuration for module -> :feature:medialist:editor
Applying shared dependencies for feature module -> :feature:medialist:editor
Applying compose dependencies for module -> :feature:medialist:editor
Available extension for module :feature:medialist:editor | ext -> org.gradle.api.plugins.ExtraPropertiesExtension
Available extension for module :feature:medialist:editor | libs -> org.gradle.accessors.dm.LibrariesForLibs
Available extension for module :feature:medialist:editor | versionCatalogs -> org.gradle.api.artifacts.VersionCatalogsExtension
Available extension for module :feature:medialist:editor | base -> org.gradle.api.plugins.BasePluginExtension
Available extension for module :feature:medialist:editor | sourceSets -> org.gradle.api.tasks.SourceSetContainer
Available extension for module :feature:medialist:editor | reporting -> org.gradle.api.reporting.ReportingExtension
Available extension for module :feature:medialist:editor | javaToolchains -> org.gradle.jvm.toolchain.JavaToolchainService
Available extension for module :feature:medialist:editor | java -> org.gradle.api.plugins.JavaPluginExtension
Available extension for module :feature:medialist:editor | android -> com.android.build.gradle.LibraryExtension
Available extension for module :feature:medialist:editor | androidComponents -> com.android.build.api.variant.LibraryAndroidComponentsExtension
Available extension for module :feature:medialist:editor | lintLifecycle -> com.android.build.api.variant.LintLifecycleExtension
Available extension for module :feature:medialist:editor | buildOutputs -> org.gradle.api.NamedDomainObjectContainer<com.android.build.gradle.api.BaseVariantOutput>
Available extension for module :feature:medialist:editor | kotlin -> org.jetbrains.kotlin.gradle.dsl.KotlinAndroidProjectExtension
Available extension for module :feature:medialist:editor | kotlinTestRegistry -> org.jetbrains.kotlin.gradle.testing.internal.KotlinTestsRegistry
Available extension for module :feature:medialist:editor | spotless -> com.diffplug.gradle.spotless.SpotlessExtension
Available extension for module :feature:medialist:editor | kapt -> org.jetbrains.kotlin.gradle.plugin.KaptExtension
Available extension for module :feature:medialist:editor | composeCompiler -> org.jetbrains.kotlin.compose.compiler.gradle.ComposeCompilerGradlePluginExtension

> Configure project :feature:review:discover
Applying view binding and compose build features for module -> :feature:review:discover
Applying vector drawables configuration for module -> :feature:review:discover
Applying shared dependencies for feature module -> :feature:review:discover
Applying compose dependencies for module -> :feature:review:discover
Available extension for module :feature:review:discover | ext -> org.gradle.api.plugins.ExtraPropertiesExtension
Available extension for module :feature:review:discover | libs -> org.gradle.accessors.dm.LibrariesForLibs
Available extension for module :feature:review:discover | versionCatalogs -> org.gradle.api.artifacts.VersionCatalogsExtension
Available extension for module :feature:review:discover | base -> org.gradle.api.plugins.BasePluginExtension
Available extension for module :feature:review:discover | sourceSets -> org.gradle.api.tasks.SourceSetContainer
Available extension for module :feature:review:discover | reporting -> org.gradle.api.reporting.ReportingExtension
Available extension for module :feature:review:discover | javaToolchains -> org.gradle.jvm.toolchain.JavaToolchainService
Available extension for module :feature:review:discover | java -> org.gradle.api.plugins.JavaPluginExtension
Available extension for module :feature:review:discover | android -> com.android.build.gradle.LibraryExtension
Available extension for module :feature:review:discover | androidComponents -> com.android.build.api.variant.LibraryAndroidComponentsExtension
Available extension for module :feature:review:discover | lintLifecycle -> com.android.build.api.variant.LintLifecycleExtension
Available extension for module :feature:review:discover | buildOutputs -> org.gradle.api.NamedDomainObjectContainer<com.android.build.gradle.api.BaseVariantOutput>
Available extension for module :feature:review:discover | kotlin -> org.jetbrains.kotlin.gradle.dsl.KotlinAndroidProjectExtension
Available extension for module :feature:review:discover | kotlinTestRegistry -> org.jetbrains.kotlin.gradle.testing.internal.KotlinTestsRegistry
Available extension for module :feature:review:discover | spotless -> com.diffplug.gradle.spotless.SpotlessExtension
Available extension for module :feature:review:discover | kapt -> org.jetbrains.kotlin.gradle.plugin.KaptExtension
Available extension for module :feature:review:discover | composeCompiler -> org.jetbrains.kotlin.compose.compiler.gradle.ComposeCompilerGradlePluginExtension

> Configure project :feature:media:discover:filter
Applying view binding and compose build features for module -> :feature:media:discover:filter
Applying vector drawables configuration for module -> :feature:media:discover:filter
Applying shared dependencies for feature module -> :feature:media:discover:filter
Applying compose dependencies for module -> :feature:media:discover:filter
Available extension for module :feature:media:discover:filter | ext -> org.gradle.api.plugins.ExtraPropertiesExtension
Available extension for module :feature:media:discover:filter | libs -> org.gradle.accessors.dm.LibrariesForLibs
Available extension for module :feature:media:discover:filter | versionCatalogs -> org.gradle.api.artifacts.VersionCatalogsExtension
Available extension for module :feature:media:discover:filter | base -> org.gradle.api.plugins.BasePluginExtension
Available extension for module :feature:media:discover:filter | sourceSets -> org.gradle.api.tasks.SourceSetContainer
Available extension for module :feature:media:discover:filter | reporting -> org.gradle.api.reporting.ReportingExtension
Available extension for module :feature:media:discover:filter | javaToolchains -> org.gradle.jvm.toolchain.JavaToolchainService
Available extension for module :feature:media:discover:filter | java -> org.gradle.api.plugins.JavaPluginExtension
Available extension for module :feature:media:discover:filter | android -> com.android.build.gradle.LibraryExtension
Available extension for module :feature:media:discover:filter | androidComponents -> com.android.build.api.variant.LibraryAndroidComponentsExtension
Available extension for module :feature:media:discover:filter | lintLifecycle -> com.android.build.api.variant.LintLifecycleExtension
Available extension for module :feature:media:discover:filter | buildOutputs -> org.gradle.api.NamedDomainObjectContainer<com.android.build.gradle.api.BaseVariantOutput>
Available extension for module :feature:media:discover:filter | kotlin -> org.jetbrains.kotlin.gradle.dsl.KotlinAndroidProjectExtension
Available extension for module :feature:media:discover:filter | kotlinTestRegistry -> org.jetbrains.kotlin.gradle.testing.internal.KotlinTestsRegistry
Available extension for module :feature:media:discover:filter | spotless -> com.diffplug.gradle.spotless.SpotlessExtension
Available extension for module :feature:media:discover:filter | kapt -> org.jetbrains.kotlin.gradle.plugin.KaptExtension
Available extension for module :feature:media:discover:filter | composeCompiler -> org.jetbrains.kotlin.compose.compiler.gradle.ComposeCompilerGradlePluginExtension

> Task :common:genre:preBuild UP-TO-DATE
> Task :app:core:preBuild UP-TO-DATE
> Task :android:deeplink:preBuild UP-TO-DATE
> Task :android:core:preBuild UP-TO-DATE
> Task :common:medialist:preBuild UP-TO-DATE
> Task :common:markdown:preBuild UP-TO-DATE
> Task :common:media:preBuild UP-TO-DATE
> Task :common:episode:preBuild UP-TO-DATE
> Task :common:editor:preBuild UP-TO-DATE
> Task :common:character:preBuild UP-TO-DATE
> Task :app:navigation:preBuild UP-TO-DATE
> Task :android:navigation:preBuild UP-TO-DATE
> Task :data:preBuild UP-TO-DATE
> Task :domain:preBuild UP-TO-DATE
> Task :app:navigation:preDebugBuild UP-TO-DATE
> Task :common:genre:preDebugBuild UP-TO-DATE
> Task :app:core:preDebugBuild UP-TO-DATE
> Task :android:core:preDebugBuild UP-TO-DATE
> Task :common:editor:preDebugBuild UP-TO-DATE
> Task :common:episode:preDebugBuild UP-TO-DATE
> Task :common:medialist:preDebugBuild UP-TO-DATE
> Task :common:review:preBuild UP-TO-DATE
> Task :common:media:preDebugBuild UP-TO-DATE
> Task :android:navigation:preDebugBuild UP-TO-DATE
> Task :common:markdown:preDebugBuild UP-TO-DATE
> Task :data:preDebugBuild UP-TO-DATE
> Task :domain:preDebugBuild UP-TO-DATE
> Task :android:deeplink:preDebugBuild UP-TO-DATE
> Task :common:character:preDebugBuild UP-TO-DATE
> Task :common:review:preDebugBuild UP-TO-DATE
> Task :android:core:generateDebugResValues UP-TO-DATE
> Task :common:media:generateDebugResValues UP-TO-DATE
> Task :app:core:generateDebugResValues UP-TO-DATE
> Task :common:genre:generateDebugResValues UP-TO-DATE
> Task :app:navigation:generateDebugResValues UP-TO-DATE
> Task :data:generateDebugResValues UP-TO-DATE
> Task :android:navigation:generateDebugResValues UP-TO-DATE
> Task :common:editor:generateDebugResValues UP-TO-DATE
> Task :domain:generateDebugResValues UP-TO-DATE
> Task :common:episode:generateDebugResValues UP-TO-DATE
> Task :common:markdown:generateDebugResValues UP-TO-DATE
> Task :common:review:generateDebugResValues UP-TO-DATE
> Task :android:deeplink:generateDebugResValues UP-TO-DATE
> Task :common:medialist:generateDebugResValues UP-TO-DATE
> Task :common:character:generateDebugResValues UP-TO-DATE
> Task :data:generateDebugResources UP-TO-DATE
> Task :app:navigation:generateDebugResources UP-TO-DATE
> Task :common:media:generateDebugResources UP-TO-DATE
> Task :common:character:generateDebugResources UP-TO-DATE
> Task :domain:generateDebugResources UP-TO-DATE
> Task :common:genre:generateDebugResources UP-TO-DATE
> Task :common:editor:generateDebugResources UP-TO-DATE
> Task :common:markdown:generateDebugResources UP-TO-DATE
> Task :app:core:generateDebugResources UP-TO-DATE
> Task :common:review:generateDebugResources UP-TO-DATE
> Task :common:episode:generateDebugResources UP-TO-DATE
> Task :common:medialist:generateDebugResources UP-TO-DATE
> Task :android:deeplink:generateDebugResources UP-TO-DATE
> Task :android:navigation:generateDebugResources UP-TO-DATE
> Task :common:shared:preBuild UP-TO-DATE
> Task :common:staff:preBuild UP-TO-DATE
> Task :common:staff:preDebugBuild UP-TO-DATE
> Task :data:core:preBuild UP-TO-DATE
> Task :data:core:preDebugBuild UP-TO-DATE
> Task :common:tag:preBuild UP-TO-DATE
> Task :common:shared:preDebugBuild UP-TO-DATE
> Task :common:tag:preDebugBuild UP-TO-DATE
> Task :data:edge:preBuild UP-TO-DATE
> Task :data:android:preBuild UP-TO-DATE
> Task :data:edge:preDebugBuild UP-TO-DATE
> Task :data:android:preDebugBuild UP-TO-DATE
> Task :data:core:generateDebugResValues UP-TO-DATE
> Task :common:shared:generateDebugResValues UP-TO-DATE
> Task :common:tag:generateDebugResValues UP-TO-DATE
> Task :common:staff:generateDebugResValues UP-TO-DATE
> Task :data:android:generateDebugResValues UP-TO-DATE
> Task :app:preBuild UP-TO-DATE
> Task :app:preGithubDebugBuild UP-TO-DATE
> Task :data:edge:generateDebugResValues UP-TO-DATE
> Task :domain:packageDebugResources UP-TO-DATE
> Task :common:staff:generateDebugResources UP-TO-DATE
> Task :data:core:generateDebugResources UP-TO-DATE
> Task :data:android:generateDebugResources UP-TO-DATE
> Task :app:mergeGithubDebugNativeDebugMetadata NO-SOURCE
> Task :common:editor:packageDebugResources UP-TO-DATE
> Task :app:checkKotlinGradlePluginConfigurationErrors SKIPPED
> Task :app:navigation:packageDebugResources UP-TO-DATE
> Task :data:imgur:preBuild UP-TO-DATE
> Task :common:markdown:packageDebugResources UP-TO-DATE
> Task :data:imgur:preDebugBuild UP-TO-DATE
> Task :common:character:packageDebugResources UP-TO-DATE
> Task :data:packageDebugResources UP-TO-DATE
> Task :data:edge:generateDebugResources UP-TO-DATE
> Task :common:tag:generateDebugResources UP-TO-DATE
> Task :data:feed:preBuild UP-TO-DATE
> Task :data:feed:preDebugBuild UP-TO-DATE
> Task :feature:about:preBuild UP-TO-DATE
> Task :data:settings:preBuild UP-TO-DATE
> Task :feature:about:preDebugBuild UP-TO-DATE
> Task :data:settings:preDebugBuild UP-TO-DATE
> Task :feature:account:preBuild UP-TO-DATE
> Task :data:imgur:generateDebugResValues UP-TO-DATE
> Task :feature:about:generateDebugResValues UP-TO-DATE
> Task :feature:account:preDebugBuild UP-TO-DATE
> Task :data:feed:generateDebugResValues UP-TO-DATE
> Task :common:shared:generateDebugResources UP-TO-DATE
> Task :data:settings:generateDebugResValues UP-TO-DATE
> Task :android:core:generateDebugResources UP-TO-DATE
> Task :feature:airing:preBuild UP-TO-DATE
> Task :feature:airing:preDebugBuild UP-TO-DATE
> Task :feature:auth:preBuild UP-TO-DATE
> Task :feature:auth:preDebugBuild UP-TO-DATE
> Task :data:imgur:generateDebugResources UP-TO-DATE
> Task :feature:about:generateDebugResources UP-TO-DATE
> Task :feature:character:preBuild UP-TO-DATE
> Task :feature:character:preDebugBuild UP-TO-DATE
> Task :feature:auth:generateDebugResValues UP-TO-DATE
> Task :common:genre:packageDebugResources UP-TO-DATE
> Task :feature:airing:generateDebugResValues UP-TO-DATE
> Task :feature:account:generateDebugResValues UP-TO-DATE
> Task :feature:episode:preBuild UP-TO-DATE
> Task :common:media:packageDebugResources UP-TO-DATE
> Task :data:feed:generateDebugResources UP-TO-DATE
> Task :feature:episode:preDebugBuild UP-TO-DATE
> Task :feature:feed:preBuild UP-TO-DATE
> Task :feature:feed:preDebugBuild UP-TO-DATE
> Task :data:settings:generateDebugResources UP-TO-DATE
> Task :feature:character:generateDebugResValues UP-TO-DATE
> Task :feature:forum:preBuild UP-TO-DATE
> Task :feature:feed:generateDebugResValues UP-TO-DATE
> Task :feature:episode:generateDebugResValues UP-TO-DATE
> Task :android:deeplink:packageDebugResources UP-TO-DATE
> Task :feature:forum:preDebugBuild UP-TO-DATE
> Task :feature:airing:generateDebugResources UP-TO-DATE
> Task :feature:forum:generateDebugResValues UP-TO-DATE
> Task :feature:image-viewer:preBuild UP-TO-DATE
> Task :common:medialist:packageDebugResources UP-TO-DATE
> Task :feature:image-viewer:preDebugBuild UP-TO-DATE
> Task :feature:character:generateDebugResources UP-TO-DATE
> Task :feature:episode:generateDebugResources UP-TO-DATE
> Task :feature:auth:generateDebugResources UP-TO-DATE
> Task :feature:account:generateDebugResources UP-TO-DATE
> Task :feature:media:preBuild UP-TO-DATE
> Task :feature:medialist:preBuild UP-TO-DATE
> Task :feature:feed:generateDebugResources UP-TO-DATE
> Task :feature:media:preDebugBuild UP-TO-DATE
> Task :feature:news:preBuild UP-TO-DATE
> Task :feature:notification:preBuild UP-TO-DATE
> Task :feature:medialist:preDebugBuild UP-TO-DATE
> Task :feature:notification:preDebugBuild UP-TO-DATE
> Task :feature:news:preDebugBuild UP-TO-DATE
> Task :feature:profile:preBuild UP-TO-DATE
> Task :feature:media:generateDebugResValues UP-TO-DATE
> Task :feature:image-viewer:generateDebugResValues UP-TO-DATE
> Task :feature:medialist:generateDebugResValues UP-TO-DATE
> Task :common:review:packageDebugResources UP-TO-DATE
> Task :feature:profile:preDebugBuild UP-TO-DATE
> Task :common:staff:packageDebugResources UP-TO-DATE
> Task :feature:forum:generateDebugResources UP-TO-DATE
> Task :feature:notification:generateDebugResValues UP-TO-DATE
> Task :common:episode:packageDebugResources UP-TO-DATE
> Task :feature:news:generateDebugResValues UP-TO-DATE
> Task :feature:recommendation:preBuild UP-TO-DATE
> Task :feature:profile:generateDebugResValues UP-TO-DATE
> Task :feature:recommendation:preDebugBuild UP-TO-DATE
> Task :feature:medialist:generateDebugResources UP-TO-DATE
> Task :feature:image-viewer:generateDebugResources UP-TO-DATE
> Task :feature:media:generateDebugResources UP-TO-DATE
> Task :feature:review:preBuild UP-TO-DATE
> Task :feature:notification:generateDebugResources UP-TO-DATE
> Task :feature:news:generateDebugResources UP-TO-DATE
> Task :feature:recommendation:generateDebugResValues UP-TO-DATE
> Task :common:tag:packageDebugResources UP-TO-DATE
> Task :feature:search:preBuild UP-TO-DATE
> Task :feature:review:preDebugBuild UP-TO-DATE
> Task :common:shared:packageDebugResources UP-TO-DATE
> Task :feature:profile:generateDebugResources UP-TO-DATE
> Task :feature:settings:preBuild UP-TO-DATE
> Task :feature:settings:preDebugBuild UP-TO-DATE
> Task :feature:staff:preBuild UP-TO-DATE
> Task :feature:search:preDebugBuild UP-TO-DATE
> Task :feature:studio:preBuild UP-TO-DATE
> Task :feature:review:generateDebugResValues UP-TO-DATE
> Task :data:android:packageDebugResources UP-TO-DATE
> Task :data:core:packageDebugResources UP-TO-DATE
> Task :feature:studio:preDebugBuild UP-TO-DATE
> Task :app:core:packageDebugResources UP-TO-DATE
> Task :android:navigation:packageDebugResources UP-TO-DATE
> Task :data:edge:packageDebugResources UP-TO-DATE
> Task :feature:settings:generateDebugResValues UP-TO-DATE
> Task :feature:recommendation:generateDebugResources UP-TO-DATE
> Task :feature:staff:preDebugBuild UP-TO-DATE
> Task :feature:search:generateDebugResValues UP-TO-DATE
> Task :feature:suggestion:preBuild UP-TO-DATE
> Task :feature:suggestion:preDebugBuild UP-TO-DATE
> Task :feature:updater:preBuild UP-TO-DATE
> Task :feature:updater:preDebugBuild UP-TO-DATE
> Task :feature:review:generateDebugResources UP-TO-DATE
> Task :feature:studio:generateDebugResValues UP-TO-DATE
> Task :feature:staff:generateDebugResValues UP-TO-DATE
> Task :data:imgur:packageDebugResources UP-TO-DATE
> Task :feature:settings:generateDebugResources UP-TO-DATE
> Task :data:feed:packageDebugResources UP-TO-DATE
> Task :task:account:preBuild UP-TO-DATE
> Task :feature:updater:generateDebugResValues UP-TO-DATE
> Task :feature:search:generateDebugResources UP-TO-DATE
> Task :feature:suggestion:generateDebugResValues UP-TO-DATE
> Task :task:character:preBuild UP-TO-DATE
> Task :task:account:preDebugBuild UP-TO-DATE
> Task :task:character:preDebugBuild UP-TO-DATE
> Task :data:settings:packageDebugResources UP-TO-DATE
> Task :feature:account:packageDebugResources UP-TO-DATE
> Task :feature:studio:generateDebugResources UP-TO-DATE
> Task :task:config:preBuild UP-TO-DATE
> Task :task:config:preDebugBuild UP-TO-DATE
> Task :feature:staff:generateDebugResources UP-TO-DATE
> Task :task:account:generateDebugResValues UP-TO-DATE
> Task :task:episode:preBuild UP-TO-DATE
> Task :task:character:generateDebugResValues UP-TO-DATE
> Task :task:episode:preDebugBuild UP-TO-DATE
> Task :feature:updater:generateDebugResources UP-TO-DATE
> Task :feature:suggestion:generateDebugResources UP-TO-DATE
> Task :task:config:generateDebugResValues UP-TO-DATE
> Task :feature:airing:packageDebugResources UP-TO-DATE
> Task :task:favourite:preBuild UP-TO-DATE
> Task :task:favourite:preDebugBuild UP-TO-DATE
> Task :task:feed:preBuild UP-TO-DATE
> Task :task:forum:preBuild UP-TO-DATE
> Task :task:feed:preDebugBuild UP-TO-DATE
> Task :task:account:generateDebugResources UP-TO-DATE
> Task :task:episode:generateDebugResValues UP-TO-DATE
> Task :task:forum:preDebugBuild UP-TO-DATE
> Task :task:character:generateDebugResources UP-TO-DATE
> Task :task:config:generateDebugResources UP-TO-DATE
> Task :feature:character:packageDebugResources UP-TO-DATE
> Task :task:favourite:generateDebugResValues UP-TO-DATE
> Task :feature:episode:packageDebugResources UP-TO-DATE
> Task :task:genre:preBuild UP-TO-DATE
> Task :task:media:preBuild UP-TO-DATE
> Task :feature:forum:packageDebugResources UP-TO-DATE
> Task :task:medialist:preBuild UP-TO-DATE
> Task :feature:feed:packageDebugResources UP-TO-DATE
> Task :task:genre:preDebugBuild UP-TO-DATE
> Task :task:feed:generateDebugResValues UP-TO-DATE
> Task :task:forum:generateDebugResValues UP-TO-DATE
> Task :task:episode:generateDebugResources UP-TO-DATE
> Task :task:media:preDebugBuild UP-TO-DATE
> Task :task:medialist:preDebugBuild UP-TO-DATE
> Task :task:news:preBuild UP-TO-DATE
> Task :task:favourite:generateDebugResources UP-TO-DATE
> Task :task:forum:generateDebugResources UP-TO-DATE
> Task :task:news:preDebugBuild UP-TO-DATE
> Task :task:feed:generateDebugResources UP-TO-DATE
> Task :task:genre:generateDebugResValues UP-TO-DATE
> Task :task:media:generateDebugResValues UP-TO-DATE
> Task :task:medialist:generateDebugResValues UP-TO-DATE
> Task :android:core:packageDebugResources UP-TO-DATE
> Task :task:recommendation:preBuild UP-TO-DATE
> Task :task:review:preBuild UP-TO-DATE
> Task :feature:about:packageDebugResources UP-TO-DATE
> Task :task:staff:preBuild UP-TO-DATE
> Task :task:recommendation:preDebugBuild UP-TO-DATE
> Task :task:review:preDebugBuild UP-TO-DATE
> Task :task:staff:preDebugBuild UP-TO-DATE
> Task :task:news:generateDebugResValues UP-TO-DATE
> Task :task:genre:generateDebugResources UP-TO-DATE
> Task :task:medialist:generateDebugResources UP-TO-DATE
> Task :task:media:generateDebugResources UP-TO-DATE
> Task :feature:image-viewer:packageDebugResources UP-TO-DATE
> Task :task:review:generateDebugResValues UP-TO-DATE
> Task :task:recommendation:generateDebugResValues UP-TO-DATE
> Task :feature:media:packageDebugResources UP-TO-DATE
> Task :feature:medialist:packageDebugResources UP-TO-DATE
> Task :task:studio:preBuild UP-TO-DATE
> Task :task:staff:generateDebugResValues UP-TO-DATE
> Task :feature:news:packageDebugResources UP-TO-DATE
> Task :task:tag:preBuild UP-TO-DATE
> Task :task:news:generateDebugResources UP-TO-DATE
> Task :task:studio:preDebugBuild UP-TO-DATE
> Task :feature:notification:packageDebugResources UP-TO-DATE
> Task :task:tag:preDebugBuild UP-TO-DATE
> Task :feature:auth:packageDebugResources UP-TO-DATE
> Task :task:review:generateDebugResources UP-TO-DATE
> Task :task:recommendation:generateDebugResources UP-TO-DATE
> Task :task:updater:preBuild UP-TO-DATE
> Task :task:user:preBuild UP-TO-DATE
> Task :feature:media:carousel:preBuild UP-TO-DATE
> Task :feature:media:carousel:preDebugBuild UP-TO-DATE
> Task :task:updater:preDebugBuild UP-TO-DATE
> Task :task:user:preDebugBuild UP-TO-DATE
> Task :feature:media:discover:preBuild UP-TO-DATE
> Task :task:tag:generateDebugResValues UP-TO-DATE
> Task :task:staff:generateDebugResources UP-TO-DATE
> Task :task:studio:generateDebugResValues UP-TO-DATE
> Task :feature:recommendation:packageDebugResources UP-TO-DATE
> Task :feature:profile:packageDebugResources UP-TO-DATE
> Task :feature:media:discover:preDebugBuild UP-TO-DATE
> Task :feature:media:carousel:generateDebugResValues UP-TO-DATE
> Task :task:updater:generateDebugResValues UP-TO-DATE
> Task :feature:medialist:editor:preBuild UP-TO-DATE
> Task :task:user:generateDebugResValues UP-TO-DATE
> Task :feature:medialist:editor:preDebugBuild UP-TO-DATE
> Task :feature:review:packageDebugResources UP-TO-DATE
> Task :feature:staff:packageDebugResources UP-TO-DATE
> Task :feature:search:packageDebugResources UP-TO-DATE
> Task :feature:settings:packageDebugResources UP-TO-DATE
> Task :task:studio:generateDebugResources UP-TO-DATE
> Task :task:tag:generateDebugResources UP-TO-DATE
> Task :feature:media:discover:generateDebugResValues UP-TO-DATE
> Task :feature:studio:packageDebugResources UP-TO-DATE
> Task :feature:suggestion:packageDebugResources UP-TO-DATE
> Task :task:updater:generateDebugResources UP-TO-DATE
> Task :feature:media:carousel:generateDebugResources UP-TO-DATE
> Task :feature:review:discover:preBuild UP-TO-DATE
> Task :feature:media:discover:filter:preBuild UP-TO-DATE
> Task :feature:review:discover:preDebugBuild UP-TO-DATE
> Task :feature:medialist:editor:generateDebugResValues UP-TO-DATE
> Task :task:user:generateDebugResources UP-TO-DATE
> Task :feature:media:discover:filter:preDebugBuild UP-TO-DATE
> Task :feature:updater:packageDebugResources UP-TO-DATE
> Task :task:account:packageDebugResources UP-TO-DATE
> Task :feature:media:discover:generateDebugResources UP-TO-DATE
> Task :domain:processDebugNavigationResources UP-TO-DATE
> Task :feature:media:discover:filter:generateDebugResValues UP-TO-DATE
> Task :data:processDebugNavigationResources UP-TO-DATE
> Task :android:core:processDebugNavigationResources UP-TO-DATE
> Task :feature:review:discover:generateDebugResValues UP-TO-DATE
> Task :feature:medialist:editor:generateDebugResources UP-TO-DATE
> Task :task:character:packageDebugResources UP-TO-DATE
> Task :android:deeplink:processDebugNavigationResources UP-TO-DATE
> Task :android:navigation:processDebugNavigationResources UP-TO-DATE
> Task :app:core:processDebugNavigationResources UP-TO-DATE
> Task :app:navigation:processDebugNavigationResources UP-TO-DATE
> Task :task:episode:packageDebugResources UP-TO-DATE
> Task :task:config:packageDebugResources UP-TO-DATE
> Task :task:favourite:packageDebugResources UP-TO-DATE
> Task :feature:media:discover:filter:generateDebugResources UP-TO-DATE
> Task :feature:review:discover:generateDebugResources UP-TO-DATE
> Task :task:feed:packageDebugResources UP-TO-DATE
> Task :task:forum:packageDebugResources UP-TO-DATE
> Task :common:character:processDebugNavigationResources UP-TO-DATE
> Task :task:genre:packageDebugResources UP-TO-DATE
> Task :task:media:packageDebugResources UP-TO-DATE
> Task :common:episode:processDebugNavigationResources UP-TO-DATE
> Task :common:editor:processDebugNavigationResources UP-TO-DATE
> Task :common:genre:processDebugNavigationResources UP-TO-DATE
> Task :common:markdown:processDebugNavigationResources UP-TO-DATE
> Task :common:media:processDebugNavigationResources UP-TO-DATE
> Task :common:medialist:processDebugNavigationResources UP-TO-DATE
> Task :common:review:processDebugNavigationResources UP-TO-DATE
> Task :common:shared:processDebugNavigationResources UP-TO-DATE
> Task :data:android:processDebugNavigationResources UP-TO-DATE
> Task :common:staff:processDebugNavigationResources UP-TO-DATE
> Task :common:tag:processDebugNavigationResources UP-TO-DATE
> Task :task:medialist:packageDebugResources UP-TO-DATE
> Task :task:news:packageDebugResources UP-TO-DATE
> Task :data:core:processDebugNavigationResources UP-TO-DATE
> Task :task:recommendation:packageDebugResources UP-TO-DATE
> Task :data:edge:processDebugNavigationResources UP-TO-DATE
> Task :task:review:packageDebugResources UP-TO-DATE
> Task :data:feed:processDebugNavigationResources UP-TO-DATE
> Task :task:staff:packageDebugResources UP-TO-DATE
> Task :data:settings:processDebugNavigationResources UP-TO-DATE
> Task :data:imgur:processDebugNavigationResources UP-TO-DATE
> Task :feature:account:processDebugNavigationResources UP-TO-DATE
> Task :feature:about:processDebugNavigationResources UP-TO-DATE
> Task :task:tag:packageDebugResources UP-TO-DATE
> Task :feature:airing:processDebugNavigationResources UP-TO-DATE
> Task :task:updater:packageDebugResources UP-TO-DATE
> Task :task:studio:packageDebugResources UP-TO-DATE
> Task :feature:auth:processDebugNavigationResources UP-TO-DATE
> Task :feature:episode:processDebugNavigationResources UP-TO-DATE
> Task :feature:character:processDebugNavigationResources UP-TO-DATE
> Task :feature:feed:processDebugNavigationResources UP-TO-DATE
> Task :feature:forum:processDebugNavigationResources UP-TO-DATE
> Task :feature:image-viewer:processDebugNavigationResources UP-TO-DATE
> Task :feature:medialist:processDebugNavigationResources UP-TO-DATE
> Task :feature:news:processDebugNavigationResources UP-TO-DATE
> Task :feature:media:processDebugNavigationResources UP-TO-DATE
> Task :feature:profile:processDebugNavigationResources UP-TO-DATE
> Task :feature:notification:processDebugNavigationResources UP-TO-DATE
> Task :feature:search:processDebugNavigationResources UP-TO-DATE
> Task :feature:review:processDebugNavigationResources UP-TO-DATE
> Task :task:user:packageDebugResources UP-TO-DATE
> Task :feature:media:carousel:packageDebugResources UP-TO-DATE
> Task :feature:recommendation:processDebugNavigationResources UP-TO-DATE
> Task :feature:settings:processDebugNavigationResources UP-TO-DATE
> Task :feature:staff:processDebugNavigationResources UP-TO-DATE
> Task :feature:suggestion:processDebugNavigationResources UP-TO-DATE
> Task :feature:updater:processDebugNavigationResources UP-TO-DATE
> Task :feature:studio:processDebugNavigationResources UP-TO-DATE
> Task :task:account:processDebugNavigationResources UP-TO-DATE
> Task :feature:media:discover:packageDebugResources UP-TO-DATE
> Task :task:character:processDebugNavigationResources UP-TO-DATE
> Task :task:config:processDebugNavigationResources UP-TO-DATE
> Task :feature:medialist:editor:packageDebugResources UP-TO-DATE
> Task :feature:review:discover:packageDebugResources UP-TO-DATE
> Task :task:episode:processDebugNavigationResources UP-TO-DATE
> Task :task:favourite:processDebugNavigationResources UP-TO-DATE
> Task :task:genre:processDebugNavigationResources UP-TO-DATE
> Task :task:feed:processDebugNavigationResources UP-TO-DATE
> Task :task:forum:processDebugNavigationResources UP-TO-DATE
> Task :task:media:processDebugNavigationResources UP-TO-DATE
> Task :task:medialist:processDebugNavigationResources UP-TO-DATE
> Task :task:news:processDebugNavigationResources UP-TO-DATE
> Task :task:recommendation:processDebugNavigationResources UP-TO-DATE
> Task :task:tag:processDebugNavigationResources UP-TO-DATE
> Task :feature:media:discover:filter:packageDebugResources UP-TO-DATE
> Task :task:studio:processDebugNavigationResources UP-TO-DATE
> Task :task:review:processDebugNavigationResources UP-TO-DATE
> Task :task:user:processDebugNavigationResources UP-TO-DATE
> Task :task:updater:processDebugNavigationResources UP-TO-DATE
> Task :task:staff:processDebugNavigationResources UP-TO-DATE
> Task :feature:media:carousel:processDebugNavigationResources UP-TO-DATE
> Task :feature:media:discover:processDebugNavigationResources UP-TO-DATE
> Task :feature:review:discover:processDebugNavigationResources UP-TO-DATE
> Task :feature:medialist:editor:processDebugNavigationResources UP-TO-DATE
> Task :feature:media:discover:filter:processDebugNavigationResources UP-TO-DATE
> Task :data:settings:parseDebugLocalResources UP-TO-DATE
> Task :data:android:parseDebugLocalResources UP-TO-DATE
> Task :data:imgur:parseDebugLocalResources UP-TO-DATE
> Task :domain:parseDebugLocalResources UP-TO-DATE
> Task :common:markdown:parseDebugLocalResources UP-TO-DATE
> Task :data:edge:parseDebugLocalResources UP-TO-DATE
> Task :data:parseDebugLocalResources UP-TO-DATE
> Task :app:navigation:parseDebugLocalResources UP-TO-DATE
> Task :data:core:parseDebugLocalResources UP-TO-DATE
> Task :data:feed:parseDebugLocalResources UP-TO-DATE
> Task :domain:generateDebugRFile UP-TO-DATE
> Task :common:markdown:generateDebugRFile UP-TO-DATE
> Task :data:imgur:generateDebugRFile UP-TO-DATE
> Task :data:core:generateDebugRFile UP-TO-DATE
> Task :data:settings:generateDebugRFile UP-TO-DATE
> Task :data:edge:generateDebugRFile UP-TO-DATE
> Task :data:generateDebugRFile UP-TO-DATE
> Task :data:android:generateDebugRFile UP-TO-DATE
> Task :data:feed:generateDebugRFile UP-TO-DATE
> Task :app:navigation:generateDebugRFile UP-TO-DATE
> Task :common:editor:parseDebugLocalResources UP-TO-DATE
> Task :common:character:parseDebugLocalResources UP-TO-DATE
> Task :common:media:parseDebugLocalResources UP-TO-DATE
> Task :common:episode:parseDebugLocalResources UP-TO-DATE
> Task :common:genre:parseDebugLocalResources UP-TO-DATE
> Task :common:medialist:parseDebugLocalResources UP-TO-DATE
> Task :common:review:parseDebugLocalResources UP-TO-DATE
> Task :common:staff:parseDebugLocalResources UP-TO-DATE
> Task :common:tag:parseDebugLocalResources UP-TO-DATE
> Task :common:episode:generateDebugRFile UP-TO-DATE
> Task :common:media:generateDebugRFile UP-TO-DATE
> Task :common:genre:generateDebugRFile UP-TO-DATE
> Task :common:review:generateDebugRFile UP-TO-DATE
> Task :common:editor:generateDebugRFile UP-TO-DATE
> Task :common:medialist:generateDebugRFile UP-TO-DATE
> Task :common:character:generateDebugRFile UP-TO-DATE
> Task :common:tag:generateDebugRFile UP-TO-DATE
> Task :common:staff:generateDebugRFile UP-TO-DATE
> Task :feature:about:parseDebugLocalResources UP-TO-DATE
> Task :feature:account:parseDebugLocalResources UP-TO-DATE
> Task :feature:airing:parseDebugLocalResources UP-TO-DATE
> Task :feature:auth:parseDebugLocalResources UP-TO-DATE
> Task :feature:feed:parseDebugLocalResources UP-TO-DATE
> Task :feature:episode:parseDebugLocalResources UP-TO-DATE
> Task :feature:character:parseDebugLocalResources UP-TO-DATE
> Task :feature:image-viewer:parseDebugLocalResources UP-TO-DATE
> Task :feature:account:generateDebugRFile UP-TO-DATE
> Task :feature:about:generateDebugRFile UP-TO-DATE
> Task :feature:airing:generateDebugRFile UP-TO-DATE
> Task :feature:auth:generateDebugRFile UP-TO-DATE
> Task :feature:forum:parseDebugLocalResources UP-TO-DATE
> Task :feature:feed:generateDebugRFile UP-TO-DATE
> Task :feature:news:parseDebugLocalResources UP-TO-DATE
> Task :feature:medialist:parseDebugLocalResources UP-TO-DATE
> Task :feature:media:parseDebugLocalResources UP-TO-DATE
> Task :feature:notification:parseDebugLocalResources UP-TO-DATE
> Task :feature:episode:generateDebugRFile UP-TO-DATE
> Task :feature:character:generateDebugRFile UP-TO-DATE
> Task :feature:image-viewer:generateDebugRFile UP-TO-DATE
> Task :feature:profile:parseDebugLocalResources UP-TO-DATE
> Task :feature:forum:generateDebugRFile UP-TO-DATE
> Task :feature:notification:generateDebugRFile UP-TO-DATE
> Task :feature:news:generateDebugRFile UP-TO-DATE
> Task :feature:media:generateDebugRFile UP-TO-DATE
> Task :feature:medialist:generateDebugRFile UP-TO-DATE
> Task :feature:profile:generateDebugRFile UP-TO-DATE
> Task :feature:review:parseDebugLocalResources UP-TO-DATE
> Task :feature:staff:parseDebugLocalResources UP-TO-DATE
> Task :feature:search:parseDebugLocalResources UP-TO-DATE
> Task :feature:recommendation:parseDebugLocalResources UP-TO-DATE
> Task :feature:suggestion:parseDebugLocalResources UP-TO-DATE
> Task :feature:updater:parseDebugLocalResources UP-TO-DATE
> Task :feature:studio:parseDebugLocalResources UP-TO-DATE
> Task :feature:settings:parseDebugLocalResources UP-TO-DATE
> Task :feature:staff:generateDebugRFile UP-TO-DATE
> Task :task:account:parseDebugLocalResources UP-TO-DATE
> Task :feature:review:generateDebugRFile UP-TO-DATE
> Task :feature:suggestion:generateDebugRFile UP-TO-DATE
> Task :feature:recommendation:generateDebugRFile UP-TO-DATE
> Task :feature:updater:generateDebugRFile UP-TO-DATE
> Task :feature:studio:generateDebugRFile UP-TO-DATE
> Task :feature:search:generateDebugRFile UP-TO-DATE
> Task :feature:settings:generateDebugRFile UP-TO-DATE
> Task :task:character:parseDebugLocalResources UP-TO-DATE
> Task :task:account:generateDebugRFile UP-TO-DATE
> Task :task:episode:parseDebugLocalResources UP-TO-DATE
> Task :task:forum:parseDebugLocalResources UP-TO-DATE
> Task :task:feed:parseDebugLocalResources UP-TO-DATE
> Task :task:config:parseDebugLocalResources UP-TO-DATE
> Task :task:favourite:parseDebugLocalResources UP-TO-DATE
> Task :task:media:parseDebugLocalResources UP-TO-DATE
> Task :task:genre:parseDebugLocalResources UP-TO-DATE
> Task :task:character:generateDebugRFile UP-TO-DATE
> Task :task:episode:generateDebugRFile UP-TO-DATE
> Task :task:feed:generateDebugRFile UP-TO-DATE
> Task :task:config:generateDebugRFile UP-TO-DATE
> Task :task:medialist:parseDebugLocalResources UP-TO-DATE
> Task :task:favourite:generateDebugRFile UP-TO-DATE
> Task :task:forum:generateDebugRFile UP-TO-DATE
> Task :task:media:generateDebugRFile UP-TO-DATE
> Task :task:genre:generateDebugRFile UP-TO-DATE
> Task :task:review:parseDebugLocalResources UP-TO-DATE
> Task :task:recommendation:parseDebugLocalResources UP-TO-DATE
> Task :task:news:parseDebugLocalResources UP-TO-DATE
> Task :task:staff:parseDebugLocalResources UP-TO-DATE
> Task :task:medialist:generateDebugRFile UP-TO-DATE
> Task :task:studio:parseDebugLocalResources UP-TO-DATE
> Task :task:user:parseDebugLocalResources UP-TO-DATE
> Task :task:tag:parseDebugLocalResources UP-TO-DATE
> Task :task:updater:parseDebugLocalResources UP-TO-DATE
> Task :feature:media:carousel:parseDebugLocalResources UP-TO-DATE
> Task :task:recommendation:generateDebugRFile UP-TO-DATE
> Task :task:news:generateDebugRFile UP-TO-DATE
> Task :task:review:generateDebugRFile UP-TO-DATE
> Task :task:staff:generateDebugRFile UP-TO-DATE
> Task :task:studio:generateDebugRFile UP-TO-DATE
> Task :task:user:generateDebugRFile UP-TO-DATE
> Task :feature:media:discover:parseDebugLocalResources UP-TO-DATE
> Task :feature:media:discover:filter:parseDebugLocalResources UP-TO-DATE
> Task :feature:medialist:editor:parseDebugLocalResources UP-TO-DATE
> Task :task:updater:generateDebugRFile UP-TO-DATE
> Task :feature:review:discover:parseDebugLocalResources UP-TO-DATE
> Task :feature:media:carousel:generateDebugRFile UP-TO-DATE
> Task :task:tag:generateDebugRFile UP-TO-DATE
> Task :data:writeDebugAarMetadata UP-TO-DATE
> Task :domain:writeDebugAarMetadata UP-TO-DATE
> Task :app:navigation:writeDebugAarMetadata UP-TO-DATE
> Task :common:editor:writeDebugAarMetadata UP-TO-DATE
> Task :common:character:writeDebugAarMetadata UP-TO-DATE
> Task :feature:media:discover:generateDebugRFile UP-TO-DATE
> Task :feature:media:discover:filter:generateDebugRFile UP-TO-DATE
> Task :common:episode:writeDebugAarMetadata UP-TO-DATE
> Task :feature:medialist:editor:generateDebugRFile UP-TO-DATE
> Task :common:genre:writeDebugAarMetadata UP-TO-DATE
> Task :feature:review:discover:generateDebugRFile UP-TO-DATE
> Task :common:medialist:writeDebugAarMetadata UP-TO-DATE
> Task :common:media:writeDebugAarMetadata UP-TO-DATE
> Task :common:staff:writeDebugAarMetadata UP-TO-DATE
> Task :common:review:writeDebugAarMetadata UP-TO-DATE
> Task :common:tag:writeDebugAarMetadata UP-TO-DATE
> Task :data:core:writeDebugAarMetadata UP-TO-DATE
> Task :data:android:writeDebugAarMetadata UP-TO-DATE
> Task :data:feed:writeDebugAarMetadata UP-TO-DATE
> Task :data:edge:writeDebugAarMetadata UP-TO-DATE
> Task :data:imgur:writeDebugAarMetadata UP-TO-DATE
> Task :data:settings:writeDebugAarMetadata UP-TO-DATE
> Task :feature:airing:writeDebugAarMetadata UP-TO-DATE
> Task :feature:account:writeDebugAarMetadata UP-TO-DATE
> Task :feature:auth:writeDebugAarMetadata UP-TO-DATE
> Task :feature:about:writeDebugAarMetadata UP-TO-DATE
> Task :feature:character:writeDebugAarMetadata UP-TO-DATE
> Task :feature:episode:writeDebugAarMetadata UP-TO-DATE
> Task :feature:feed:writeDebugAarMetadata UP-TO-DATE
> Task :feature:forum:writeDebugAarMetadata UP-TO-DATE
> Task :feature:image-viewer:writeDebugAarMetadata UP-TO-DATE
> Task :feature:media:writeDebugAarMetadata UP-TO-DATE
> Task :feature:medialist:writeDebugAarMetadata UP-TO-DATE
> Task :feature:news:writeDebugAarMetadata UP-TO-DATE
> Task :feature:notification:writeDebugAarMetadata UP-TO-DATE
> Task :feature:profile:writeDebugAarMetadata UP-TO-DATE
> Task :feature:review:writeDebugAarMetadata UP-TO-DATE
> Task :feature:recommendation:writeDebugAarMetadata UP-TO-DATE
> Task :feature:settings:writeDebugAarMetadata UP-TO-DATE
> Task :feature:search:writeDebugAarMetadata UP-TO-DATE
> Task :feature:staff:writeDebugAarMetadata UP-TO-DATE
> Task :feature:studio:writeDebugAarMetadata UP-TO-DATE
> Task :feature:suggestion:writeDebugAarMetadata UP-TO-DATE
> Task :task:account:writeDebugAarMetadata UP-TO-DATE
> Task :task:character:writeDebugAarMetadata UP-TO-DATE
> Task :feature:updater:writeDebugAarMetadata UP-TO-DATE
> Task :task:config:writeDebugAarMetadata UP-TO-DATE
> Task :task:feed:writeDebugAarMetadata UP-TO-DATE
> Task :task:favourite:writeDebugAarMetadata UP-TO-DATE
> Task :task:episode:writeDebugAarMetadata UP-TO-DATE
> Task :task:forum:writeDebugAarMetadata UP-TO-DATE
> Task :task:media:writeDebugAarMetadata UP-TO-DATE
> Task :task:genre:writeDebugAarMetadata UP-TO-DATE
> Task :task:recommendation:writeDebugAarMetadata UP-TO-DATE
> Task :task:review:writeDebugAarMetadata UP-TO-DATE
> Task :task:medialist:writeDebugAarMetadata UP-TO-DATE
> Task :task:staff:writeDebugAarMetadata UP-TO-DATE
> Task :task:news:writeDebugAarMetadata UP-TO-DATE
> Task :task:studio:writeDebugAarMetadata UP-TO-DATE
> Task :task:tag:writeDebugAarMetadata UP-TO-DATE
> Task :task:user:writeDebugAarMetadata UP-TO-DATE
> Task :task:updater:writeDebugAarMetadata UP-TO-DATE
> Task :feature:media:carousel:writeDebugAarMetadata UP-TO-DATE
> Task :feature:media:discover:writeDebugAarMetadata UP-TO-DATE
> Task :feature:review:discover:writeDebugAarMetadata UP-TO-DATE
> Task :feature:medialist:editor:writeDebugAarMetadata UP-TO-DATE
> Task :feature:media:discover:filter:writeDebugAarMetadata UP-TO-DATE
> Task :domain:extractDeepLinksDebug UP-TO-DATE
> Task :data:extractDeepLinksDebug UP-TO-DATE
> Task :app:navigation:extractDeepLinksDebug UP-TO-DATE
> Task :common:editor:extractDeepLinksDebug UP-TO-DATE
> Task :common:character:extractDeepLinksDebug UP-TO-DATE
> Task :common:episode:extractDeepLinksDebug UP-TO-DATE
> Task :common:medialist:extractDeepLinksDebug UP-TO-DATE
> Task :common:genre:extractDeepLinksDebug UP-TO-DATE
> Task :common:media:extractDeepLinksDebug UP-TO-DATE
> Task :domain:processDebugManifest UP-TO-DATE
> Task :data:processDebugManifest UP-TO-DATE
> Task :common:episode:processDebugManifest UP-TO-DATE
> Task :app:navigation:processDebugManifest UP-TO-DATE
> Task :common:editor:processDebugManifest UP-TO-DATE
> Task :common:character:processDebugManifest UP-TO-DATE
> Task :common:review:extractDeepLinksDebug UP-TO-DATE
> Task :common:staff:extractDeepLinksDebug UP-TO-DATE
> Task :common:genre:processDebugManifest UP-TO-DATE
> Task :common:medialist:processDebugManifest UP-TO-DATE
> Task :common:media:processDebugManifest UP-TO-DATE
> Task :common:tag:extractDeepLinksDebug UP-TO-DATE
> Task :data:android:extractDeepLinksDebug UP-TO-DATE
> Task :data:core:extractDeepLinksDebug UP-TO-DATE
> Task :data:edge:extractDeepLinksDebug UP-TO-DATE
> Task :data:feed:extractDeepLinksDebug UP-TO-DATE
> Task :data:settings:extractDeepLinksDebug UP-TO-DATE
> Task :data:imgur:extractDeepLinksDebug UP-TO-DATE
> Task :common:staff:processDebugManifest UP-TO-DATE
> Task :common:review:processDebugManifest UP-TO-DATE
> Task :data:core:processDebugManifest UP-TO-DATE
> Task :feature:about:extractDeepLinksDebug UP-TO-DATE
> Task :feature:account:extractDeepLinksDebug UP-TO-DATE
> Task :feature:airing:extractDeepLinksDebug UP-TO-DATE
> Task :data:settings:processDebugManifest UP-TO-DATE
> Task :data:feed:processDebugManifest UP-TO-DATE
> Task :common:tag:processDebugManifest UP-TO-DATE
> Task :data:imgur:processDebugManifest UP-TO-DATE
> Task :data:android:processDebugManifest UP-TO-DATE
> Task :data:edge:processDebugManifest UP-TO-DATE
> Task :feature:auth:extractDeepLinksDebug UP-TO-DATE
> Task :feature:character:extractDeepLinksDebug UP-TO-DATE
> Task :feature:episode:extractDeepLinksDebug UP-TO-DATE
> Task :feature:image-viewer:extractDeepLinksDebug UP-TO-DATE
> Task :feature:feed:extractDeepLinksDebug UP-TO-DATE
> Task :feature:forum:extractDeepLinksDebug UP-TO-DATE
> Task :feature:auth:processDebugManifest UP-TO-DATE
> Task :feature:image-viewer:processDebugManifest UP-TO-DATE
> Task :feature:character:processDebugManifest UP-TO-DATE
> Task :feature:account:processDebugManifest UP-TO-DATE
> Task :feature:about:processDebugManifest UP-TO-DATE
> Task :feature:episode:processDebugManifest UP-TO-DATE
> Task :feature:airing:processDebugManifest UP-TO-DATE
> Task :feature:media:extractDeepLinksDebug UP-TO-DATE
> Task :feature:news:extractDeepLinksDebug UP-TO-DATE
> Task :feature:medialist:extractDeepLinksDebug UP-TO-DATE
> Task :feature:recommendation:extractDeepLinksDebug UP-TO-DATE
> Task :feature:feed:processDebugManifest UP-TO-DATE
> Task :feature:forum:processDebugManifest UP-TO-DATE
> Task :feature:profile:extractDeepLinksDebug UP-TO-DATE
> Task :feature:notification:extractDeepLinksDebug UP-TO-DATE
> Task :feature:review:extractDeepLinksDebug UP-TO-DATE
> Task :feature:settings:extractDeepLinksDebug UP-TO-DATE
> Task :feature:search:extractDeepLinksDebug UP-TO-DATE
> Task :feature:news:processDebugManifest UP-TO-DATE
> Task :feature:media:processDebugManifest UP-TO-DATE
> Task :feature:medialist:processDebugManifest UP-TO-DATE
> Task :feature:recommendation:processDebugManifest UP-TO-DATE
> Task :feature:staff:extractDeepLinksDebug UP-TO-DATE
> Task :feature:suggestion:extractDeepLinksDebug UP-TO-DATE
> Task :feature:updater:extractDeepLinksDebug UP-TO-DATE
> Task :feature:studio:extractDeepLinksDebug UP-TO-DATE
> Task :feature:profile:processDebugManifest UP-TO-DATE
> Task :feature:notification:processDebugManifest UP-TO-DATE
> Task :feature:search:processDebugManifest UP-TO-DATE
> Task :feature:review:processDebugManifest UP-TO-DATE
> Task :task:account:extractDeepLinksDebug UP-TO-DATE
> Task :feature:settings:processDebugManifest UP-TO-DATE
> Task :task:character:extractDeepLinksDebug UP-TO-DATE
> Task :task:config:extractDeepLinksDebug UP-TO-DATE
> Task :feature:suggestion:processDebugManifest UP-TO-DATE
> Task :feature:staff:processDebugManifest UP-TO-DATE
> Task :task:episode:extractDeepLinksDebug UP-TO-DATE
> Task :feature:updater:processDebugManifest UP-TO-DATE
> Task :feature:studio:processDebugManifest UP-TO-DATE
> Task :task:forum:extractDeepLinksDebug UP-TO-DATE
> Task :task:feed:extractDeepLinksDebug UP-TO-DATE
> Task :task:favourite:extractDeepLinksDebug UP-TO-DATE
> Task :task:genre:extractDeepLinksDebug UP-TO-DATE
> Task :task:media:extractDeepLinksDebug UP-TO-DATE
> Task :task:character:processDebugManifest UP-TO-DATE
> Task :task:account:processDebugManifest UP-TO-DATE
> Task :task:medialist:extractDeepLinksDebug UP-TO-DATE
> Task :task:news:extractDeepLinksDebug UP-TO-DATE
> Task :task:config:processDebugManifest UP-TO-DATE
> Task :task:genre:processDebugManifest UP-TO-DATE
> Task :task:forum:processDebugManifest UP-TO-DATE
> Task :task:feed:processDebugManifest UP-TO-DATE
> Task :task:episode:processDebugManifest UP-TO-DATE
> Task :task:recommendation:extractDeepLinksDebug UP-TO-DATE
> Task :task:review:extractDeepLinksDebug UP-TO-DATE
> Task :task:staff:extractDeepLinksDebug UP-TO-DATE
> Task :task:favourite:processDebugManifest UP-TO-DATE
> Task :task:studio:extractDeepLinksDebug UP-TO-DATE
> Task :task:tag:extractDeepLinksDebug UP-TO-DATE
> Task :task:media:processDebugManifest UP-TO-DATE
> Task :task:medialist:processDebugManifest UP-TO-DATE
> Task :task:updater:extractDeepLinksDebug UP-TO-DATE
> Task :task:user:extractDeepLinksDebug UP-TO-DATE
> Task :task:recommendation:processDebugManifest UP-TO-DATE
> Task :task:news:processDebugManifest UP-TO-DATE
> Task :feature:media:carousel:extractDeepLinksDebug UP-TO-DATE
> Task :task:staff:processDebugManifest UP-TO-DATE
> Task :task:review:processDebugManifest UP-TO-DATE
> Task :feature:media:discover:extractDeepLinksDebug UP-TO-DATE
> Task :feature:medialist:editor:extractDeepLinksDebug UP-TO-DATE
> Task :feature:review:discover:extractDeepLinksDebug UP-TO-DATE
> Task :feature:media:discover:filter:extractDeepLinksDebug UP-TO-DATE
> Task :task:studio:processDebugManifest UP-TO-DATE
> Task :task:tag:processDebugManifest UP-TO-DATE
> Task :task:updater:processDebugManifest UP-TO-DATE
> Task :feature:media:carousel:processDebugManifest UP-TO-DATE
> Task :task:user:processDebugManifest UP-TO-DATE
> Task :feature:media:discover:processDebugManifest UP-TO-DATE
> Task :app:navigation:compileDebugLibraryResources UP-TO-DATE
> Task :domain:compileDebugLibraryResources UP-TO-DATE
> Task :data:compileDebugLibraryResources UP-TO-DATE
> Task :common:character:compileDebugLibraryResources UP-TO-DATE
> Task :common:editor:compileDebugLibraryResources UP-TO-DATE
> Task :feature:media:discover:filter:processDebugManifest UP-TO-DATE
> Task :common:episode:compileDebugLibraryResources UP-TO-DATE
> Task :common:genre:compileDebugLibraryResources UP-TO-DATE
> Task :feature:review:discover:processDebugManifest UP-TO-DATE
> Task :feature:medialist:editor:processDebugManifest UP-TO-DATE
> Task :common:staff:compileDebugLibraryResources UP-TO-DATE
> Task :data:android:compileDebugLibraryResources UP-TO-DATE
> Task :data:core:compileDebugLibraryResources UP-TO-DATE
> Task :common:tag:compileDebugLibraryResources UP-TO-DATE
> Task :common:medialist:compileDebugLibraryResources UP-TO-DATE
> Task :data:edge:compileDebugLibraryResources UP-TO-DATE
> Task :data:imgur:compileDebugLibraryResources UP-TO-DATE
> Task :common:review:compileDebugLibraryResources UP-TO-DATE
> Task :feature:about:compileDebugLibraryResources UP-TO-DATE
> Task :data:settings:compileDebugLibraryResources UP-TO-DATE
> Task :data:feed:compileDebugLibraryResources UP-TO-DATE
> Task :feature:account:compileDebugLibraryResources UP-TO-DATE
> Task :feature:airing:compileDebugLibraryResources UP-TO-DATE
> Task :feature:auth:compileDebugLibraryResources UP-TO-DATE
> Task :feature:character:compileDebugLibraryResources UP-TO-DATE
> Task :feature:forum:compileDebugLibraryResources UP-TO-DATE
> Task :feature:feed:compileDebugLibraryResources UP-TO-DATE
> Task :feature:episode:compileDebugLibraryResources UP-TO-DATE
> Task :feature:image-viewer:compileDebugLibraryResources UP-TO-DATE
> Task :common:media:compileDebugLibraryResources UP-TO-DATE
> Task :feature:media:compileDebugLibraryResources UP-TO-DATE
> Task :feature:medialist:compileDebugLibraryResources UP-TO-DATE
> Task :feature:news:compileDebugLibraryResources UP-TO-DATE
> Task :feature:profile:compileDebugLibraryResources UP-TO-DATE
> Task :feature:review:compileDebugLibraryResources UP-TO-DATE
> Task :feature:settings:compileDebugLibraryResources UP-TO-DATE
> Task :feature:notification:compileDebugLibraryResources UP-TO-DATE
> Task :feature:studio:compileDebugLibraryResources UP-TO-DATE
> Task :feature:staff:compileDebugLibraryResources UP-TO-DATE
> Task :feature:suggestion:compileDebugLibraryResources UP-TO-DATE
> Task :feature:recommendation:compileDebugLibraryResources UP-TO-DATE
> Task :task:account:compileDebugLibraryResources UP-TO-DATE
> Task :task:character:compileDebugLibraryResources UP-TO-DATE
> Task :task:config:compileDebugLibraryResources UP-TO-DATE
> Task :feature:updater:compileDebugLibraryResources UP-TO-DATE
> Task :feature:search:compileDebugLibraryResources UP-TO-DATE
> Task :task:favourite:compileDebugLibraryResources UP-TO-DATE
> Task :task:genre:compileDebugLibraryResources UP-TO-DATE
> Task :task:episode:compileDebugLibraryResources UP-TO-DATE
> Task :task:feed:compileDebugLibraryResources UP-TO-DATE
> Task :task:media:compileDebugLibraryResources UP-TO-DATE
> Task :task:news:compileDebugLibraryResources UP-TO-DATE
> Task :task:forum:compileDebugLibraryResources UP-TO-DATE
> Task :task:recommendation:compileDebugLibraryResources UP-TO-DATE
> Task :data:checkKotlinGradlePluginConfigurationErrors SKIPPED
> Task :task:review:compileDebugLibraryResources UP-TO-DATE
> Task :task:studio:compileDebugLibraryResources UP-TO-DATE
> Task :task:user:compileDebugLibraryResources UP-TO-DATE
> Task :feature:media:carousel:compileDebugLibraryResources UP-TO-DATE
> Task :task:medialist:compileDebugLibraryResources UP-TO-DATE
> Task :task:staff:compileDebugLibraryResources UP-TO-DATE
> Task :task:updater:compileDebugLibraryResources UP-TO-DATE
> Task :task:tag:compileDebugLibraryResources UP-TO-DATE
> Task :data:android:checkKotlinGradlePluginConfigurationErrors SKIPPED
> Task :data:core:checkKotlinGradlePluginConfigurationErrors SKIPPED
> Task :data:settings:checkKotlinGradlePluginConfigurationErrors SKIPPED
> Task :domain:checkKotlinGradlePluginConfigurationErrors SKIPPED
> Task :feature:media:discover:compileDebugLibraryResources UP-TO-DATE
> Task :feature:medialist:editor:compileDebugLibraryResources UP-TO-DATE
> Task :feature:review:discover:compileDebugLibraryResources UP-TO-DATE
> Task :feature:media:discover:filter:compileDebugLibraryResources UP-TO-DATE
> Task :data:edge:checkKotlinGradlePluginConfigurationErrors SKIPPED
> Task :data:feed:checkKotlinGradlePluginConfigurationErrors SKIPPED
> Task :app:navigation:checkKotlinGradlePluginConfigurationErrors SKIPPED
> Task :data:imgur:checkKotlinGradlePluginConfigurationErrors SKIPPED
> Task :data:feed:generateDebugBuildConfig UP-TO-DATE
> Task :data:settings:generateDebugBuildConfig UP-TO-DATE
> Task :data:edge:generateDebugBuildConfig UP-TO-DATE
> Task :data:generateDebugBuildConfig UP-TO-DATE
> Task :data:android:generateDebugBuildConfig UP-TO-DATE
> Task :app:navigation:javaPreCompileDebug UP-TO-DATE
> Task :data:core:generateDebugBuildConfig UP-TO-DATE
> Task :data:imgur:generateDebugBuildConfig UP-TO-DATE
> Task :data:settings:javaPreCompileDebug UP-TO-DATE
> Task :app:navigation:mergeDebugShaders UP-TO-DATE
> Task :common:character:mergeDebugShaders UP-TO-DATE
> Task :app:navigation:compileDebugShaders NO-SOURCE
> Task :common:character:compileDebugShaders NO-SOURCE
> Task :app:navigation:generateDebugAssets UP-TO-DATE
> Task :common:character:generateDebugAssets UP-TO-DATE
> Task :app:navigation:mergeDebugAssets UP-TO-DATE
> Task :common:character:mergeDebugAssets UP-TO-DATE
> Task :common:editor:mergeDebugShaders UP-TO-DATE
> Task :common:episode:mergeDebugShaders UP-TO-DATE
> Task :common:editor:compileDebugShaders NO-SOURCE
> Task :common:editor:generateDebugAssets UP-TO-DATE
> Task :common:episode:compileDebugShaders NO-SOURCE
> Task :common:episode:generateDebugAssets UP-TO-DATE
> Task :common:editor:mergeDebugAssets UP-TO-DATE
> Task :common:episode:mergeDebugAssets UP-TO-DATE
> Task :common:genre:mergeDebugShaders UP-TO-DATE
> Task :common:media:mergeDebugShaders UP-TO-DATE
> Task :common:genre:compileDebugShaders NO-SOURCE
> Task :common:media:compileDebugShaders NO-SOURCE
> Task :common:genre:generateDebugAssets UP-TO-DATE
> Task :common:media:generateDebugAssets UP-TO-DATE
> Task :common:genre:mergeDebugAssets UP-TO-DATE
> Task :common:media:mergeDebugAssets UP-TO-DATE
> Task :common:review:mergeDebugShaders UP-TO-DATE
> Task :common:medialist:mergeDebugShaders UP-TO-DATE
> Task :common:review:compileDebugShaders NO-SOURCE
> Task :common:review:generateDebugAssets UP-TO-DATE
> Task :common:medialist:compileDebugShaders NO-SOURCE
> Task :common:medialist:generateDebugAssets UP-TO-DATE
> Task :common:medialist:mergeDebugAssets UP-TO-DATE
> Task :common:review:mergeDebugAssets UP-TO-DATE
> Task :common:staff:mergeDebugShaders UP-TO-DATE
> Task :common:tag:mergeDebugShaders UP-TO-DATE
> Task :common:tag:compileDebugShaders NO-SOURCE
> Task :common:staff:compileDebugShaders NO-SOURCE
> Task :common:tag:generateDebugAssets UP-TO-DATE
> Task :common:staff:generateDebugAssets UP-TO-DATE
> Task :common:tag:mergeDebugAssets UP-TO-DATE
> Task :common:staff:mergeDebugAssets UP-TO-DATE
> Task :data:settings:mergeDebugShaders UP-TO-DATE
> Task :feature:about:mergeDebugShaders UP-TO-DATE
> Task :data:settings:compileDebugShaders NO-SOURCE
> Task :feature:about:compileDebugShaders NO-SOURCE
> Task :data:settings:generateDebugAssets UP-TO-DATE
> Task :feature:about:generateDebugAssets UP-TO-DATE
> Task :data:settings:mergeDebugAssets UP-TO-DATE
> Task :feature:about:mergeDebugAssets UP-TO-DATE
> Task :feature:account:mergeDebugShaders UP-TO-DATE
> Task :feature:airing:mergeDebugShaders UP-TO-DATE
> Task :feature:account:compileDebugShaders NO-SOURCE
> Task :feature:airing:compileDebugShaders NO-SOURCE
> Task :feature:account:generateDebugAssets UP-TO-DATE
> Task :feature:airing:generateDebugAssets UP-TO-DATE
> Task :feature:account:mergeDebugAssets UP-TO-DATE
> Task :feature:airing:mergeDebugAssets UP-TO-DATE
> Task :feature:auth:mergeDebugShaders UP-TO-DATE
> Task :feature:character:mergeDebugShaders UP-TO-DATE
> Task :feature:auth:compileDebugShaders NO-SOURCE
> Task :feature:auth:generateDebugAssets UP-TO-DATE
> Task :feature:character:compileDebugShaders NO-SOURCE
> Task :feature:character:generateDebugAssets UP-TO-DATE
> Task :feature:auth:mergeDebugAssets UP-TO-DATE
> Task :feature:character:mergeDebugAssets UP-TO-DATE
> Task :feature:feed:mergeDebugShaders UP-TO-DATE
> Task :feature:episode:mergeDebugShaders UP-TO-DATE
> Task :feature:feed:compileDebugShaders NO-SOURCE
> Task :feature:episode:compileDebugShaders NO-SOURCE
> Task :feature:feed:generateDebugAssets UP-TO-DATE
> Task :feature:episode:generateDebugAssets UP-TO-DATE
> Task :feature:feed:mergeDebugAssets UP-TO-DATE
> Task :feature:episode:mergeDebugAssets UP-TO-DATE
> Task :feature:image-viewer:mergeDebugShaders UP-TO-DATE
> Task :feature:forum:mergeDebugShaders UP-TO-DATE
> Task :feature:image-viewer:compileDebugShaders NO-SOURCE
> Task :feature:forum:compileDebugShaders NO-SOURCE
> Task :feature:image-viewer:generateDebugAssets UP-TO-DATE
> Task :feature:forum:generateDebugAssets UP-TO-DATE
> Task :feature:image-viewer:mergeDebugAssets UP-TO-DATE
> Task :feature:forum:mergeDebugAssets UP-TO-DATE
> Task :feature:media:mergeDebugShaders UP-TO-DATE
> Task :feature:medialist:mergeDebugShaders UP-TO-DATE
> Task :feature:medialist:compileDebugShaders NO-SOURCE
> Task :feature:media:compileDebugShaders NO-SOURCE
> Task :feature:medialist:generateDebugAssets UP-TO-DATE
> Task :feature:media:generateDebugAssets UP-TO-DATE
> Task :feature:medialist:mergeDebugAssets UP-TO-DATE
> Task :feature:media:mergeDebugAssets UP-TO-DATE
> Task :feature:news:mergeDebugShaders UP-TO-DATE
> Task :feature:notification:mergeDebugShaders UP-TO-DATE
> Task :feature:news:compileDebugShaders NO-SOURCE
> Task :feature:notification:compileDebugShaders NO-SOURCE
> Task :feature:news:generateDebugAssets UP-TO-DATE
> Task :feature:notification:generateDebugAssets UP-TO-DATE
> Task :feature:news:mergeDebugAssets UP-TO-DATE
> Task :feature:notification:mergeDebugAssets UP-TO-DATE
> Task :feature:profile:mergeDebugShaders UP-TO-DATE
> Task :feature:recommendation:mergeDebugShaders UP-TO-DATE
> Task :feature:profile:compileDebugShaders NO-SOURCE
> Task :feature:profile:generateDebugAssets UP-TO-DATE
> Task :feature:recommendation:compileDebugShaders NO-SOURCE
> Task :feature:recommendation:generateDebugAssets UP-TO-DATE
> Task :feature:profile:mergeDebugAssets UP-TO-DATE
> Task :feature:recommendation:mergeDebugAssets UP-TO-DATE
> Task :feature:review:mergeDebugShaders UP-TO-DATE
> Task :feature:search:mergeDebugShaders UP-TO-DATE
> Task :feature:search:compileDebugShaders NO-SOURCE
> Task :feature:review:compileDebugShaders NO-SOURCE
> Task :feature:search:generateDebugAssets UP-TO-DATE
> Task :feature:review:generateDebugAssets UP-TO-DATE
> Task :feature:review:mergeDebugAssets UP-TO-DATE
> Task :feature:search:mergeDebugAssets UP-TO-DATE
> Task :feature:settings:mergeDebugShaders UP-TO-DATE
> Task :feature:staff:mergeDebugShaders UP-TO-DATE
> Task :feature:settings:compileDebugShaders NO-SOURCE
> Task :feature:staff:compileDebugShaders NO-SOURCE
> Task :feature:settings:generateDebugAssets UP-TO-DATE
> Task :feature:staff:generateDebugAssets UP-TO-DATE
> Task :feature:settings:mergeDebugAssets UP-TO-DATE
> Task :feature:staff:mergeDebugAssets UP-TO-DATE
> Task :feature:studio:mergeDebugShaders UP-TO-DATE
> Task :feature:suggestion:mergeDebugShaders UP-TO-DATE
> Task :feature:studio:compileDebugShaders NO-SOURCE
> Task :feature:suggestion:compileDebugShaders NO-SOURCE
> Task :feature:suggestion:generateDebugAssets UP-TO-DATE
> Task :feature:studio:generateDebugAssets UP-TO-DATE
> Task :feature:studio:mergeDebugAssets UP-TO-DATE
> Task :feature:suggestion:mergeDebugAssets UP-TO-DATE
> Task :feature:updater:mergeDebugShaders UP-TO-DATE
> Task :task:account:mergeDebugShaders UP-TO-DATE
> Task :task:account:compileDebugShaders NO-SOURCE
> Task :feature:updater:compileDebugShaders NO-SOURCE
> Task :task:account:generateDebugAssets UP-TO-DATE
> Task :feature:updater:generateDebugAssets UP-TO-DATE
> Task :task:account:mergeDebugAssets UP-TO-DATE
> Task :feature:updater:mergeDebugAssets UP-TO-DATE
> Task :task:character:mergeDebugShaders UP-TO-DATE
> Task :task:config:mergeDebugShaders UP-TO-DATE
> Task :task:character:compileDebugShaders NO-SOURCE
> Task :task:config:compileDebugShaders NO-SOURCE
> Task :task:character:generateDebugAssets UP-TO-DATE
> Task :task:config:generateDebugAssets UP-TO-DATE
> Task :task:config:mergeDebugAssets UP-TO-DATE
> Task :task:character:mergeDebugAssets UP-TO-DATE
> Task :task:episode:mergeDebugShaders UP-TO-DATE
> Task :task:favourite:mergeDebugShaders UP-TO-DATE
> Task :task:favourite:compileDebugShaders NO-SOURCE
> Task :task:episode:compileDebugShaders NO-SOURCE
> Task :task:favourite:generateDebugAssets UP-TO-DATE
> Task :task:episode:generateDebugAssets UP-TO-DATE
> Task :task:episode:mergeDebugAssets UP-TO-DATE
> Task :task:favourite:mergeDebugAssets UP-TO-DATE
> Task :task:feed:mergeDebugShaders UP-TO-DATE
> Task :task:forum:mergeDebugShaders UP-TO-DATE
> Task :task:feed:compileDebugShaders NO-SOURCE
> Task :task:feed:generateDebugAssets UP-TO-DATE
> Task :task:forum:compileDebugShaders NO-SOURCE
> Task :task:forum:generateDebugAssets UP-TO-DATE
> Task :task:feed:mergeDebugAssets UP-TO-DATE
> Task :task:forum:mergeDebugAssets UP-TO-DATE
> Task :task:genre:mergeDebugShaders UP-TO-DATE
> Task :task:media:mergeDebugShaders UP-TO-DATE
> Task :task:genre:compileDebugShaders NO-SOURCE
> Task :task:media:compileDebugShaders NO-SOURCE
> Task :task:media:generateDebugAssets UP-TO-DATE
> Task :task:genre:generateDebugAssets UP-TO-DATE
> Task :task:media:mergeDebugAssets UP-TO-DATE
> Task :task:genre:mergeDebugAssets UP-TO-DATE
> Task :task:news:mergeDebugShaders UP-TO-DATE
> Task :task:medialist:mergeDebugShaders UP-TO-DATE
> Task :task:medialist:compileDebugShaders NO-SOURCE
> Task :task:news:compileDebugShaders NO-SOURCE
> Task :task:medialist:generateDebugAssets UP-TO-DATE
> Task :task:news:generateDebugAssets UP-TO-DATE
> Task :task:news:mergeDebugAssets UP-TO-DATE
> Task :task:medialist:mergeDebugAssets UP-TO-DATE
> Task :task:review:mergeDebugShaders UP-TO-DATE
> Task :task:recommendation:mergeDebugShaders UP-TO-DATE
> Task :task:review:compileDebugShaders NO-SOURCE
> Task :task:review:generateDebugAssets UP-TO-DATE
> Task :task:recommendation:compileDebugShaders NO-SOURCE
> Task :task:recommendation:generateDebugAssets UP-TO-DATE
> Task :data:core:javaPreCompileDebug UP-TO-DATE
> Task :data:javaPreCompileDebug UP-TO-DATE
> Task :data:imgur:javaPreCompileDebug UP-TO-DATE
> Task :data:edge:javaPreCompileDebug UP-TO-DATE
> Task :data:feed:javaPreCompileDebug UP-TO-DATE
> Task :data:android:javaPreCompileDebug UP-TO-DATE
> Task :data:core:mergeDebugShaders UP-TO-DATE
> Task :task:review:mergeDebugAssets UP-TO-DATE
> Task :task:recommendation:mergeDebugAssets UP-TO-DATE
> Task :data:android:mergeDebugShaders UP-TO-DATE
> Task :data:edge:mergeDebugShaders UP-TO-DATE
> Task :data:imgur:mergeDebugShaders UP-TO-DATE
> Task :data:feed:mergeDebugShaders UP-TO-DATE
> Task :data:mergeDebugShaders UP-TO-DATE
> Task :data:core:compileDebugShaders NO-SOURCE
> Task :data:core:generateDebugAssets UP-TO-DATE
> Task :data:android:compileDebugShaders NO-SOURCE
> Task :data:android:generateDebugAssets UP-TO-DATE
> Task :task:staff:mergeDebugShaders UP-TO-DATE
> Task :data:imgur:compileDebugShaders NO-SOURCE
> Task :data:edge:compileDebugShaders NO-SOURCE
> Task :task:studio:mergeDebugShaders UP-TO-DATE
> Task :data:edge:generateDebugAssets UP-TO-DATE
> Task :data:compileDebugShaders NO-SOURCE
> Task :data:imgur:generateDebugAssets UP-TO-DATE
> Task :data:feed:compileDebugShaders NO-SOURCE
> Task :data:feed:generateDebugAssets UP-TO-DATE
> Task :data:generateDebugAssets UP-TO-DATE
> Task :data:android:mergeDebugAssets UP-TO-DATE
> Task :data:core:mergeDebugAssets UP-TO-DATE
> Task :data:imgur:mergeDebugAssets UP-TO-DATE
> Task :data:edge:mergeDebugAssets UP-TO-DATE
> Task :task:staff:compileDebugShaders NO-SOURCE
> Task :task:studio:compileDebugShaders NO-SOURCE
> Task :task:staff:generateDebugAssets UP-TO-DATE
> Task :task:studio:generateDebugAssets UP-TO-DATE
> Task :task:updater:mergeDebugShaders UP-TO-DATE
> Task :data:feed:mergeDebugAssets UP-TO-DATE
> Task :task:tag:mergeDebugShaders UP-TO-DATE
> Task :task:user:mergeDebugShaders UP-TO-DATE
> Task :feature:media:carousel:mergeDebugShaders UP-TO-DATE
> Task :task:staff:mergeDebugAssets UP-TO-DATE
> Task :task:studio:mergeDebugAssets UP-TO-DATE
> Task :task:tag:compileDebugShaders NO-SOURCE
> Task :task:tag:generateDebugAssets UP-TO-DATE
> Task :task:user:compileDebugShaders NO-SOURCE
> Task :task:user:generateDebugAssets UP-TO-DATE
> Task :feature:media:discover:mergeDebugShaders UP-TO-DATE
> Task :feature:medialist:editor:mergeDebugShaders UP-TO-DATE
> Task :feature:media:carousel:compileDebugShaders NO-SOURCE
> Task :feature:media:carousel:generateDebugAssets UP-TO-DATE
> Task :task:updater:compileDebugShaders NO-SOURCE
> Task :task:updater:generateDebugAssets UP-TO-DATE
> Task :task:tag:mergeDebugAssets UP-TO-DATE
> Task :feature:review:discover:mergeDebugShaders UP-TO-DATE
> Task :task:user:mergeDebugAssets UP-TO-DATE
> Task :feature:media:discover:compileDebugShaders NO-SOURCE
> Task :feature:auth:checkKotlinGradlePluginConfigurationErrors SKIPPED
> Task :feature:media:discover:generateDebugAssets UP-TO-DATE
> Task :feature:medialist:editor:compileDebugShaders NO-SOURCE
> Task :feature:medialist:editor:generateDebugAssets UP-TO-DATE
> Task :feature:media:discover:filter:mergeDebugShaders UP-TO-DATE
> Task :task:updater:mergeDebugAssets UP-TO-DATE
> Task :feature:media:discover:mergeDebugAssets UP-TO-DATE
> Task :common:genre:checkKotlinGradlePluginConfigurationErrors SKIPPED
> Task :common:media:checkKotlinGradlePluginConfigurationErrors SKIPPED
> Task :feature:media:discover:filter:compileDebugShaders NO-SOURCE
> Task :feature:review:discover:compileDebugShaders NO-SOURCE
> Task :feature:media:discover:filter:generateDebugAssets UP-TO-DATE
> Task :feature:review:discover:generateDebugAssets UP-TO-DATE
> Task :feature:medialist:editor:mergeDebugAssets UP-TO-DATE
> Task :feature:media:discover:filter:mergeDebugAssets UP-TO-DATE
> Task :common:tag:checkKotlinGradlePluginConfigurationErrors SKIPPED
> Task :feature:airing:checkKotlinGradlePluginConfigurationErrors SKIPPED
> Task :feature:review:discover:mergeDebugAssets UP-TO-DATE
> Task :feature:character:checkKotlinGradlePluginConfigurationErrors SKIPPED
> Task :feature:media:carousel:mergeDebugAssets UP-TO-DATE
> Task :common:episode:checkKotlinGradlePluginConfigurationErrors SKIPPED
> Task :data:mergeDebugAssets UP-TO-DATE
> Task :feature:episode:checkKotlinGradlePluginConfigurationErrors SKIPPED
> Task :android:core:dataBindingMergeDependencyArtifactsDebug UP-TO-DATE
> Task :android:deeplink:dataBindingMergeDependencyArtifactsDebug UP-TO-DATE
> Task :feature:auth:dataBindingMergeDependencyArtifactsDebug UP-TO-DATE
> Task :app:core:dataBindingMergeDependencyArtifactsDebug UP-TO-DATE
> Task :common:shared:dataBindingMergeDependencyArtifactsDebug UP-TO-DATE
> Task :common:markdown:dataBindingMergeDependencyArtifactsDebug UP-TO-DATE
> Task :android:navigation:dataBindingMergeDependencyArtifactsDebug UP-TO-DATE
> Task :feature:character:dataBindingMergeDependencyArtifactsDebug UP-TO-DATE
> Task :common:media:dataBindingMergeDependencyArtifactsDebug UP-TO-DATE
> Task :common:genre:dataBindingMergeDependencyArtifactsDebug UP-TO-DATE
> Task :common:episode:dataBindingMergeDependencyArtifactsDebug UP-TO-DATE
> Task :feature:episode:dataBindingMergeDependencyArtifactsDebug UP-TO-DATE
> Task :common:markdown:writeDebugAarMetadata UP-TO-DATE
> Task :feature:auth:javaPreCompileDebug UP-TO-DATE
> Task :android:navigation:parseDebugLocalResources UP-TO-DATE
> Task :android:core:parseDebugLocalResources UP-TO-DATE
> Task :app:core:parseDebugLocalResources UP-TO-DATE
> Task :feature:feed:checkKotlinGradlePluginConfigurationErrors SKIPPED
> Task :common:markdown:extractDeepLinksDebug UP-TO-DATE
> Task :feature:character:javaPreCompileDebug UP-TO-DATE
> Task :android:deeplink:parseDebugLocalResources UP-TO-DATE
> Task :common:media:javaPreCompileDebug UP-TO-DATE
> Task :common:shared:parseDebugLocalResources UP-TO-DATE
> Task :feature:staff:checkKotlinGradlePluginConfigurationErrors SKIPPED
> Task :common:episode:javaPreCompileDebug UP-TO-DATE
> Task :feature:studio:checkKotlinGradlePluginConfigurationErrors SKIPPED
> Task :feature:suggestion:checkKotlinGradlePluginConfigurationErrors SKIPPED
> Task :common:genre:javaPreCompileDebug UP-TO-DATE
> Task :android:navigation:generateDebugRFile UP-TO-DATE
> Task :common:character:checkKotlinGradlePluginConfigurationErrors SKIPPED
> Task :feature:episode:javaPreCompileDebug UP-TO-DATE
> Task :common:review:checkKotlinGradlePluginConfigurationErrors SKIPPED
> Task :android:navigation:writeDebugAarMetadata UP-TO-DATE
> Task :app:core:generateDebugRFile UP-TO-DATE
> Task :android:deeplink:generateDebugRFile UP-TO-DATE
> Task :common:markdown:processDebugManifest UP-TO-DATE
> Task :common:shared:generateDebugRFile UP-TO-DATE
> Task :app:core:writeDebugAarMetadata UP-TO-DATE
> Task :android:deeplink:writeDebugAarMetadata UP-TO-DATE
> Task :android:navigation:extractDeepLinksDebug UP-TO-DATE
> Task :common:shared:writeDebugAarMetadata UP-TO-DATE
> Task :common:markdown:compileDebugLibraryResources UP-TO-DATE
> Task :common:markdown:checkKotlinGradlePluginConfigurationErrors SKIPPED
> Task :app:core:extractDeepLinksDebug UP-TO-DATE
> Task :common:shared:extractDeepLinksDebug UP-TO-DATE
> Task :android:deeplink:extractDeepLinksDebug UP-TO-DATE
> Task :common:markdown:javaPreCompileDebug UP-TO-DATE
> Task :android:navigation:processDebugManifest UP-TO-DATE
> Task :common:markdown:mergeDebugShaders UP-TO-DATE
> Task :app:core:processDebugManifest UP-TO-DATE
> Task :android:deeplink:processDebugManifest UP-TO-DATE
> Task :common:shared:processDebugManifest UP-TO-DATE
> Task :common:markdown:compileDebugShaders NO-SOURCE
> Task :common:markdown:generateDebugAssets UP-TO-DATE
> Task :android:deeplink:compileDebugLibraryResources UP-TO-DATE
> Task :common:tag:dataBindingMergeDependencyArtifactsDebug UP-TO-DATE
> Task :android:deeplink:checkKotlinGradlePluginConfigurationErrors SKIPPED
> Task :feature:airing:dataBindingMergeDependencyArtifactsDebug UP-TO-DATE
> Task :android:deeplink:javaPreCompileDebug UP-TO-DATE
> Task :common:tag:javaPreCompileDebug UP-TO-DATE
> Task :common:shared:compileDebugLibraryResources UP-TO-DATE
> Task :common:staff:checkKotlinGradlePluginConfigurationErrors SKIPPED
> Task :feature:airing:javaPreCompileDebug UP-TO-DATE
> Task :feature:media:checkKotlinGradlePluginConfigurationErrors SKIPPED
> Task :common:shared:checkKotlinGradlePluginConfigurationErrors SKIPPED
> Task :app:core:compileDebugLibraryResources UP-TO-DATE
> Task :android:deeplink:mergeDebugShaders UP-TO-DATE
> Task :app:core:checkKotlinGradlePluginConfigurationErrors SKIPPED
> Task :android:navigation:compileDebugLibraryResources UP-TO-DATE
> Task :android:deeplink:compileDebugShaders NO-SOURCE
> Task :android:deeplink:generateDebugAssets UP-TO-DATE
> Task :common:shared:javaPreCompileDebug UP-TO-DATE
> Task :android:navigation:checkKotlinGradlePluginConfigurationErrors SKIPPED
> Task :common:markdown:mergeDebugAssets UP-TO-DATE
> Task :app:core:generateDebugBuildConfig UP-TO-DATE
> Task :feature:media:carousel:checkKotlinGradlePluginConfigurationErrors SKIPPED
> Task :android:navigation:javaPreCompileDebug UP-TO-DATE
> Task :android:deeplink:mergeDebugAssets UP-TO-DATE
> Task :common:shared:mergeDebugShaders UP-TO-DATE
> Task :app:core:javaPreCompileDebug UP-TO-DATE
> Task :feature:media:discover:checkKotlinGradlePluginConfigurationErrors SKIPPED
> Task :common:shared:compileDebugShaders NO-SOURCE
> Task :common:shared:generateDebugAssets UP-TO-DATE
> Task :android:navigation:mergeDebugShaders UP-TO-DATE
> Task :app:core:mergeDebugShaders UP-TO-DATE
> Task :android:navigation:compileDebugShaders NO-SOURCE
> Task :app:core:compileDebugShaders NO-SOURCE
> Task :android:navigation:generateDebugAssets UP-TO-DATE
> Task :app:core:generateDebugAssets UP-TO-DATE
> Task :android:navigation:mergeDebugAssets UP-TO-DATE
> Task :app:core:mergeDebugAssets UP-TO-DATE
> Task :feature:media:discover:filter:checkKotlinGradlePluginConfigurationErrors SKIPPED
> Task :feature:notification:checkKotlinGradlePluginConfigurationErrors SKIPPED
> Task :common:shared:mergeDebugAssets UP-TO-DATE
> Task :feature:medialist:checkKotlinGradlePluginConfigurationErrors SKIPPED
> Task :common:character:dataBindingMergeDependencyArtifactsDebug UP-TO-DATE
> Task :feature:studio:dataBindingMergeDependencyArtifactsDebug UP-TO-DATE
> Task :feature:feed:dataBindingMergeDependencyArtifactsDebug UP-TO-DATE
> Task :common:character:javaPreCompileDebug UP-TO-DATE
> Task :feature:studio:javaPreCompileDebug UP-TO-DATE
> Task :common:review:dataBindingMergeDependencyArtifactsDebug UP-TO-DATE
> Task :common:editor:checkKotlinGradlePluginConfigurationErrors SKIPPED
> Task :common:medialist:checkKotlinGradlePluginConfigurationErrors SKIPPED
> Task :feature:media:discover:dataBindingMergeDependencyArtifactsDebug UP-TO-DATE
> Task :feature:feed:javaPreCompileDebug UP-TO-DATE
> Task :feature:medialist:editor:checkKotlinGradlePluginConfigurationErrors SKIPPED
> Task :common:review:javaPreCompileDebug UP-TO-DATE
> Task :feature:review:checkKotlinGradlePluginConfigurationErrors SKIPPED
> Task :feature:media:carousel:dataBindingMergeDependencyArtifactsDebug UP-TO-DATE
> Task :feature:media:discover:javaPreCompileDebug UP-TO-DATE
> Task :common:staff:dataBindingMergeDependencyArtifactsDebug UP-TO-DATE
> Task :feature:review:discover:checkKotlinGradlePluginConfigurationErrors SKIPPED
> Task :feature:suggestion:dataBindingMergeDependencyArtifactsDebug UP-TO-DATE
> Task :feature:media:carousel:javaPreCompileDebug UP-TO-DATE
> Task :feature:forum:checkKotlinGradlePluginConfigurationErrors SKIPPED
> Task :common:staff:javaPreCompileDebug UP-TO-DATE
> Task :feature:suggestion:javaPreCompileDebug UP-TO-DATE
> Task :feature:recommendation:checkKotlinGradlePluginConfigurationErrors SKIPPED
> Task :feature:settings:checkKotlinGradlePluginConfigurationErrors SKIPPED
> Task :feature:media:dataBindingMergeDependencyArtifactsDebug UP-TO-DATE
> Task :feature:medialist:dataBindingMergeDependencyArtifactsDebug UP-TO-DATE
> Task :feature:media:javaPreCompileDebug UP-TO-DATE
> Task :feature:search:checkKotlinGradlePluginConfigurationErrors SKIPPED
> Task :feature:medialist:javaPreCompileDebug UP-TO-DATE
> Task :feature:profile:checkKotlinGradlePluginConfigurationErrors SKIPPED
> Task :feature:media:discover:filter:dataBindingMergeDependencyArtifactsDebug UP-TO-DATE
> Task :feature:notification:dataBindingMergeDependencyArtifactsDebug UP-TO-DATE
> Task :feature:staff:dataBindingMergeDependencyArtifactsDebug UP-TO-DATE
> Task :feature:media:discover:filter:javaPreCompileDebug UP-TO-DATE
> Task :feature:account:checkKotlinGradlePluginConfigurationErrors SKIPPED
> Task :feature:staff:javaPreCompileDebug UP-TO-DATE
> Task :feature:about:checkKotlinGradlePluginConfigurationErrors SKIPPED
> Task :feature:notification:javaPreCompileDebug UP-TO-DATE
> Task :feature:news:checkKotlinGradlePluginConfigurationErrors SKIPPED
> Task :app:dataBindingMergeDependencyArtifactsGithubDebug UP-TO-DATE
> Task :app:generateGithubDebugResValues UP-TO-DATE
> Task :app:generateGithubDebugResources UP-TO-DATE
> Task :app:injectCrashlyticsMappingFileIdGithubDebug UP-TO-DATE
> Task :app:processGithubDebugGoogleServices UP-TO-DATE
> Task :common:editor:dataBindingMergeDependencyArtifactsDebug UP-TO-DATE
> Task :common:editor:javaPreCompileDebug UP-TO-DATE
> Task :feature:image-viewer:checkKotlinGradlePluginConfigurationErrors SKIPPED
> Task :feature:recommendation:dataBindingMergeDependencyArtifactsDebug UP-TO-DATE
> Task :feature:recommendation:javaPreCompileDebug UP-TO-DATE
> Task :feature:updater:checkKotlinGradlePluginConfigurationErrors SKIPPED
> Task :common:medialist:dataBindingMergeDependencyArtifactsDebug UP-TO-DATE
> Task :domain:kaptGenerateStubsDebugKotlin UP-TO-DATE
> Task :feature:settings:dataBindingMergeDependencyArtifactsDebug UP-TO-DATE
> Task :feature:medialist:editor:dataBindingMergeDependencyArtifactsDebug UP-TO-DATE
> Task :feature:forum:dataBindingMergeDependencyArtifactsDebug UP-TO-DATE
> Task :feature:search:dataBindingMergeDependencyArtifactsDebug UP-TO-DATE
> Task :domain:kaptDebugKotlin SKIPPED
> Task :feature:review:dataBindingMergeDependencyArtifactsDebug UP-TO-DATE
> Task :common:medialist:javaPreCompileDebug UP-TO-DATE
> Task :task:character:checkKotlinGradlePluginConfigurationErrors SKIPPED
> Task :feature:forum:javaPreCompileDebug UP-TO-DATE
> Task :feature:review:javaPreCompileDebug UP-TO-DATE
> Task :task:forum:checkKotlinGradlePluginConfigurationErrors SKIPPED
> Task :feature:medialist:editor:javaPreCompileDebug UP-TO-DATE
> Task :feature:profile:dataBindingMergeDependencyArtifactsDebug UP-TO-DATE
> Task :task:media:checkKotlinGradlePluginConfigurationErrors SKIPPED
> Task :feature:settings:generateDebugBuildConfig UP-TO-DATE
> Task :task:medialist:checkKotlinGradlePluginConfigurationErrors SKIPPED
> Task :task:character:javaPreCompileDebug UP-TO-DATE
> Task :task:recommendation:checkKotlinGradlePluginConfigurationErrors SKIPPED
> Task :task:forum:javaPreCompileDebug UP-TO-DATE
> Task :task:medialist:javaPreCompileDebug UP-TO-DATE
> Task :task:review:checkKotlinGradlePluginConfigurationErrors SKIPPED
> Task :task:media:javaPreCompileDebug UP-TO-DATE
> Task :task:staff:checkKotlinGradlePluginConfigurationErrors SKIPPED
> Task :task:user:checkKotlinGradlePluginConfigurationErrors SKIPPED
> Task :feature:settings:javaPreCompileDebug UP-TO-DATE
> Task :task:episode:checkKotlinGradlePluginConfigurationErrors SKIPPED
> Task :feature:profile:javaPreCompileDebug UP-TO-DATE
> Task :task:recommendation:javaPreCompileDebug UP-TO-DATE
> Task :task:staff:javaPreCompileDebug UP-TO-DATE
> Task :task:feed:checkKotlinGradlePluginConfigurationErrors SKIPPED
> Task :task:studio:checkKotlinGradlePluginConfigurationErrors SKIPPED
> Task :task:news:checkKotlinGradlePluginConfigurationErrors SKIPPED
> Task :feature:about:dataBindingMergeDependencyArtifactsDebug UP-TO-DATE
> Task :task:review:javaPreCompileDebug UP-TO-DATE
> Task :task:episode:javaPreCompileDebug UP-TO-DATE
> Task :task:genre:checkKotlinGradlePluginConfigurationErrors SKIPPED
> Task :task:user:javaPreCompileDebug UP-TO-DATE
> Task :task:tag:checkKotlinGradlePluginConfigurationErrors SKIPPED
> Task :task:studio:javaPreCompileDebug UP-TO-DATE
> Task :task:updater:checkKotlinGradlePluginConfigurationErrors SKIPPED
> Task :task:account:checkKotlinGradlePluginConfigurationErrors SKIPPED
> Task :task:news:javaPreCompileDebug UP-TO-DATE
> Task :task:feed:javaPreCompileDebug UP-TO-DATE
> Task :task:config:checkKotlinGradlePluginConfigurationErrors SKIPPED
> Task :task:favourite:checkKotlinGradlePluginConfigurationErrors SKIPPED
> Task :task:genre:javaPreCompileDebug UP-TO-DATE
> Task :task:tag:javaPreCompileDebug UP-TO-DATE
> Task :task:updater:javaPreCompileDebug UP-TO-DATE
> Task :task:account:javaPreCompileDebug UP-TO-DATE
> Task :task:favourite:javaPreCompileDebug UP-TO-DATE
> Task :task:config:javaPreCompileDebug UP-TO-DATE
> Task :app:core:mergeDebugJniLibFolders UP-TO-DATE
> Task :data:mergeDebugJniLibFolders UP-TO-DATE
> Task :feature:search:javaPreCompileDebug UP-TO-DATE
> Task :android:deeplink:mergeDebugJniLibFolders UP-TO-DATE
> Task :app:navigation:mergeDebugJniLibFolders UP-TO-DATE
> Task :common:character:mergeDebugJniLibFolders UP-TO-DATE
> Task :android:navigation:mergeDebugJniLibFolders UP-TO-DATE
> Task :feature:account:dataBindingMergeDependencyArtifactsDebug UP-TO-DATE
> Task :feature:about:javaPreCompileDebug UP-TO-DATE
> Task :data:mergeDebugNativeLibs NO-SOURCE
> Task :app:core:mergeDebugNativeLibs NO-SOURCE
> Task :app:navigation:mergeDebugNativeLibs NO-SOURCE
> Task :android:navigation:mergeDebugNativeLibs NO-SOURCE
> Task :common:editor:mergeDebugJniLibFolders UP-TO-DATE
> Task :common:character:mergeDebugNativeLibs NO-SOURCE
> Task :android:deeplink:mergeDebugNativeLibs NO-SOURCE
> Task :app:core:copyDebugJniLibsProjectOnly UP-TO-DATE
> Task :app:navigation:copyDebugJniLibsProjectOnly UP-TO-DATE
> Task :data:copyDebugJniLibsProjectOnly UP-TO-DATE
> Task :android:navigation:copyDebugJniLibsProjectOnly UP-TO-DATE
> Task :common:character:copyDebugJniLibsProjectOnly UP-TO-DATE
> Task :android:deeplink:copyDebugJniLibsProjectOnly UP-TO-DATE
> Task :feature:account:javaPreCompileDebug UP-TO-DATE
> Task :common:markdown:mergeDebugJniLibFolders UP-TO-DATE
> Task :common:medialist:mergeDebugJniLibFolders UP-TO-DATE
> Task :common:media:mergeDebugJniLibFolders UP-TO-DATE
> Task :common:review:mergeDebugJniLibFolders UP-TO-DATE
> Task :common:episode:mergeDebugJniLibFolders UP-TO-DATE
> Task :common:genre:mergeDebugJniLibFolders UP-TO-DATE
> Task :common:editor:mergeDebugNativeLibs NO-SOURCE
> Task :common:shared:mergeDebugJniLibFolders UP-TO-DATE
> Task :common:markdown:mergeDebugNativeLibs NO-SOURCE
> Task :common:media:mergeDebugNativeLibs NO-SOURCE
> Task :common:medialist:mergeDebugNativeLibs NO-SOURCE
> Task :common:shared:mergeDebugNativeLibs NO-SOURCE
> Task :common:genre:mergeDebugNativeLibs NO-SOURCE
> Task :common:media:copyDebugJniLibsProjectOnly UP-TO-DATE
> Task :common:shared:copyDebugJniLibsProjectOnly UP-TO-DATE
> Task :common:medialist:copyDebugJniLibsProjectOnly UP-TO-DATE
> Task :common:editor:copyDebugJniLibsProjectOnly UP-TO-DATE
> Task :common:review:mergeDebugNativeLibs NO-SOURCE
> Task :common:genre:copyDebugJniLibsProjectOnly UP-TO-DATE
> Task :common:episode:mergeDebugNativeLibs NO-SOURCE
> Task :common:tag:mergeDebugJniLibFolders UP-TO-DATE
> Task :common:review:copyDebugJniLibsProjectOnly UP-TO-DATE
> Task :data:android:mergeDebugJniLibFolders UP-TO-DATE
> Task :data:core:mergeDebugJniLibFolders UP-TO-DATE
> Task :feature:news:dataBindingMergeDependencyArtifactsDebug UP-TO-DATE
> Task :common:staff:mergeDebugJniLibFolders UP-TO-DATE
> Task :common:episode:copyDebugJniLibsProjectOnly UP-TO-DATE
> Task :data:feed:mergeDebugJniLibFolders UP-TO-DATE
> Task :data:edge:mergeDebugJniLibFolders UP-TO-DATE
> Task :data:android:mergeDebugNativeLibs NO-SOURCE
> Task :common:tag:mergeDebugNativeLibs NO-SOURCE
> Task :data:imgur:mergeDebugJniLibFolders UP-TO-DATE
> Task :common:staff:mergeDebugNativeLibs NO-SOURCE
> Task :data:core:mergeDebugNativeLibs NO-SOURCE
> Task :data:android:copyDebugJniLibsProjectOnly UP-TO-DATE
> Task :common:tag:copyDebugJniLibsProjectOnly UP-TO-DATE
> Task :data:settings:mergeDebugJniLibFolders UP-TO-DATE
> Task :feature:news:javaPreCompileDebug UP-TO-DATE
> Task :data:imgur:mergeDebugNativeLibs NO-SOURCE
> Task :data:feed:mergeDebugNativeLibs NO-SOURCE
> Task :data:core:copyDebugJniLibsProjectOnly UP-TO-DATE
> Task :feature:about:mergeDebugJniLibFolders UP-TO-DATE
> Task :feature:account:mergeDebugJniLibFolders UP-TO-DATE
> Task :data:edge:mergeDebugNativeLibs NO-SOURCE
> Task :data:settings:mergeDebugNativeLibs NO-SOURCE
> Task :data:imgur:copyDebugJniLibsProjectOnly UP-TO-DATE
> Task :feature:airing:mergeDebugJniLibFolders UP-TO-DATE
> Task :feature:account:mergeDebugNativeLibs NO-SOURCE
> Task :data:feed:copyDebugJniLibsProjectOnly UP-TO-DATE
> Task :feature:airing:mergeDebugNativeLibs NO-SOURCE
> Task :feature:about:mergeDebugNativeLibs NO-SOURCE
> Task :feature:character:mergeDebugJniLibFolders UP-TO-DATE
> Task :feature:auth:mergeDebugJniLibFolders UP-TO-DATE
> Task :feature:account:copyDebugJniLibsProjectOnly UP-TO-DATE
> Task :feature:airing:copyDebugJniLibsProjectOnly UP-TO-DATE
> Task :feature:episode:mergeDebugJniLibFolders UP-TO-DATE
> Task :feature:about:copyDebugJniLibsProjectOnly UP-TO-DATE
> Task :feature:character:mergeDebugNativeLibs NO-SOURCE
> Task :data:edge:copyDebugJniLibsProjectOnly UP-TO-DATE
> Task :data:settings:copyDebugJniLibsProjectOnly UP-TO-DATE
> Task :feature:auth:mergeDebugNativeLibs NO-SOURCE
> Task :feature:feed:mergeDebugJniLibFolders UP-TO-DATE
> Task :feature:episode:mergeDebugNativeLibs NO-SOURCE
> Task :feature:character:copyDebugJniLibsProjectOnly UP-TO-DATE
> Task :feature:forum:mergeDebugJniLibFolders UP-TO-DATE
> Task :feature:media:mergeDebugJniLibFolders UP-TO-DATE
> Task :feature:feed:mergeDebugNativeLibs NO-SOURCE
> Task :feature:auth:copyDebugJniLibsProjectOnly UP-TO-DATE
> Task :feature:episode:copyDebugJniLibsProjectOnly UP-TO-DATE
> Task :feature:news:mergeDebugJniLibFolders UP-TO-DATE
> Task :feature:notification:mergeDebugJniLibFolders UP-TO-DATE
> Task :feature:feed:copyDebugJniLibsProjectOnly UP-TO-DATE
> Task :feature:news:mergeDebugNativeLibs NO-SOURCE
> Task :feature:forum:mergeDebugNativeLibs NO-SOURCE
> Task :feature:notification:mergeDebugNativeLibs NO-SOURCE
> Task :feature:forum:copyDebugJniLibsProjectOnly UP-TO-DATE
> Task :feature:media:mergeDebugNativeLibs NO-SOURCE
> Task :feature:news:copyDebugJniLibsProjectOnly UP-TO-DATE
> Task :feature:recommendation:mergeDebugJniLibFolders UP-TO-DATE
> Task :feature:review:mergeDebugJniLibFolders UP-TO-DATE
> Task :feature:recommendation:mergeDebugNativeLibs NO-SOURCE
> Task :feature:review:mergeDebugNativeLibs NO-SOURCE
> Task :feature:media:copyDebugJniLibsProjectOnly UP-TO-DATE
> Task :feature:search:mergeDebugJniLibFolders UP-TO-DATE
> Task :common:markdown:copyDebugJniLibsProjectOnly UP-TO-DATE
> Task :common:staff:copyDebugJniLibsProjectOnly UP-TO-DATE
> Task :feature:notification:copyDebugJniLibsProjectOnly UP-TO-DATE
> Task :feature:medialist:mergeDebugJniLibFolders UP-TO-DATE
> Task :feature:recommendation:copyDebugJniLibsProjectOnly UP-TO-DATE
> Task :feature:search:mergeDebugNativeLibs NO-SOURCE
> Task :feature:review:copyDebugJniLibsProjectOnly UP-TO-DATE
> Task :feature:studio:mergeDebugJniLibFolders UP-TO-DATE
> Task :feature:staff:mergeDebugJniLibFolders UP-TO-DATE
> Task :feature:settings:mergeDebugJniLibFolders UP-TO-DATE
> Task :feature:suggestion:mergeDebugJniLibFolders UP-TO-DATE
> Task :feature:search:copyDebugJniLibsProjectOnly UP-TO-DATE
> Task :task:account:mergeDebugJniLibFolders UP-TO-DATE
> Task :feature:medialist:mergeDebugNativeLibs NO-SOURCE
> Task :feature:studio:mergeDebugNativeLibs NO-SOURCE
> Task :task:config:mergeDebugJniLibFolders UP-TO-DATE
> Task :feature:suggestion:mergeDebugNativeLibs NO-SOURCE
> Task :task:character:mergeDebugJniLibFolders UP-TO-DATE
> Task :feature:settings:mergeDebugNativeLibs NO-SOURCE
> Task :feature:medialist:copyDebugJniLibsProjectOnly UP-TO-DATE
> Task :feature:staff:mergeDebugNativeLibs NO-SOURCE
> Task :feature:studio:copyDebugJniLibsProjectOnly UP-TO-DATE
> Task :task:account:mergeDebugNativeLibs NO-SOURCE
> Task :feature:suggestion:copyDebugJniLibsProjectOnly UP-TO-DATE
> Task :task:episode:mergeDebugJniLibFolders UP-TO-DATE
> Task :task:config:mergeDebugNativeLibs NO-SOURCE
> Task :task:character:mergeDebugNativeLibs NO-SOURCE
> Task :task:account:copyDebugJniLibsProjectOnly UP-TO-DATE
> Task :task:episode:mergeDebugNativeLibs NO-SOURCE
> Task :feature:staff:copyDebugJniLibsProjectOnly UP-TO-DATE
> Task :task:favourite:mergeDebugJniLibFolders UP-TO-DATE
> Task :task:config:copyDebugJniLibsProjectOnly UP-TO-DATE
> Task :task:feed:mergeDebugJniLibFolders UP-TO-DATE
> Task :task:character:copyDebugJniLibsProjectOnly UP-TO-DATE
> Task :task:episode:copyDebugJniLibsProjectOnly UP-TO-DATE
> Task :task:forum:mergeDebugJniLibFolders UP-TO-DATE
> Task :task:genre:mergeDebugJniLibFolders UP-TO-DATE
> Task :task:favourite:mergeDebugNativeLibs NO-SOURCE
> Task :task:media:mergeDebugJniLibFolders UP-TO-DATE
> Task :task:feed:mergeDebugNativeLibs NO-SOURCE
> Task :task:news:mergeDebugJniLibFolders UP-TO-DATE
> Task :task:recommendation:mergeDebugJniLibFolders UP-TO-DATE
> Task :task:genre:mergeDebugNativeLibs NO-SOURCE
> Task :task:favourite:copyDebugJniLibsProjectOnly UP-TO-DATE
> Task :task:forum:mergeDebugNativeLibs NO-SOURCE
> Task :task:feed:copyDebugJniLibsProjectOnly UP-TO-DATE
> Task :task:media:mergeDebugNativeLibs NO-SOURCE
> Task :task:medialist:mergeDebugJniLibFolders UP-TO-DATE
> Task :task:genre:copyDebugJniLibsProjectOnly UP-TO-DATE
> Task :task:recommendation:mergeDebugNativeLibs NO-SOURCE
> Task :task:news:mergeDebugNativeLibs NO-SOURCE
> Task :task:review:mergeDebugJniLibFolders UP-TO-DATE
> Task :task:recommendation:copyDebugJniLibsProjectOnly UP-TO-DATE
> Task :task:forum:copyDebugJniLibsProjectOnly UP-TO-DATE
> Task :task:media:copyDebugJniLibsProjectOnly UP-TO-DATE
> Task :task:studio:mergeDebugJniLibFolders UP-TO-DATE
> Task :task:medialist:mergeDebugNativeLibs NO-SOURCE
> Task :task:news:copyDebugJniLibsProjectOnly UP-TO-DATE
> Task :task:review:mergeDebugNativeLibs NO-SOURCE
> Task :task:tag:mergeDebugJniLibFolders UP-TO-DATE
> Task :task:review:copyDebugJniLibsProjectOnly UP-TO-DATE
> Task :task:updater:mergeDebugJniLibFolders UP-TO-DATE
> Task :task:user:mergeDebugJniLibFolders UP-TO-DATE
> Task :task:staff:mergeDebugJniLibFolders UP-TO-DATE
> Task :task:medialist:copyDebugJniLibsProjectOnly UP-TO-DATE
> Task :feature:media:carousel:mergeDebugJniLibFolders UP-TO-DATE
> Task :task:tag:mergeDebugNativeLibs NO-SOURCE
> Task :task:studio:mergeDebugNativeLibs NO-SOURCE
> Task :feature:media:discover:mergeDebugJniLibFolders UP-TO-DATE
> Task :task:updater:mergeDebugNativeLibs NO-SOURCE
> Task :feature:media:carousel:mergeDebugNativeLibs NO-SOURCE
> Task :task:staff:mergeDebugNativeLibs NO-SOURCE
> Task :task:tag:copyDebugJniLibsProjectOnly UP-TO-DATE
> Task :task:studio:copyDebugJniLibsProjectOnly UP-TO-DATE
> Task :task:user:mergeDebugNativeLibs NO-SOURCE
> Task :feature:media:discover:mergeDebugNativeLibs NO-SOURCE
> Task :task:updater:copyDebugJniLibsProjectOnly UP-TO-DATE
> Task :feature:medialist:editor:mergeDebugJniLibFolders UP-TO-DATE
> Task :feature:media:carousel:copyDebugJniLibsProjectOnly UP-TO-DATE
> Task :feature:media:discover:filter:mergeDebugJniLibFolders UP-TO-DATE
> Task :feature:media:discover:copyDebugJniLibsProjectOnly UP-TO-DATE
> Task :task:user:copyDebugJniLibsProjectOnly UP-TO-DATE
> Task :task:staff:copyDebugJniLibsProjectOnly UP-TO-DATE
> Task :android:navigation:stripDebugDebugSymbols NO-SOURCE
> Task :android:deeplink:stripDebugDebugSymbols NO-SOURCE
> Task :feature:media:discover:filter:mergeDebugNativeLibs NO-SOURCE
> Task :feature:medialist:editor:mergeDebugNativeLibs NO-SOURCE
> Task :app:core:stripDebugDebugSymbols NO-SOURCE
> Task :common:character:stripDebugDebugSymbols NO-SOURCE
> Task :android:navigation:copyDebugJniLibsProjectAndLocalJars UP-TO-DATE
> Task :android:deeplink:copyDebugJniLibsProjectAndLocalJars UP-TO-DATE
> Task :app:core:copyDebugJniLibsProjectAndLocalJars UP-TO-DATE
> Task :common:character:copyDebugJniLibsProjectAndLocalJars UP-TO-DATE
> Task :android:navigation:extractDeepLinksForAarDebug UP-TO-DATE
> Task :feature:medialist:editor:copyDebugJniLibsProjectOnly UP-TO-DATE
> Task :android:deeplink:extractDeepLinksForAarDebug UP-TO-DATE
> Task :app:core:extractDeepLinksForAarDebug UP-TO-DATE
> Task :common:character:extractDeepLinksForAarDebug UP-TO-DATE
> Task :android:navigation:prepareDebugArtProfile UP-TO-DATE
> Task :app:core:prepareDebugArtProfile UP-TO-DATE
> Task :common:editor:stripDebugDebugSymbols NO-SOURCE
> Task :common:character:prepareDebugArtProfile UP-TO-DATE
> Task :android:deeplink:prepareDebugArtProfile UP-TO-DATE
> Task :android:navigation:prepareLintJarForPublish UP-TO-DATE
> Task :app:core:prepareLintJarForPublish UP-TO-DATE
> Task :common:editor:copyDebugJniLibsProjectAndLocalJars UP-TO-DATE
> Task :common:episode:stripDebugDebugSymbols NO-SOURCE
> Task :common:feed:preBuild UP-TO-DATE
> Task :common:character:prepareLintJarForPublish UP-TO-DATE
> Task :common:feed:preDebugBuild UP-TO-DATE
> Task :common:forum:preBuild UP-TO-DATE
> Task :common:editor:extractDeepLinksForAarDebug UP-TO-DATE
> Task :android:deeplink:prepareLintJarForPublish UP-TO-DATE
> Task :common:forum:preDebugBuild UP-TO-DATE
> Task :common:episode:copyDebugJniLibsProjectAndLocalJars UP-TO-DATE
> Task :common:genre:stripDebugDebugSymbols NO-SOURCE
> Task :common:editor:prepareDebugArtProfile UP-TO-DATE
> Task :common:episode:extractDeepLinksForAarDebug UP-TO-DATE
> Task :common:genre:copyDebugJniLibsProjectAndLocalJars UP-TO-DATE
> Task :common:forum:mergeDebugJniLibFolders UP-TO-DATE
> Task :common:feed:mergeDebugJniLibFolders UP-TO-DATE
> Task :common:editor:prepareLintJarForPublish UP-TO-DATE
> Task :common:genre:extractDeepLinksForAarDebug UP-TO-DATE
> Task :common:episode:prepareDebugArtProfile UP-TO-DATE
> Task :common:forum:mergeDebugNativeLibs NO-SOURCE
> Task :common:markdown:stripDebugDebugSymbols NO-SOURCE
> Task :common:forum:stripDebugDebugSymbols NO-SOURCE
> Task :common:genre:prepareDebugArtProfile UP-TO-DATE
> Task :common:markdown:copyDebugJniLibsProjectAndLocalJars UP-TO-DATE
> Task :common:episode:prepareLintJarForPublish UP-TO-DATE
> Task :common:forum:copyDebugJniLibsProjectAndLocalJars UP-TO-DATE
> Task :common:feed:mergeDebugNativeLibs NO-SOURCE
> Task :common:media:stripDebugDebugSymbols NO-SOURCE
> Task :common:forum:checkKotlinGradlePluginConfigurationErrors SKIPPED
> Task :common:genre:prepareLintJarForPublish UP-TO-DATE
> Task :common:markdown:extractDeepLinksForAarDebug UP-TO-DATE
> Task :common:medialist:stripDebugDebugSymbols NO-SOURCE
> Task :common:feed:stripDebugDebugSymbols NO-SOURCE
> Task :common:media:copyDebugJniLibsProjectAndLocalJars UP-TO-DATE
> Task :common:markdown:prepareDebugArtProfile UP-TO-DATE
> Task :common:medialist:copyDebugJniLibsProjectAndLocalJars UP-TO-DATE
> Task :common:media:extractDeepLinksForAarDebug UP-TO-DATE
> Task :common:markdown:prepareLintJarForPublish UP-TO-DATE
> Task :common:feed:copyDebugJniLibsProjectAndLocalJars UP-TO-DATE
> Task :common:medialist:extractDeepLinksForAarDebug UP-TO-DATE
> Task :common:media:prepareDebugArtProfile UP-TO-DATE
> Task :common:news:preBuild UP-TO-DATE
> Task :common:feed:checkKotlinGradlePluginConfigurationErrors SKIPPED
> Task :common:news:preDebugBuild UP-TO-DATE
> Task :common:medialist:prepareDebugArtProfile UP-TO-DATE
> Task :common:media:prepareLintJarForPublish UP-TO-DATE
> Task :common:news:mergeDebugJniLibFolders UP-TO-DATE
> Task :common:recommendation:preBuild UP-TO-DATE
> Task :common:recommendation:preDebugBuild UP-TO-DATE
> Task :common:medialist:prepareLintJarForPublish UP-TO-DATE
> Task :common:review:stripDebugDebugSymbols NO-SOURCE
> Task :common:news:mergeDebugNativeLibs NO-SOURCE
> Task :common:recommendation:mergeDebugJniLibFolders UP-TO-DATE
> Task :feature:profile:mergeDebugJniLibFolders UP-TO-DATE
> Task :feature:settings:copyDebugJniLibsProjectOnly UP-TO-DATE
> Task :common:recommendation:mergeDebugNativeLibs NO-SOURCE
> Task :feature:profile:mergeDebugNativeLibs NO-SOURCE
> Task :feature:media:discover:filter:copyDebugJniLibsProjectOnly UP-TO-DATE
> Task :common:review:copyDebugJniLibsProjectAndLocalJars UP-TO-DATE
> Task :common:recommendation:stripDebugDebugSymbols NO-SOURCE
> Task :common:news:stripDebugDebugSymbols NO-SOURCE
> Task :common:shared:stripDebugDebugSymbols NO-SOURCE
> Task :common:staff:stripDebugDebugSymbols NO-SOURCE
> Task :common:recommendation:copyDebugJniLibsProjectAndLocalJars UP-TO-DATE
> Task :feature:profile:copyDebugJniLibsProjectOnly UP-TO-DATE
> Task :common:recommendation:checkKotlinGradlePluginConfigurationErrors SKIPPED
> Task :common:news:copyDebugJniLibsProjectAndLocalJars UP-TO-DATE
> Task :common:review:extractDeepLinksForAarDebug UP-TO-DATE
> Task :common:shared:copyDebugJniLibsProjectAndLocalJars UP-TO-DATE
> Task :common:studio:preBuild UP-TO-DATE
> Task :common:studio:preDebugBuild UP-TO-DATE
> Task :common:news:checkKotlinGradlePluginConfigurationErrors SKIPPED
> Task :common:shared:extractDeepLinksForAarDebug UP-TO-DATE
> Task :common:staff:copyDebugJniLibsProjectAndLocalJars UP-TO-DATE
> Task :common:review:prepareDebugArtProfile UP-TO-DATE
> Task :common:studio:mergeDebugJniLibFolders UP-TO-DATE
> Task :common:shared:prepareDebugArtProfile UP-TO-DATE
> Task :common:staff:extractDeepLinksForAarDebug UP-TO-DATE
> Task :common:studio:mergeDebugNativeLibs NO-SOURCE
> Task :common:review:prepareLintJarForPublish UP-TO-DATE
> Task :common:studio:stripDebugDebugSymbols NO-SOURCE
> Task :common:shared:prepareLintJarForPublish UP-TO-DATE
> Task :common:tag:stripDebugDebugSymbols NO-SOURCE
> Task :common:user:preBuild UP-TO-DATE
> Task :common:user:preDebugBuild UP-TO-DATE
> Task :common:studio:copyDebugJniLibsProjectAndLocalJars UP-TO-DATE
> Task :common:studio:checkKotlinGradlePluginConfigurationErrors SKIPPED
> Task :common:tag:copyDebugJniLibsProjectAndLocalJars UP-TO-DATE
> Task :common:tag:extractDeepLinksForAarDebug UP-TO-DATE
> Task :common:user:mergeDebugJniLibFolders UP-TO-DATE
> Task :common:tag:prepareDebugArtProfile UP-TO-DATE
> Task :common:user:mergeDebugNativeLibs NO-SOURCE
> Task :common:user:stripDebugDebugSymbols NO-SOURCE
> Task :common:tag:prepareLintJarForPublish UP-TO-DATE
> Task :common:user:copyDebugJniLibsProjectAndLocalJars UP-TO-DATE
> Task :common:user:checkKotlinGradlePluginConfigurationErrors SKIPPED
> Task :common:staff:prepareDebugArtProfile UP-TO-DATE
> Task :common:staff:prepareLintJarForPublish UP-TO-DATE
> Task :domain:compileDebugKotlin UP-TO-DATE
> Task :domain:javaPreCompileDebug UP-TO-DATE
> Task :domain:compileDebugJavaWithJavac NO-SOURCE
> Task :domain:bundleLibCompileToJarDebug UP-TO-DATE
> Task :feature:image-viewer:dataBindingMergeDependencyArtifactsDebug UP-TO-DATE
> Task :feature:updater:dataBindingMergeDependencyArtifactsDebug UP-TO-DATE
> Task :domain:mergeDebugShaders UP-TO-DATE
> Task :domain:compileDebugShaders NO-SOURCE
> Task :domain:generateDebugAssets UP-TO-DATE
> Task :domain:mergeDebugAssets UP-TO-DATE
> Task :feature:image-viewer:javaPreCompileDebug UP-TO-DATE
> Task :feature:updater:javaPreCompileDebug UP-TO-DATE
> Task :feature:image-viewer:mergeDebugJniLibFolders UP-TO-DATE
> Task :domain:bundleLibRuntimeToJarDebug UP-TO-DATE
> Task :feature:image-viewer:mergeDebugNativeLibs NO-SOURCE
> Task :android:core:dataBindingGenBaseClassesDebug UP-TO-DATE
> Task :data:android:checkDebugAarMetadata UP-TO-DATE
> Task :data:core:checkDebugAarMetadata UP-TO-DATE
> Task :data:checkDebugAarMetadata UP-TO-DATE
> Task :app:mergeGithubDebugResources UP-TO-DATE
> Task :feature:image-viewer:copyDebugJniLibsProjectOnly UP-TO-DATE
> Task :data:stripDebugDebugSymbols NO-SOURCE
> Task :feature:updater:mergeDebugJniLibFolders UP-TO-DATE
> Task :android:core:generateDebugRFile UP-TO-DATE
> Task :data:android:stripDebugDebugSymbols NO-SOURCE
> Task :data:copyDebugJniLibsProjectAndLocalJars UP-TO-DATE
> Task :android:core:writeDebugAarMetadata UP-TO-DATE
> Task :feature:updater:mergeDebugNativeLibs NO-SOURCE
> Task :feature:review:discover:dataBindingMergeDependencyArtifactsDebug UP-TO-DATE
> Task :data:extractDeepLinksForAarDebug UP-TO-DATE
> Task :android:core:extractDeepLinksDebug UP-TO-DATE
> Task :data:prepareDebugArtProfile UP-TO-DATE
> Task :feature:review:discover:javaPreCompileDebug UP-TO-DATE
> Task :feature:updater:copyDebugJniLibsProjectOnly UP-TO-DATE
> Task :app:packageGithubDebugResources UP-TO-DATE
> Task :feature:review:discover:mergeDebugJniLibFolders UP-TO-DATE
> Task :android:core:processDebugManifest UP-TO-DATE
> Task :data:prepareLintJarForPublish UP-TO-DATE
> Task :app:navigation:checkDebugAarMetadata UP-TO-DATE
> Task :feature:review:discover:mergeDebugNativeLibs NO-SOURCE
> Task :feature:review:discover:copyDebugJniLibsProjectOnly UP-TO-DATE
> Task :android:core:compileDebugLibraryResources UP-TO-DATE
> Task :android:core:checkKotlinGradlePluginConfigurationErrors SKIPPED
> Task :android:core:generateDebugBuildConfig UP-TO-DATE
> Task :android:core:javaPreCompileDebug UP-TO-DATE
> Task :android:core:mergeDebugShaders UP-TO-DATE
> Task :android:core:compileDebugShaders NO-SOURCE
> Task :android:core:generateDebugAssets UP-TO-DATE
> Task :android:core:mergeDebugAssets UP-TO-DATE
> Task :android:core:mergeDebugJniLibFolders UP-TO-DATE
> Task :android:core:mergeDebugNativeLibs NO-SOURCE
> Task :domain:processDebugJavaRes UP-TO-DATE
> Task :common:recommendation:dataBindingMergeDependencyArtifactsDebug UP-TO-DATE
> Task :android:core:copyDebugJniLibsProjectOnly UP-TO-DATE
> Task :common:forum:dataBindingMergeDependencyArtifactsDebug UP-TO-DATE
> Task :common:studio:dataBindingMergeDependencyArtifactsDebug UP-TO-DATE
> Task :common:user:dataBindingMergeDependencyArtifactsDebug UP-TO-DATE
> Task :common:feed:dataBindingMergeDependencyArtifactsDebug UP-TO-DATE
> Task :common:news:dataBindingMergeDependencyArtifactsDebug UP-TO-DATE
> Task :domain:bundleLibRuntimeToDirDebug UP-TO-DATE
> Task :common:feed:checkDebugAarMetadata UP-TO-DATE
> Task :common:editor:checkDebugAarMetadata UP-TO-DATE
> Task :android:core:checkDebugAarMetadata UP-TO-DATE
> Task :common:episode:checkDebugAarMetadata UP-TO-DATE
> Task :common:character:checkDebugAarMetadata UP-TO-DATE
> Task :android:core:stripDebugDebugSymbols NO-SOURCE
> Task :common:feed:generateDebugResValues UP-TO-DATE
> Task :domain:mergeDebugJniLibFolders UP-TO-DATE
> Task :common:forum:checkDebugAarMetadata UP-TO-DATE
> Task :common:genre:checkDebugAarMetadata UP-TO-DATE
> Task :common:forum:generateDebugResValues UP-TO-DATE
> Task :common:feed:generateDebugResources UP-TO-DATE
> Task :android:core:copyDebugJniLibsProjectAndLocalJars UP-TO-DATE
> Task :common:forum:generateDebugResources UP-TO-DATE
> Task :domain:mergeDebugNativeLibs NO-SOURCE
> Task :android:core:extractDeepLinksForAarDebug UP-TO-DATE
> Task :domain:copyDebugJniLibsProjectOnly UP-TO-DATE
> Task :common:markdown:checkDebugAarMetadata UP-TO-DATE
> Task :android:core:prepareDebugArtProfile UP-TO-DATE
> Task :common:feed:packageDebugResources UP-TO-DATE
> Task :common:feed:processDebugNavigationResources UP-TO-DATE
> Task :android:core:prepareLintJarForPublish UP-TO-DATE
> Task :common:feed:parseDebugLocalResources UP-TO-DATE
> Task :common:feed:generateDebugRFile UP-TO-DATE
> Task :common:feed:extractDeepLinksForAarDebug UP-TO-DATE
> Task :domain:checkDebugAarMetadata UP-TO-DATE
> Task :domain:stripDebugDebugSymbols NO-SOURCE
> Task :domain:copyDebugJniLibsProjectAndLocalJars UP-TO-DATE
> Task :app:navigation:kaptGenerateStubsDebugKotlin UP-TO-DATE
> Task :app:navigation:kaptDebugKotlin SKIPPED
> Task :common:media:checkDebugAarMetadata UP-TO-DATE
> Task :android:navigation:checkDebugAarMetadata UP-TO-DATE
> Task :android:deeplink:checkDebugAarMetadata UP-TO-DATE
> Task :app:processGithubDebugNavigationResources UP-TO-DATE
> Task :common:shared:checkDebugAarMetadata UP-TO-DATE
> Task :data:settings:kaptGenerateStubsDebugKotlin UP-TO-DATE
> Task :app:parseGithubDebugLocalResources UP-TO-DATE
> Task :data:settings:kaptDebugKotlin SKIPPED
> Task :common:medialist:checkDebugAarMetadata UP-TO-DATE
> Task :app:core:dataBindingGenBaseClassesDebug UP-TO-DATE
> Task :common:review:checkDebugAarMetadata UP-TO-DATE
> Task :common:recommendation:checkDebugAarMetadata UP-TO-DATE
> Task :common:feed:mergeDebugShaders UP-TO-DATE
> Task :common:studio:checkDebugAarMetadata UP-TO-DATE
> Task :common:forum:packageDebugResources UP-TO-DATE
> Task :data:android:copyDebugJniLibsProjectAndLocalJars UP-TO-DATE
> Task :common:news:checkDebugAarMetadata UP-TO-DATE
> Task :common:tag:checkDebugAarMetadata UP-TO-DATE
> Task :domain:extractDebugAnnotations UP-TO-DATE
> Task :data:settings:compileDebugKotlin UP-TO-DATE
> Task :domain:extractDeepLinksForAarDebug UP-TO-DATE
> Task :common:staff:checkDebugAarMetadata UP-TO-DATE
> Task :domain:mergeDebugGeneratedProguardFiles UP-TO-DATE
> Task :common:forum:processDebugNavigationResources UP-TO-DATE
> Task :common:editor:dataBindingGenBaseClassesDebug UP-TO-DATE
> Task :domain:mergeDebugConsumerProguardFiles UP-TO-DATE
> Task :common:user:checkDebugAarMetadata UP-TO-DATE
> Task :common:news:generateDebugResValues UP-TO-DATE
> Task :domain:prepareDebugArtProfile UP-TO-DATE
> Task :common:recommendation:generateDebugResValues UP-TO-DATE
> Task :common:news:generateDebugResources UP-TO-DATE
> Task :common:forum:parseDebugLocalResources UP-TO-DATE
> Task :domain:prepareLintJarForPublish UP-TO-DATE
> Task :app:core:checkDebugAarMetadata UP-TO-DATE
> Task :common:recommendation:generateDebugResources UP-TO-DATE
> Task :common:studio:generateDebugResValues UP-TO-DATE
> Task :domain:mergeDebugJavaResource UP-TO-DATE
> Task :common:studio:generateDebugResources UP-TO-DATE
> Task :common:news:packageDebugResources UP-TO-DATE
> Task :domain:syncDebugLibJars UP-TO-DATE
> Task :common:news:processDebugNavigationResources UP-TO-DATE
> Task :common:recommendation:packageDebugResources UP-TO-DATE
> Task :common:markdown:dataBindingGenBaseClassesDebug UP-TO-DATE
> Task :common:news:parseDebugLocalResources UP-TO-DATE
> Task :common:feed:dataBindingGenBaseClassesDebug UP-TO-DATE
> Task :domain:bundleDebugAar UP-TO-DATE
> Task :domain:assembleDebug UP-TO-DATE
> Task :common:studio:packageDebugResources UP-TO-DATE
> Task :common:feed:compileDebugShaders NO-SOURCE
> Task :feature:recommendation:dataBindingGenBaseClassesDebug UP-TO-DATE
> Task :common:feed:generateDebugAssets UP-TO-DATE
> Task :common:tag:dataBindingGenBaseClassesDebug UP-TO-DATE
> Task :common:recommendation:processDebugNavigationResources UP-TO-DATE
> Task :common:studio:processDebugNavigationResources UP-TO-DATE
> Task :common:feed:mergeDebugAssets UP-TO-DATE
> Task :common:user:generateDebugResValues UP-TO-DATE
> Task :common:feed:javaPreCompileDebug UP-TO-DATE
> Task :common:recommendation:parseDebugLocalResources UP-TO-DATE
> Task :common:user:generateDebugResources UP-TO-DATE
> Task :app:navigation:compileDebugKotlin UP-TO-DATE
> Task :common:studio:parseDebugLocalResources UP-TO-DATE
> Task :common:feed:prepareDebugArtProfile UP-TO-DATE
> Task :common:feed:prepareLintJarForPublish UP-TO-DATE
> Task :app:navigation:compileDebugJavaWithJavac NO-SOURCE
> Task :common:user:packageDebugResources UP-TO-DATE
> Task :common:user:processDebugNavigationResources UP-TO-DATE
> Task :app:navigation:bundleLibCompileToJarDebug UP-TO-DATE
> Task :common:feed:processDebugManifest UP-TO-DATE
> Task :common:feed:writeDebugAarMetadata UP-TO-DATE
> Task :app:navigation:bundleLibRuntimeToJarDebug UP-TO-DATE
> Task :data:settings:compileDebugJavaWithJavac UP-TO-DATE
> Task :data:android:extractDeepLinksForAarDebug UP-TO-DATE
> Task :common:user:parseDebugLocalResources UP-TO-DATE
> Task :data:settings:bundleLibCompileToJarDebug UP-TO-DATE
> Task :data:settings:bundleLibRuntimeToJarDebug UP-TO-DATE
> Task :app:navigation:processDebugJavaRes UP-TO-DATE
> Task :feature:image-viewer:dataBindingGenBaseClassesDebug UP-TO-DATE
> Task :data:settings:processDebugJavaRes UP-TO-DATE
> Task :data:android:prepareDebugArtProfile UP-TO-DATE
> Task :data:android:prepareLintJarForPublish UP-TO-DATE
> Task :data:settings:bundleLibRuntimeToDirDebug UP-TO-DATE
> Task :app:checkGithubDebugAarMetadata UP-TO-DATE
> Task :app:compileGithubDebugNavigationResources UP-TO-DATE
> Task :common:genre:dataBindingGenBaseClassesDebug UP-TO-DATE
> Task :android:navigation:dataBindingGenBaseClassesDebug UP-TO-DATE
> Task :app:mapGithubDebugSourceSetPaths UP-TO-DATE
> Task :app:createGithubDebugCompatibleScreenManifests UP-TO-DATE
> Task :app:extractDeepLinksGithubDebug UP-TO-DATE
> Task :data:edge:checkDebugAarMetadata UP-TO-DATE
> Task :data:edge:stripDebugDebugSymbols NO-SOURCE
> Task :common:forum:dataBindingGenBaseClassesDebug UP-TO-DATE
> Task :data:edge:copyDebugJniLibsProjectAndLocalJars UP-TO-DATE
> Task :data:edge:extractDeepLinksForAarDebug UP-TO-DATE
> Task :common:forum:generateDebugRFile UP-TO-DATE
> Task :data:edge:prepareDebugArtProfile UP-TO-DATE
> Task :common:forum:extractDeepLinksForAarDebug UP-TO-DATE
> Task :common:forum:mergeDebugShaders UP-TO-DATE
> Task :data:edge:prepareLintJarForPublish UP-TO-DATE
> Task :common:forum:compileDebugShaders NO-SOURCE
> Task :common:forum:generateDebugAssets UP-TO-DATE
> Task :common:forum:mergeDebugAssets UP-TO-DATE
> Task :common:episode:dataBindingGenBaseClassesDebug UP-TO-DATE
> Task :common:forum:javaPreCompileDebug UP-TO-DATE
> Task :common:forum:prepareDebugArtProfile UP-TO-DATE
> Task :common:forum:prepareLintJarForPublish UP-TO-DATE
> Task :data:feed:checkDebugAarMetadata UP-TO-DATE
> Task :common:forum:processDebugManifest UP-TO-DATE
> Task :common:forum:writeDebugAarMetadata UP-TO-DATE
> Task :data:feed:stripDebugDebugSymbols NO-SOURCE
> Task :data:feed:copyDebugJniLibsProjectAndLocalJars UP-TO-DATE
> Task :common:review:dataBindingGenBaseClassesDebug UP-TO-DATE
> Task :common:recommendation:dataBindingGenBaseClassesDebug UP-TO-DATE
> Task :data:imgur:checkDebugAarMetadata UP-TO-DATE
> Task :data:feed:extractDeepLinksForAarDebug UP-TO-DATE
> Task :common:news:dataBindingGenBaseClassesDebug UP-TO-DATE
> Task :data:feed:prepareDebugArtProfile UP-TO-DATE
> Task :data:imgur:stripDebugDebugSymbols NO-SOURCE
> Task :app:navigation:bundleLibRuntimeToDirDebug UP-TO-DATE
> Task :data:feed:prepareLintJarForPublish UP-TO-DATE
> Task :common:recommendation:generateDebugRFile UP-TO-DATE
> Task :app:navigation:stripDebugDebugSymbols NO-SOURCE
> Task :common:news:generateDebugRFile UP-TO-DATE
> Task :data:imgur:copyDebugJniLibsProjectAndLocalJars UP-TO-DATE
> Task :data:settings:checkDebugAarMetadata UP-TO-DATE
> Task :app:navigation:copyDebugJniLibsProjectAndLocalJars UP-TO-DATE
> Task :common:recommendation:extractDeepLinksForAarDebug UP-TO-DATE
> Task :common:news:extractDeepLinksForAarDebug UP-TO-DATE
> Task :common:studio:dataBindingGenBaseClassesDebug UP-TO-DATE
> Task :data:settings:stripDebugDebugSymbols NO-SOURCE
> Task :data:imgur:extractDeepLinksForAarDebug UP-TO-DATE
> Task :common:recommendation:mergeDebugShaders UP-TO-DATE
> Task :common:user:dataBindingGenBaseClassesDebug UP-TO-DATE
> Task :data:imgur:prepareDebugArtProfile UP-TO-DATE
> Task :data:settings:copyDebugJniLibsProjectAndLocalJars UP-TO-DATE
> Task :common:news:mergeDebugShaders UP-TO-DATE
> Task :common:user:generateDebugRFile UP-TO-DATE
> Task :common:studio:generateDebugRFile UP-TO-DATE
> Task :common:news:compileDebugShaders NO-SOURCE
> Task :common:news:generateDebugAssets UP-TO-DATE
> Task :common:recommendation:compileDebugShaders NO-SOURCE
> Task :common:recommendation:generateDebugAssets UP-TO-DATE
> Task :common:user:extractDeepLinksForAarDebug UP-TO-DATE
> Task :common:news:mergeDebugAssets UP-TO-DATE
> Task :data:imgur:prepareLintJarForPublish UP-TO-DATE
> Task :common:studio:extractDeepLinksForAarDebug UP-TO-DATE
> Task :common:recommendation:mergeDebugAssets UP-TO-DATE
> Task :common:user:mergeDebugShaders UP-TO-DATE
> Task :common:news:javaPreCompileDebug UP-TO-DATE
> Task :common:user:compileDebugShaders NO-SOURCE
> Task :common:studio:mergeDebugShaders UP-TO-DATE
> Task :common:user:generateDebugAssets UP-TO-DATE
> Task :common:news:prepareDebugArtProfile UP-TO-DATE
> Task :common:recommendation:javaPreCompileDebug UP-TO-DATE
> Task :common:studio:compileDebugShaders NO-SOURCE
> Task :common:studio:generateDebugAssets UP-TO-DATE
> Task :common:recommendation:prepareDebugArtProfile UP-TO-DATE
> Task :common:news:prepareLintJarForPublish UP-TO-DATE
> Task :common:studio:mergeDebugAssets UP-TO-DATE
> Task :common:recommendation:prepareLintJarForPublish UP-TO-DATE
> Task :common:studio:javaPreCompileDebug UP-TO-DATE
> Task :common:studio:prepareDebugArtProfile UP-TO-DATE
> Task :common:recommendation:processDebugManifest UP-TO-DATE
> Task :common:studio:prepareLintJarForPublish UP-TO-DATE
> Task :common:recommendation:writeDebugAarMetadata UP-TO-DATE
> Task :data:settings:extractDebugAnnotations UP-TO-DATE
> Task :common:news:processDebugManifest UP-TO-DATE
> Task :common:news:writeDebugAarMetadata UP-TO-DATE
> Task :common:studio:processDebugManifest UP-TO-DATE
> Task :data:settings:extractDeepLinksForAarDebug UP-TO-DATE
> Task :app:navigation:extractDebugAnnotations UP-TO-DATE
> Task :common:studio:writeDebugAarMetadata UP-TO-DATE
> Task :app:navigation:extractDeepLinksForAarDebug UP-TO-DATE
> Task :data:settings:mergeDebugGeneratedProguardFiles UP-TO-DATE
> Task :feature:auth:checkDebugAarMetadata UP-TO-DATE
> Task :feature:auth:stripDebugDebugSymbols NO-SOURCE
> Task :data:settings:mergeDebugConsumerProguardFiles UP-TO-DATE
> Task :app:navigation:mergeDebugGeneratedProguardFiles UP-TO-DATE
> Task :feature:auth:copyDebugJniLibsProjectAndLocalJars UP-TO-DATE
> Task :feature:auth:extractDeepLinksForAarDebug UP-TO-DATE
> Task :app:navigation:mergeDebugConsumerProguardFiles UP-TO-DATE
> Task :feature:auth:prepareDebugArtProfile UP-TO-DATE
> Task :app:navigation:prepareDebugArtProfile UP-TO-DATE
> Task :feature:auth:prepareLintJarForPublish UP-TO-DATE
> Task :app:navigation:prepareLintJarForPublish UP-TO-DATE
> Task :app:navigation:mergeDebugJavaResource UP-TO-DATE
> Task :feature:about:checkDebugAarMetadata UP-TO-DATE
> Task :app:navigation:syncDebugLibJars UP-TO-DATE
> Task :feature:about:stripDebugDebugSymbols NO-SOURCE
> Task :app:navigation:bundleDebugAar UP-TO-DATE
> Task :app:navigation:assembleDebug UP-TO-DATE
> Task :feature:about:copyDebugJniLibsProjectAndLocalJars UP-TO-DATE
> Task :data:settings:prepareDebugArtProfile UP-TO-DATE
> Task :feature:airing:checkDebugAarMetadata UP-TO-DATE
> Task :common:user:mergeDebugAssets UP-TO-DATE
> Task :feature:airing:stripDebugDebugSymbols NO-SOURCE
> Task :feature:about:extractDeepLinksForAarDebug UP-TO-DATE
> Task :common:user:javaPreCompileDebug UP-TO-DATE
> Task :feature:airing:copyDebugJniLibsProjectAndLocalJars UP-TO-DATE
> Task :data:settings:prepareLintJarForPublish UP-TO-DATE
> Task :common:user:prepareDebugArtProfile UP-TO-DATE
> Task :feature:airing:extractDeepLinksForAarDebug UP-TO-DATE
> Task :feature:about:prepareDebugArtProfile UP-TO-DATE
> Task :feature:airing:prepareDebugArtProfile UP-TO-DATE
> Task :common:user:prepareLintJarForPublish UP-TO-DATE
> Task :data:settings:mergeDebugJavaResource UP-TO-DATE
> Task :feature:about:prepareLintJarForPublish UP-TO-DATE
> Task :feature:airing:prepareLintJarForPublish UP-TO-DATE
> Task :common:user:processDebugManifest UP-TO-DATE
> Task :data:settings:syncDebugLibJars UP-TO-DATE
> Task :common:user:writeDebugAarMetadata UP-TO-DATE
> Task :feature:account:checkDebugAarMetadata UP-TO-DATE
> Task :data:settings:bundleDebugAar UP-TO-DATE
> Task :data:settings:assembleDebug UP-TO-DATE
> Task :feature:account:stripDebugDebugSymbols NO-SOURCE
> Task :feature:account:copyDebugJniLibsProjectAndLocalJars UP-TO-DATE
> Task :feature:account:extractDeepLinksForAarDebug UP-TO-DATE
> Task :feature:media:checkDebugAarMetadata UP-TO-DATE
> Task :feature:media:stripDebugDebugSymbols NO-SOURCE
> Task :feature:account:prepareDebugArtProfile UP-TO-DATE
> Task :feature:media:copyDebugJniLibsProjectAndLocalJars UP-TO-DATE
> Task :feature:account:prepareLintJarForPublish UP-TO-DATE
> Task :feature:media:extractDeepLinksForAarDebug UP-TO-DATE
> Task :feature:episode:dataBindingGenBaseClassesDebug UP-TO-DATE
> Task :feature:character:checkDebugAarMetadata UP-TO-DATE
> Task :feature:forum:checkDebugAarMetadata UP-TO-DATE
> Task :feature:character:stripDebugDebugSymbols NO-SOURCE
> Task :feature:feed:checkDebugAarMetadata UP-TO-DATE
> Task :feature:forum:stripDebugDebugSymbols NO-SOURCE
> Task :feature:feed:stripDebugDebugSymbols NO-SOURCE
> Task :feature:character:copyDebugJniLibsProjectAndLocalJars UP-TO-DATE
> Task :feature:forum:copyDebugJniLibsProjectAndLocalJars UP-TO-DATE
> Task :feature:character:extractDeepLinksForAarDebug UP-TO-DATE
> Task :feature:feed:copyDebugJniLibsProjectAndLocalJars UP-TO-DATE
> Task :feature:forum:extractDeepLinksForAarDebug UP-TO-DATE
> Task :feature:feed:extractDeepLinksForAarDebug UP-TO-DATE
> Task :feature:character:prepareDebugArtProfile UP-TO-DATE
> Task :feature:feed:prepareDebugArtProfile UP-TO-DATE
> Task :feature:forum:prepareDebugArtProfile UP-TO-DATE
> Task :feature:character:prepareLintJarForPublish UP-TO-DATE
> Task :feature:forum:prepareLintJarForPublish UP-TO-DATE
> Task :feature:feed:prepareLintJarForPublish UP-TO-DATE
> Task :feature:image-viewer:checkDebugAarMetadata UP-TO-DATE
> Task :feature:image-viewer:stripDebugDebugSymbols NO-SOURCE
> Task :feature:image-viewer:copyDebugJniLibsProjectAndLocalJars UP-TO-DATE
> Task :feature:image-viewer:extractDeepLinksForAarDebug UP-TO-DATE
> Task :feature:image-viewer:prepareDebugArtProfile UP-TO-DATE
> Task :feature:profile:checkDebugAarMetadata UP-TO-DATE
> Task :feature:profile:stripDebugDebugSymbols NO-SOURCE
> Task :feature:image-viewer:prepareLintJarForPublish UP-TO-DATE
> Task :feature:profile:copyDebugJniLibsProjectAndLocalJars UP-TO-DATE
> Task :feature:media:prepareDebugArtProfile UP-TO-DATE
> Task :feature:profile:extractDeepLinksForAarDebug UP-TO-DATE
> Task :feature:media:prepareLintJarForPublish UP-TO-DATE
> Task :feature:profile:prepareDebugArtProfile UP-TO-DATE
> Task :feature:profile:prepareLintJarForPublish UP-TO-DATE
> Task :feature:medialist:checkDebugAarMetadata UP-TO-DATE
> Task :feature:medialist:stripDebugDebugSymbols NO-SOURCE
> Task :feature:news:checkDebugAarMetadata UP-TO-DATE
> Task :feature:notification:checkDebugAarMetadata UP-TO-DATE
> Task :feature:medialist:copyDebugJniLibsProjectAndLocalJars UP-TO-DATE
> Task :feature:news:stripDebugDebugSymbols NO-SOURCE
> Task :feature:notification:stripDebugDebugSymbols NO-SOURCE
> Task :feature:recommendation:checkDebugAarMetadata UP-TO-DATE
> Task :feature:medialist:extractDeepLinksForAarDebug UP-TO-DATE
> Task :feature:recommendation:stripDebugDebugSymbols NO-SOURCE
> Task :feature:medialist:prepareDebugArtProfile UP-TO-DATE
> Task :feature:news:copyDebugJniLibsProjectAndLocalJars UP-TO-DATE
> Task :feature:notification:copyDebugJniLibsProjectAndLocalJars UP-TO-DATE
> Task :feature:recommendation:copyDebugJniLibsProjectAndLocalJars UP-TO-DATE
> Task :feature:news:extractDeepLinksForAarDebug UP-TO-DATE
> Task :feature:notification:extractDeepLinksForAarDebug UP-TO-DATE
> Task :feature:medialist:prepareLintJarForPublish UP-TO-DATE
> Task :feature:recommendation:extractDeepLinksForAarDebug UP-TO-DATE
> Task :feature:notification:prepareDebugArtProfile UP-TO-DATE
> Task :feature:news:prepareDebugArtProfile UP-TO-DATE
> Task :feature:recommendation:prepareDebugArtProfile UP-TO-DATE
> Task :feature:notification:prepareLintJarForPublish UP-TO-DATE
> Task :feature:news:prepareLintJarForPublish UP-TO-DATE
> Task :feature:recommendation:prepareLintJarForPublish UP-TO-DATE
> Task :feature:episode:checkDebugAarMetadata UP-TO-DATE
> Task :feature:suggestion:checkDebugAarMetadata UP-TO-DATE
> Task :feature:episode:stripDebugDebugSymbols NO-SOURCE
> Task :feature:suggestion:stripDebugDebugSymbols NO-SOURCE
> Task :feature:episode:copyDebugJniLibsProjectAndLocalJars UP-TO-DATE
> Task :feature:suggestion:copyDebugJniLibsProjectAndLocalJars UP-TO-DATE
> Task :feature:review:checkDebugAarMetadata UP-TO-DATE
> Task :feature:episode:extractDeepLinksForAarDebug UP-TO-DATE
> Task :feature:review:stripDebugDebugSymbols NO-SOURCE
> Task :feature:suggestion:extractDeepLinksForAarDebug UP-TO-DATE
> Task :feature:episode:prepareDebugArtProfile UP-TO-DATE
> Task :feature:review:copyDebugJniLibsProjectAndLocalJars UP-TO-DATE
> Task :feature:suggestion:prepareDebugArtProfile UP-TO-DATE
> Task :feature:episode:prepareLintJarForPublish UP-TO-DATE
> Task :feature:review:extractDeepLinksForAarDebug UP-TO-DATE
> Task :feature:suggestion:prepareLintJarForPublish UP-TO-DATE
> Task :feature:review:prepareDebugArtProfile UP-TO-DATE
> Task :feature:review:prepareLintJarForPublish UP-TO-DATE
> Task :feature:search:checkDebugAarMetadata UP-TO-DATE
> Task :feature:updater:checkDebugAarMetadata UP-TO-DATE
> Task :feature:updater:stripDebugDebugSymbols NO-SOURCE
> Task :feature:search:stripDebugDebugSymbols NO-SOURCE
> Task :feature:updater:copyDebugJniLibsProjectAndLocalJars UP-TO-DATE
> Task :feature:search:copyDebugJniLibsProjectAndLocalJars UP-TO-DATE
> Task :feature:search:extractDeepLinksForAarDebug UP-TO-DATE
> Task :feature:updater:extractDeepLinksForAarDebug UP-TO-DATE
> Task :feature:updater:prepareDebugArtProfile UP-TO-DATE
> Task :feature:search:prepareDebugArtProfile UP-TO-DATE
> Task :feature:settings:checkDebugAarMetadata UP-TO-DATE
> Task :feature:settings:stripDebugDebugSymbols NO-SOURCE
> Task :feature:staff:checkDebugAarMetadata UP-TO-DATE
> Task :feature:updater:prepareLintJarForPublish UP-TO-DATE
> Task :feature:search:prepareLintJarForPublish UP-TO-DATE
> Task :feature:staff:stripDebugDebugSymbols NO-SOURCE
> Task :feature:settings:copyDebugJniLibsProjectAndLocalJars UP-TO-DATE
> Task :feature:settings:extractDeepLinksForAarDebug UP-TO-DATE
> Task :feature:staff:copyDebugJniLibsProjectAndLocalJars UP-TO-DATE
> Task :feature:staff:extractDeepLinksForAarDebug UP-TO-DATE
> Task :feature:settings:prepareDebugArtProfile UP-TO-DATE
> Task :feature:staff:prepareDebugArtProfile UP-TO-DATE
> Task :feature:settings:prepareLintJarForPublish UP-TO-DATE
> Task :feature:staff:prepareLintJarForPublish UP-TO-DATE
> Task :feature:studio:checkDebugAarMetadata UP-TO-DATE
> Task :feature:studio:stripDebugDebugSymbols NO-SOURCE
> Task :feature:studio:copyDebugJniLibsProjectAndLocalJars UP-TO-DATE
> Task :feature:studio:extractDeepLinksForAarDebug UP-TO-DATE
> Task :feature:studio:prepareDebugArtProfile UP-TO-DATE
> Task :feature:studio:prepareLintJarForPublish UP-TO-DATE
> Task :data:core:kaptGenerateStubsDebugKotlin UP-TO-DATE
> Task :task:episode:checkDebugAarMetadata UP-TO-DATE
> Task :task:account:checkDebugAarMetadata UP-TO-DATE
> Task :task:account:stripDebugDebugSymbols NO-SOURCE
> Task :task:episode:stripDebugDebugSymbols NO-SOURCE
> Task :task:episode:copyDebugJniLibsProjectAndLocalJars UP-TO-DATE
> Task :task:account:copyDebugJniLibsProjectAndLocalJars UP-TO-DATE
> Task :task:episode:extractDeepLinksForAarDebug UP-TO-DATE
> Task :task:account:extractDeepLinksForAarDebug UP-TO-DATE
> Task :task:episode:prepareDebugArtProfile UP-TO-DATE
> Task :task:account:prepareDebugArtProfile UP-TO-DATE
> Task :task:favourite:checkDebugAarMetadata UP-TO-DATE
> Task :task:episode:prepareLintJarForPublish UP-TO-DATE
> Task :task:favourite:stripDebugDebugSymbols NO-SOURCE
> Task :task:account:prepareLintJarForPublish UP-TO-DATE
> Task :task:favourite:copyDebugJniLibsProjectAndLocalJars UP-TO-DATE
> Task :task:config:checkDebugAarMetadata UP-TO-DATE
> Task :task:favourite:extractDeepLinksForAarDebug UP-TO-DATE
> Task :task:config:stripDebugDebugSymbols NO-SOURCE
> Task :task:favourite:prepareDebugArtProfile UP-TO-DATE
> Task :task:config:copyDebugJniLibsProjectAndLocalJars UP-TO-DATE
> Task :task:config:extractDeepLinksForAarDebug UP-TO-DATE
> Task :task:favourite:prepareLintJarForPublish UP-TO-DATE
> Task :task:config:prepareDebugArtProfile UP-TO-DATE
> Task :task:config:prepareLintJarForPublish UP-TO-DATE
> Task :task:character:checkDebugAarMetadata UP-TO-DATE
> Task :task:feed:checkDebugAarMetadata UP-TO-DATE
> Task :task:media:checkDebugAarMetadata UP-TO-DATE
> Task :task:genre:checkDebugAarMetadata UP-TO-DATE
> Task :task:feed:stripDebugDebugSymbols NO-SOURCE
> Task :task:forum:checkDebugAarMetadata UP-TO-DATE
> Task :task:medialist:checkDebugAarMetadata UP-TO-DATE
> Task :task:media:stripDebugDebugSymbols NO-SOURCE
> Task :task:character:stripDebugDebugSymbols NO-SOURCE
> Task :task:character:copyDebugJniLibsProjectAndLocalJars UP-TO-DATE
> Task :task:feed:copyDebugJniLibsProjectAndLocalJars UP-TO-DATE
> Task :task:media:copyDebugJniLibsProjectAndLocalJars UP-TO-DATE
> Task :task:genre:stripDebugDebugSymbols NO-SOURCE
> Task :task:character:extractDeepLinksForAarDebug UP-TO-DATE
> Task :task:feed:extractDeepLinksForAarDebug UP-TO-DATE
> Task :task:news:checkDebugAarMetadata UP-TO-DATE
> Task :task:forum:stripDebugDebugSymbols NO-SOURCE
> Task :task:media:extractDeepLinksForAarDebug UP-TO-DATE
> Task :task:medialist:stripDebugDebugSymbols NO-SOURCE
> Task :task:character:prepareDebugArtProfile UP-TO-DATE
> Task :task:feed:prepareDebugArtProfile UP-TO-DATE
> Task :task:news:stripDebugDebugSymbols NO-SOURCE
> Task :task:genre:copyDebugJniLibsProjectAndLocalJars UP-TO-DATE
> Task :task:media:prepareDebugArtProfile UP-TO-DATE
> Task :task:forum:copyDebugJniLibsProjectAndLocalJars UP-TO-DATE
> Task :task:character:prepareLintJarForPublish UP-TO-DATE
> Task :task:feed:prepareLintJarForPublish UP-TO-DATE
> Task :task:medialist:copyDebugJniLibsProjectAndLocalJars UP-TO-DATE
> Task :task:news:copyDebugJniLibsProjectAndLocalJars UP-TO-DATE
> Task :task:genre:extractDeepLinksForAarDebug UP-TO-DATE
> Task :task:media:prepareLintJarForPublish UP-TO-DATE
> Task :task:news:extractDeepLinksForAarDebug UP-TO-DATE
> Task :task:forum:extractDeepLinksForAarDebug UP-TO-DATE
> Task :task:medialist:extractDeepLinksForAarDebug UP-TO-DATE
> Task :task:genre:prepareDebugArtProfile UP-TO-DATE
> Task :task:news:prepareDebugArtProfile UP-TO-DATE
> Task :task:forum:prepareDebugArtProfile UP-TO-DATE
> Task :task:medialist:prepareDebugArtProfile UP-TO-DATE
> Task :task:genre:prepareLintJarForPublish UP-TO-DATE
> Task :task:recommendation:checkDebugAarMetadata UP-TO-DATE
> Task :task:medialist:prepareLintJarForPublish UP-TO-DATE
> Task :task:forum:prepareLintJarForPublish UP-TO-DATE
> Task :task:news:prepareLintJarForPublish UP-TO-DATE
> Task :task:recommendation:stripDebugDebugSymbols NO-SOURCE
> Task :task:recommendation:copyDebugJniLibsProjectAndLocalJars UP-TO-DATE
> Task :task:recommendation:extractDeepLinksForAarDebug UP-TO-DATE
> Task :task:recommendation:prepareDebugArtProfile UP-TO-DATE
> Task :task:recommendation:prepareLintJarForPublish UP-TO-DATE
> Task :feature:media:discover:checkDebugAarMetadata UP-TO-DATE
> Task :feature:media:discover:stripDebugDebugSymbols NO-SOURCE
> Task :feature:media:discover:copyDebugJniLibsProjectAndLocalJars UP-TO-DATE
> Task :feature:media:discover:extractDeepLinksForAarDebug UP-TO-DATE
> Task :common:shared:dataBindingGenBaseClassesDebug UP-TO-DATE
> Task :app:processGithubDebugMainManifest UP-TO-DATE
> Task :feature:media:discover:prepareDebugArtProfile UP-TO-DATE
> Task :app:processGithubDebugManifest UP-TO-DATE
> Task :app:processGithubDebugManifestForPackage UP-TO-DATE
> Task :task:review:checkDebugAarMetadata UP-TO-DATE
> Task :feature:review:discover:checkDebugAarMetadata UP-TO-DATE
> Task :feature:medialist:editor:checkDebugAarMetadata UP-TO-DATE
> Task :feature:media:discover:filter:checkDebugAarMetadata UP-TO-DATE
> Task :feature:media:carousel:checkDebugAarMetadata UP-TO-DATE
> Task :data:core:kaptDebugKotlin UP-TO-DATE
> Task :task:studio:checkDebugAarMetadata UP-TO-DATE
> Task :task:tag:checkDebugAarMetadata UP-TO-DATE
> Task :task:staff:checkDebugAarMetadata UP-TO-DATE
> Task :task:updater:checkDebugAarMetadata UP-TO-DATE
> Task :common:media:dataBindingGenBaseClassesDebug UP-TO-DATE
> Task :task:user:checkDebugAarMetadata UP-TO-DATE
> Task :feature:auth:dataBindingGenBaseClassesDebug UP-TO-DATE
> Task :feature:feed:dataBindingGenBaseClassesDebug UP-TO-DATE
> Task :feature:character:dataBindingGenBaseClassesDebug UP-TO-DATE
> Task :common:character:dataBindingGenBaseClassesDebug UP-TO-DATE
> Task :feature:studio:dataBindingGenBaseClassesDebug UP-TO-DATE
> Task :feature:staff:dataBindingGenBaseClassesDebug UP-TO-DATE
> Task :data:core:compileDebugKotlin UP-TO-DATE
> Task :feature:suggestion:dataBindingGenBaseClassesDebug UP-TO-DATE
> Task :feature:notification:dataBindingGenBaseClassesDebug UP-TO-DATE
> Task :common:staff:dataBindingGenBaseClassesDebug UP-TO-DATE
> Task :feature:airing:dataBindingGenBaseClassesDebug UP-TO-DATE
> Task :feature:media:discover:filter:dataBindingGenBaseClassesDebug UP-TO-DATE
> Task :data:core:compileDebugJavaWithJavac UP-TO-DATE
> Task :feature:review:dataBindingGenBaseClassesDebug UP-TO-DATE
> Task :data:core:bundleLibCompileToJarDebug UP-TO-DATE
> Task :feature:media:carousel:dataBindingGenBaseClassesDebug UP-TO-DATE
> Task :feature:media:discover:dataBindingGenBaseClassesDebug UP-TO-DATE
> Task :data:core:bundleLibRuntimeToJarDebug UP-TO-DATE
> Task :feature:medialist:dataBindingGenBaseClassesDebug UP-TO-DATE
> Task :task:review:stripDebugDebugSymbols NO-SOURCE
> Task :common:medialist:dataBindingGenBaseClassesDebug UP-TO-DATE
> Task :data:core:processDebugJavaRes UP-TO-DATE
> Task :task:review:copyDebugJniLibsProjectAndLocalJars UP-TO-DATE
> Task :task:review:extractDeepLinksForAarDebug UP-TO-DATE
> Task :data:core:bundleLibRuntimeToDirDebug UP-TO-DATE
> Task :data:core:stripDebugDebugSymbols NO-SOURCE
> Task :data:core:copyDebugJniLibsProjectAndLocalJars UP-TO-DATE
> Task :feature:review:discover:dataBindingGenBaseClassesDebug UP-TO-DATE
> Task :feature:forum:dataBindingGenBaseClassesDebug UP-TO-DATE
> Task :task:staff:stripDebugDebugSymbols NO-SOURCE
> Task :feature:search:dataBindingGenBaseClassesDebug UP-TO-DATE
> Task :task:staff:copyDebugJniLibsProjectAndLocalJars UP-TO-DATE
> Task :feature:settings:dataBindingGenBaseClassesDebug UP-TO-DATE
> Task :task:review:prepareDebugArtProfile UP-TO-DATE
> Task :task:studio:stripDebugDebugSymbols NO-SOURCE
> Task :task:tag:stripDebugDebugSymbols NO-SOURCE
> Task :task:studio:copyDebugJniLibsProjectAndLocalJars UP-TO-DATE
> Task :task:review:prepareLintJarForPublish UP-TO-DATE
> Task :task:tag:copyDebugJniLibsProjectAndLocalJars UP-TO-DATE
> Task :task:studio:extractDeepLinksForAarDebug UP-TO-DATE
> Task :task:updater:stripDebugDebugSymbols NO-SOURCE
> Task :task:tag:extractDeepLinksForAarDebug UP-TO-DATE
> Task :task:studio:prepareDebugArtProfile UP-TO-DATE
> Task :task:updater:copyDebugJniLibsProjectAndLocalJars UP-TO-DATE
> Task :task:tag:prepareDebugArtProfile UP-TO-DATE
> Task :task:studio:prepareLintJarForPublish UP-TO-DATE
> Task :task:updater:extractDeepLinksForAarDebug UP-TO-DATE
> Task :task:user:stripDebugDebugSymbols NO-SOURCE
> Task :task:tag:prepareLintJarForPublish UP-TO-DATE
> Task :feature:media:carousel:stripDebugDebugSymbols NO-SOURCE
> Task :task:updater:prepareDebugArtProfile UP-TO-DATE
> Task :task:user:copyDebugJniLibsProjectAndLocalJars UP-TO-DATE
> Task :feature:media:carousel:copyDebugJniLibsProjectAndLocalJars UP-TO-DATE
> Task :feature:media:carousel:extractDeepLinksForAarDebug UP-TO-DATE
> Task :feature:media:discover:prepareLintJarForPublish UP-TO-DATE
> Task :task:user:extractDeepLinksForAarDebug UP-TO-DATE
> Task :task:updater:prepareLintJarForPublish UP-TO-DATE
> Task :feature:review:discover:stripDebugDebugSymbols NO-SOURCE
> Task :feature:media:discover:filter:stripDebugDebugSymbols NO-SOURCE
> Task :task:user:prepareDebugArtProfile UP-TO-DATE
> Task :feature:media:carousel:prepareDebugArtProfile UP-TO-DATE
> Task :feature:review:discover:copyDebugJniLibsProjectAndLocalJars UP-TO-DATE
> Task :feature:media:discover:filter:copyDebugJniLibsProjectAndLocalJars UP-TO-DATE
> Task :feature:media:discover:filter:extractDeepLinksForAarDebug UP-TO-DATE
> Task :feature:media:carousel:prepareLintJarForPublish UP-TO-DATE
> Task :task:user:prepareLintJarForPublish UP-TO-DATE
> Task :feature:review:discover:extractDeepLinksForAarDebug UP-TO-DATE
> Task :data:core:extractDebugAnnotations UP-TO-DATE
> Task :feature:media:discover:filter:prepareDebugArtProfile UP-TO-DATE
> Task :feature:review:discover:prepareDebugArtProfile UP-TO-DATE
> Task :feature:media:discover:filter:prepareLintJarForPublish UP-TO-DATE
> Task :task:staff:extractDeepLinksForAarDebug UP-TO-DATE
> Task :data:core:extractDeepLinksForAarDebug UP-TO-DATE
> Task :feature:review:discover:prepareLintJarForPublish UP-TO-DATE
> Task :feature:profile:dataBindingGenBaseClassesDebug UP-TO-DATE
> Task :android:deeplink:dataBindingGenBaseClassesDebug UP-TO-DATE
> Task :task:staff:prepareDebugArtProfile UP-TO-DATE
> Task :data:core:mergeDebugGeneratedProguardFiles UP-TO-DATE
> Task :data:core:mergeDebugConsumerProguardFiles UP-TO-DATE
> Task :task:staff:prepareLintJarForPublish UP-TO-DATE
> Task :feature:media:dataBindingGenBaseClassesDebug UP-TO-DATE
> Task :feature:about:dataBindingGenBaseClassesDebug UP-TO-DATE
> Task :data:core:prepareDebugArtProfile UP-TO-DATE
> Task :data:core:prepareLintJarForPublish UP-TO-DATE
> Task :feature:account:dataBindingGenBaseClassesDebug UP-TO-DATE
> Task :data:core:mergeDebugJavaResource UP-TO-DATE
> Task :data:core:syncDebugLibJars UP-TO-DATE
> Task :data:core:bundleDebugAar UP-TO-DATE
> Task :data:core:assembleDebug UP-TO-DATE
> Task :feature:news:dataBindingGenBaseClassesDebug UP-TO-DATE
> Task :feature:updater:dataBindingGenBaseClassesDebug UP-TO-DATE
> Task :feature:medialist:editor:dataBindingGenBaseClassesDebug UP-TO-DATE
> Task :feature:medialist:editor:stripDebugDebugSymbols NO-SOURCE
> Task :feature:medialist:editor:copyDebugJniLibsProjectAndLocalJars UP-TO-DATE
> Task :feature:medialist:editor:extractDeepLinksForAarDebug UP-TO-DATE
> Task :feature:medialist:editor:prepareDebugArtProfile UP-TO-DATE
> Task :feature:medialist:editor:prepareLintJarForPublish UP-TO-DATE
> Task :app:processGithubDebugResources UP-TO-DATE
> Task :data:android:kaptGenerateStubsDebugKotlin UP-TO-DATE
> Task :app:dataBindingGenBaseClassesGithubDebug UP-TO-DATE
> Task :app:javaPreCompileGithubDebug UP-TO-DATE
> Task :app:mergeGithubDebugShaders UP-TO-DATE
> Task :app:compileGithubDebugShaders NO-SOURCE
> Task :app:generateGithubDebugAssets UP-TO-DATE
> Task :data:android:kaptDebugKotlin UP-TO-DATE
> Task :app:mergeGithubDebugAssets UP-TO-DATE
> Task :data:android:compileDebugKotlin UP-TO-DATE
> Task :app:compressGithubDebugAssets UP-TO-DATE
> Task :data:android:compileDebugJavaWithJavac UP-TO-DATE
> Task :data:android:bundleLibCompileToJarDebug UP-TO-DATE
> Task :data:android:bundleLibRuntimeToJarDebug UP-TO-DATE
> Task :data:android:processDebugJavaRes UP-TO-DATE
> Task :app:checkGithubDebugDuplicateClasses UP-TO-DATE
> Task :app:desugarGithubDebugFileDependencies UP-TO-DATE
> Task :data:android:bundleLibRuntimeToDirDebug UP-TO-DATE
> Task :data:android:extractDebugAnnotations UP-TO-DATE
> Task :data:android:mergeDebugGeneratedProguardFiles UP-TO-DATE
> Task :data:android:mergeDebugConsumerProguardFiles UP-TO-DATE
> Task :data:android:mergeDebugJavaResource UP-TO-DATE
> Task :data:android:syncDebugLibJars UP-TO-DATE
> Task :data:android:bundleDebugAar UP-TO-DATE
> Task :data:android:assembleDebug UP-TO-DATE
> Task :data:feed:kaptGenerateStubsDebugKotlin UP-TO-DATE
> Task :app:mergeExtDexGithubDebug UP-TO-DATE
> Task :app:generateGithubDebugJacocoPropertiesFile UP-TO-DATE
> Task :app:mergeGithubDebugJniLibFolders UP-TO-DATE
> Task :data:imgur:kaptGenerateStubsDebugKotlin UP-TO-DATE
> Task :data:feed:kaptDebugKotlin UP-TO-DATE
> Task :data:edge:kaptGenerateStubsDebugKotlin UP-TO-DATE
> Task :data:imgur:kaptDebugKotlin UP-TO-DATE
> Task :app:mergeGithubDebugNativeLibs UP-TO-DATE
> Task :app:stripGithubDebugDebugSymbols UP-TO-DATE
> Task :app:validateSigningGithubDebug UP-TO-DATE
> Task :app:writeGithubDebugAppMetadata UP-TO-DATE
> Task :app:writeGithubDebugSigningConfigVersions UP-TO-DATE
> Task :app:preGoogleDebugBuild UP-TO-DATE
> Task :data:feed:compileDebugKotlin UP-TO-DATE
> Task :app:mergeGoogleDebugNativeDebugMetadata NO-SOURCE
> Task :data:imgur:compileDebugKotlin UP-TO-DATE
> Task :data:feed:compileDebugJavaWithJavac UP-TO-DATE
> Task :data:feed:bundleLibCompileToJarDebug UP-TO-DATE
> Task :data:feed:bundleLibRuntimeToJarDebug UP-TO-DATE
> Task :data:imgur:compileDebugJavaWithJavac UP-TO-DATE
> Task :data:imgur:bundleLibCompileToJarDebug UP-TO-DATE
> Task :data:imgur:bundleLibRuntimeToJarDebug UP-TO-DATE
> Task :data:feed:processDebugJavaRes UP-TO-DATE
> Task :data:imgur:processDebugJavaRes UP-TO-DATE
> Task :data:imgur:bundleLibRuntimeToDirDebug UP-TO-DATE
> Task :data:imgur:extractDebugAnnotations UP-TO-DATE
> Task :data:imgur:mergeDebugGeneratedProguardFiles UP-TO-DATE
> Task :data:feed:bundleLibRuntimeToDirDebug UP-TO-DATE
> Task :data:imgur:mergeDebugConsumerProguardFiles UP-TO-DATE
> Task :data:imgur:mergeDebugJavaResource UP-TO-DATE
> Task :data:feed:extractDebugAnnotations UP-TO-DATE
> Task :data:feed:mergeDebugGeneratedProguardFiles UP-TO-DATE
> Task :data:feed:mergeDebugConsumerProguardFiles UP-TO-DATE
> Task :data:feed:mergeDebugJavaResource UP-TO-DATE
> Task :data:feed:syncDebugLibJars UP-TO-DATE
> Task :data:imgur:syncDebugLibJars UP-TO-DATE
> Task :data:feed:bundleDebugAar UP-TO-DATE
> Task :data:feed:assembleDebug UP-TO-DATE
> Task :data:imgur:bundleDebugAar UP-TO-DATE
> Task :data:imgur:assembleDebug UP-TO-DATE
> Task :data:edge:kaptDebugKotlin UP-TO-DATE
> Task :data:edge:compileDebugKotlin UP-TO-DATE
> Task :data:edge:compileDebugJavaWithJavac UP-TO-DATE
> Task :data:edge:bundleLibCompileToJarDebug UP-TO-DATE
> Task :data:edge:bundleLibRuntimeToJarDebug UP-TO-DATE
> Task :data:edge:processDebugJavaRes UP-TO-DATE
> Task :data:edge:bundleLibRuntimeToDirDebug UP-TO-DATE
> Task :data:edge:extractDebugAnnotations UP-TO-DATE
> Task :data:edge:mergeDebugGeneratedProguardFiles UP-TO-DATE
> Task :data:edge:mergeDebugConsumerProguardFiles UP-TO-DATE
> Task :data:edge:mergeDebugJavaResource UP-TO-DATE
> Task :data:edge:syncDebugLibJars UP-TO-DATE
> Task :data:edge:bundleDebugAar UP-TO-DATE
> Task :data:edge:assembleDebug UP-TO-DATE
> Task :app:dataBindingMergeDependencyArtifactsGoogleDebug UP-TO-DATE
> Task :app:generateGoogleDebugResValues UP-TO-DATE
> Task :app:generateGoogleDebugResources UP-TO-DATE
> Task :app:injectCrashlyticsMappingFileIdGoogleDebug UP-TO-DATE
> Task :app:processGoogleDebugGoogleServices UP-TO-DATE
> Task :app:mergeGoogleDebugResources UP-TO-DATE
> Task :app:packageGoogleDebugResources UP-TO-DATE
> Task :app:processGoogleDebugNavigationResources UP-TO-DATE
> Task :app:parseGoogleDebugLocalResources UP-TO-DATE
> Task :app:dataBindingGenBaseClassesGoogleDebug UP-TO-DATE
> Task :app:checkGoogleDebugAarMetadata UP-TO-DATE
> Task :app:compileGoogleDebugNavigationResources UP-TO-DATE
> Task :app:mapGoogleDebugSourceSetPaths UP-TO-DATE
> Task :app:createGoogleDebugCompatibleScreenManifests UP-TO-DATE
> Task :app:extractDeepLinksGoogleDebug UP-TO-DATE
> Task :app:processGoogleDebugMainManifest UP-TO-DATE
> Task :app:processGoogleDebugManifest UP-TO-DATE
> Task :app:processGoogleDebugManifestForPackage UP-TO-DATE
> Task :app:processGoogleDebugResources UP-TO-DATE
> Task :app:javaPreCompileGoogleDebug UP-TO-DATE
> Task :app:mergeGoogleDebugShaders UP-TO-DATE
> Task :app:compileGoogleDebugShaders NO-SOURCE
> Task :app:generateGoogleDebugAssets UP-TO-DATE
> Task :app:mergeGoogleDebugAssets UP-TO-DATE
> Task :data:kaptGenerateStubsDebugKotlin UP-TO-DATE
> Task :app:compressGoogleDebugAssets UP-TO-DATE
> Task :app:checkGoogleDebugDuplicateClasses UP-TO-DATE
> Task :app:desugarGoogleDebugFileDependencies UP-TO-DATE
> Task :app:mergeExtDexGoogleDebug UP-TO-DATE
> Task :app:generateGoogleDebugJacocoPropertiesFile UP-TO-DATE
> Task :app:mergeGoogleDebugJniLibFolders UP-TO-DATE
> Task :app:mergeGoogleDebugNativeLibs UP-TO-DATE
> Task :app:stripGoogleDebugDebugSymbols UP-TO-DATE
> Task :app:validateSigningGoogleDebug UP-TO-DATE
> Task :app:writeGoogleDebugAppMetadata UP-TO-DATE
> Task :app:writeGoogleDebugSigningConfigVersions UP-TO-DATE
> Task :data:kaptDebugKotlin UP-TO-DATE
> Task :data:compileDebugKotlin UP-TO-DATE
> Task :data:compileDebugJavaWithJavac UP-TO-DATE
> Task :data:bundleLibCompileToJarDebug UP-TO-DATE
> Task :data:bundleLibRuntimeToJarDebug UP-TO-DATE
> Task :data:processDebugJavaRes UP-TO-DATE
> Task :data:bundleLibRuntimeToDirDebug UP-TO-DATE
> Task :data:extractDebugAnnotations UP-TO-DATE
> Task :data:mergeDebugGeneratedProguardFiles UP-TO-DATE
> Task :data:mergeDebugConsumerProguardFiles UP-TO-DATE
> Task :data:mergeDebugJavaResource UP-TO-DATE
> Task :data:syncDebugLibJars UP-TO-DATE
> Task :data:bundleDebugAar UP-TO-DATE
> Task :data:assembleDebug UP-TO-DATE
> Task :android:core:kaptGenerateStubsDebugKotlin UP-TO-DATE
> Task :android:core:kaptDebugKotlin SKIPPED
> Task :android:core:compileDebugKotlin UP-TO-DATE
> Task :android:core:compileDebugJavaWithJavac UP-TO-DATE
> Task :android:core:bundleLibCompileToJarDebug UP-TO-DATE
> Task :android:core:bundleLibRuntimeToJarDebug UP-TO-DATE
> Task :android:core:processDebugJavaRes UP-TO-DATE
> Task :android:core:bundleLibRuntimeToDirDebug UP-TO-DATE
> Task :android:core:extractDebugAnnotations UP-TO-DATE
> Task :android:core:mergeDebugGeneratedProguardFiles UP-TO-DATE
> Task :android:core:mergeDebugConsumerProguardFiles UP-TO-DATE
> Task :android:core:mergeDebugJavaResource UP-TO-DATE
> Task :android:core:syncDebugLibJars UP-TO-DATE
> Task :android:core:bundleDebugAar UP-TO-DATE
> Task :android:core:assembleDebug UP-TO-DATE
> Task :app:core:kaptGenerateStubsDebugKotlin UP-TO-DATE
> Task :app:core:kaptDebugKotlin SKIPPED
> Task :app:core:compileDebugKotlin UP-TO-DATE
> Task :app:core:compileDebugJavaWithJavac UP-TO-DATE
> Task :app:core:bundleLibCompileToJarDebug UP-TO-DATE
> Task :task:forum:kaptGenerateStubsDebugKotlin UP-TO-DATE
> Task :task:forum:kaptDebugKotlin SKIPPED
> Task :task:media:kaptGenerateStubsDebugKotlin UP-TO-DATE
> Task :task:media:kaptDebugKotlin SKIPPED
> Task :task:staff:kaptGenerateStubsDebugKotlin UP-TO-DATE
> Task :task:recommendation:kaptGenerateStubsDebugKotlin UP-TO-DATE
> Task :task:forum:compileDebugKotlin NO-SOURCE
> Task :feature:recommendation:kaptGenerateStubsDebugKotlin UP-TO-DATE
> Task :task:character:kaptGenerateStubsDebugKotlin UP-TO-DATE
> Task :task:forum:compileDebugJavaWithJavac NO-SOURCE
> Task :task:character:kaptDebugKotlin SKIPPED
> Task :feature:recommendation:kaptDebugKotlin SKIPPED
> Task :task:recommendation:kaptDebugKotlin SKIPPED
> Task :task:staff:kaptDebugKotlin SKIPPED
> Task :task:forum:bundleLibRuntimeToJarDebug UP-TO-DATE
> Task :task:media:compileDebugKotlin NO-SOURCE
> Task :common:editor:kaptGenerateStubsDebugKotlin UP-TO-DATE
> Task :task:media:compileDebugJavaWithJavac NO-SOURCE
> Task :common:tag:kaptGenerateStubsDebugKotlin UP-TO-DATE
> Task :task:character:compileDebugKotlin NO-SOURCE
> Task :feature:recommendation:compileDebugKotlin NO-SOURCE
> Task :common:editor:kaptDebugKotlin SKIPPED
> Task :common:tag:kaptDebugKotlin SKIPPED
> Task :task:character:compileDebugJavaWithJavac NO-SOURCE
> Task :feature:recommendation:compileDebugJavaWithJavac NO-SOURCE
> Task :task:staff:compileDebugKotlin NO-SOURCE
> Task :task:recommendation:compileDebugKotlin NO-SOURCE
> Task :task:media:bundleLibRuntimeToJarDebug UP-TO-DATE
> Task :task:staff:compileDebugJavaWithJavac NO-SOURCE
> Task :task:character:bundleLibRuntimeToJarDebug UP-TO-DATE
> Task :feature:recommendation:bundleLibRuntimeToJarDebug UP-TO-DATE
> Task :task:recommendation:compileDebugJavaWithJavac NO-SOURCE
> Task :task:review:kaptGenerateStubsDebugKotlin UP-TO-DATE
> Task :task:review:kaptDebugKotlin SKIPPED
> Task :common:genre:kaptGenerateStubsDebugKotlin UP-TO-DATE
> Task :task:user:kaptGenerateStubsDebugKotlin UP-TO-DATE
> Task :task:medialist:kaptGenerateStubsDebugKotlin UP-TO-DATE
> Task :task:medialist:kaptDebugKotlin SKIPPED
> Task :task:user:kaptDebugKotlin SKIPPED
> Task :common:genre:kaptDebugKotlin SKIPPED
> Task :feature:image-viewer:kaptGenerateStubsDebugKotlin UP-TO-DATE
> Task :feature:image-viewer:kaptDebugKotlin SKIPPED
> Task :android:navigation:kaptGenerateStubsDebugKotlin UP-TO-DATE
> Task :android:navigation:kaptDebugKotlin SKIPPED
> Task :common:markdown:kaptGenerateStubsDebugKotlin UP-TO-DATE
> Task :common:tag:compileDebugKotlin UP-TO-DATE
> Task :common:markdown:kaptDebugKotlin SKIPPED
> Task :common:editor:compileDebugKotlin UP-TO-DATE
> Task :common:editor:compileDebugJavaWithJavac NO-SOURCE
> Task :common:tag:compileDebugJavaWithJavac UP-TO-DATE
> Task :common:tag:bundleLibCompileToJarDebug UP-TO-DATE
> Task :common:editor:bundleLibCompileToJarDebug UP-TO-DATE
> Task :task:review:compileDebugKotlin UP-TO-DATE
> Task :task:review:compileDebugJavaWithJavac NO-SOURCE
> Task :task:review:bundleLibRuntimeToJarDebug UP-TO-DATE
> Task :common:genre:compileDebugKotlin UP-TO-DATE
> Task :task:user:compileDebugKotlin UP-TO-DATE
> Task :task:medialist:compileDebugKotlin UP-TO-DATE
> Task :task:user:compileDebugJavaWithJavac NO-SOURCE
> Task :task:medialist:compileDebugJavaWithJavac NO-SOURCE
> Task :task:user:bundleLibRuntimeToJarDebug UP-TO-DATE
> Task :task:medialist:bundleLibRuntimeToJarDebug UP-TO-DATE
> Task :common:genre:compileDebugJavaWithJavac UP-TO-DATE
> Task :common:genre:bundleLibCompileToJarDebug UP-TO-DATE
> Task :task:feed:kaptGenerateStubsDebugKotlin UP-TO-DATE
> Task :feature:image-viewer:compileDebugKotlin UP-TO-DATE
> Task :task:feed:kaptDebugKotlin SKIPPED
> Task :task:episode:kaptGenerateStubsDebugKotlin UP-TO-DATE
> Task :task:episode:kaptDebugKotlin SKIPPED
> Task :feature:image-viewer:compileDebugJavaWithJavac UP-TO-DATE
> Task :feature:image-viewer:bundleLibRuntimeToJarDebug UP-TO-DATE
> Task :task:studio:kaptGenerateStubsDebugKotlin UP-TO-DATE
> Task :task:studio:kaptDebugKotlin SKIPPED
> Task :task:studio:compileDebugKotlin NO-SOURCE
> Task :task:studio:compileDebugJavaWithJavac NO-SOURCE
> Task :common:markdown:compileDebugKotlin UP-TO-DATE
> Task :task:studio:bundleLibRuntimeToJarDebug UP-TO-DATE
> Task :common:markdown:compileDebugJavaWithJavac NO-SOURCE
> Task :common:markdown:bundleLibCompileToJarDebug UP-TO-DATE
> Task :android:navigation:compileDebugKotlin UP-TO-DATE
> Task :task:episode:compileDebugKotlin UP-TO-DATE
> Task :task:updater:kaptGenerateStubsDebugKotlin UP-TO-DATE
> Task :task:episode:compileDebugJavaWithJavac NO-SOURCE
> Task :task:episode:bundleLibRuntimeToJarDebug UP-TO-DATE
> Task :task:tag:kaptGenerateStubsDebugKotlin UP-TO-DATE
> Task :task:genre:kaptGenerateStubsDebugKotlin UP-TO-DATE
> Task :task:genre:kaptDebugKotlin SKIPPED
> Task :android:navigation:compileDebugJavaWithJavac UP-TO-DATE
> Task :task:account:kaptGenerateStubsDebugKotlin UP-TO-DATE
> Task :task:tag:kaptDebugKotlin SKIPPED
> Task :android:navigation:bundleLibCompileToJarDebug UP-TO-DATE
> Task :task:updater:kaptDebugKotlin SKIPPED
> Task :task:account:kaptDebugKotlin SKIPPED
> Task :task:updater:compileDebugKotlin NO-SOURCE
> Task :task:updater:compileDebugJavaWithJavac NO-SOURCE
> Task :task:updater:bundleLibRuntimeToJarDebug UP-TO-DATE
> Task :task:config:kaptGenerateStubsDebugKotlin UP-TO-DATE
> Task :task:config:kaptDebugKotlin SKIPPED
> Task :common:genre:bundleLibRuntimeToJarDebug UP-TO-DATE
> Task :common:tag:bundleLibRuntimeToJarDebug UP-TO-DATE
> Task :task:tag:compileDebugKotlin UP-TO-DATE
> Task :common:markdown:bundleLibRuntimeToJarDebug UP-TO-DATE
> Task :task:tag:compileDebugJavaWithJavac NO-SOURCE
> Task :task:tag:bundleLibRuntimeToJarDebug UP-TO-DATE
> Task :task:account:compileDebugKotlin UP-TO-DATE
> Task :common:editor:bundleLibRuntimeToJarDebug UP-TO-DATE
> Task :task:account:compileDebugJavaWithJavac NO-SOURCE
> Task :task:account:bundleLibRuntimeToJarDebug UP-TO-DATE
> Task :app:core:bundleLibRuntimeToJarDebug UP-TO-DATE
> Task :task:config:compileDebugKotlin UP-TO-DATE
> Task :common:episode:kaptGenerateStubsDebugKotlin UP-TO-DATE
> Task :common:episode:kaptDebugKotlin SKIPPED
> Task :task:config:compileDebugJavaWithJavac NO-SOURCE
> Task :task:config:bundleLibRuntimeToJarDebug UP-TO-DATE
> Task :common:editor:processDebugJavaRes UP-TO-DATE
> Task :app:core:processDebugJavaRes UP-TO-DATE
> Task :common:genre:processDebugJavaRes UP-TO-DATE
> Task :common:markdown:processDebugJavaRes UP-TO-DATE
> Task :feature:recommendation:processDebugJavaRes NO-SOURCE
> Task :common:tag:processDebugJavaRes UP-TO-DATE
> Task :feature:image-viewer:processDebugJavaRes UP-TO-DATE
> Task :task:character:processDebugJavaRes NO-SOURCE
> Task :task:account:processDebugJavaRes UP-TO-DATE
> Task :task:config:processDebugJavaRes UP-TO-DATE
> Task :task:forum:processDebugJavaRes NO-SOURCE
> Task :task:media:processDebugJavaRes NO-SOURCE
> Task :task:episode:processDebugJavaRes UP-TO-DATE
> Task :task:review:processDebugJavaRes UP-TO-DATE
> Task :task:medialist:processDebugJavaRes UP-TO-DATE
> Task :common:shared:kaptGenerateStubsDebugKotlin UP-TO-DATE
> Task :task:studio:processDebugJavaRes NO-SOURCE
> Task :task:updater:processDebugJavaRes NO-SOURCE
> Task :common:shared:kaptDebugKotlin SKIPPED
> Task :feature:recommendation:bundleLibRuntimeToDirDebug UP-TO-DATE
> Task :task:tag:processDebugJavaRes UP-TO-DATE
> Task :task:user:processDebugJavaRes UP-TO-DATE
> Task :task:character:bundleLibRuntimeToDirDebug UP-TO-DATE
> Task :feature:image-viewer:bundleLibRuntimeToDirDebug UP-TO-DATE
> Task :task:forum:bundleLibRuntimeToDirDebug UP-TO-DATE
> Task :task:media:bundleLibRuntimeToDirDebug UP-TO-DATE
> Task :task:staff:bundleLibRuntimeToJarDebug UP-TO-DATE
> Task :task:recommendation:bundleLibRuntimeToJarDebug UP-TO-DATE
> Task :common:episode:compileDebugKotlin UP-TO-DATE
> Task :android:navigation:bundleLibRuntimeToJarDebug UP-TO-DATE
> Task :task:feed:compileDebugKotlin NO-SOURCE
> Task :task:staff:processDebugJavaRes NO-SOURCE
> Task :task:recommendation:processDebugJavaRes NO-SOURCE
> Task :task:feed:compileDebugJavaWithJavac NO-SOURCE
> Task :android:navigation:processDebugJavaRes UP-TO-DATE
> Task :task:feed:bundleLibRuntimeToJarDebug UP-TO-DATE
> Task :task:staff:bundleLibRuntimeToDirDebug UP-TO-DATE
> Task :common:episode:compileDebugJavaWithJavac UP-TO-DATE
> Task :task:feed:processDebugJavaRes NO-SOURCE
> Task :common:episode:bundleLibCompileToJarDebug UP-TO-DATE
> Task :task:review:bundleLibRuntimeToDirDebug UP-TO-DATE
> Task :common:episode:bundleLibRuntimeToJarDebug UP-TO-DATE
> Task :task:user:bundleLibRuntimeToDirDebug UP-TO-DATE
> Task :task:episode:bundleLibRuntimeToDirDebug UP-TO-DATE
> Task :task:medialist:bundleLibRuntimeToDirDebug UP-TO-DATE
> Task :common:episode:processDebugJavaRes UP-TO-DATE
> Task :task:feed:bundleLibRuntimeToDirDebug UP-TO-DATE
> Task :task:studio:bundleLibRuntimeToDirDebug UP-TO-DATE
> Task :task:recommendation:bundleLibRuntimeToDirDebug UP-TO-DATE
> Task :task:updater:bundleLibRuntimeToDirDebug UP-TO-DATE
> Task :task:news:kaptGenerateStubsDebugKotlin UP-TO-DATE
> Task :task:news:kaptDebugKotlin SKIPPED
> Task :task:tag:bundleLibRuntimeToDirDebug UP-TO-DATE
> Task :task:genre:compileDebugKotlin UP-TO-DATE
> Task :common:shared:compileDebugKotlin UP-TO-DATE
> Task :task:config:bundleLibRuntimeToDirDebug UP-TO-DATE
> Task :common:tag:bundleLibRuntimeToDirDebug UP-TO-DATE
> Task :task:genre:compileDebugJavaWithJavac NO-SOURCE
> Task :task:account:bundleLibRuntimeToDirDebug UP-TO-DATE
> Task :common:genre:bundleLibRuntimeToDirDebug UP-TO-DATE
> Task :common:episode:bundleLibRuntimeToDirDebug UP-TO-DATE
> Task :task:genre:bundleLibRuntimeToJarDebug UP-TO-DATE
> Task :task:favourite:kaptGenerateStubsDebugKotlin UP-TO-DATE
> Task :task:favourite:kaptDebugKotlin SKIPPED
> Task :android:navigation:bundleLibRuntimeToDirDebug UP-TO-DATE
> Task :common:shared:compileDebugJavaWithJavac UP-TO-DATE
> Task :common:markdown:bundleLibRuntimeToDirDebug UP-TO-DATE
> Task :common:shared:bundleLibCompileToJarDebug UP-TO-DATE
> Task :task:genre:processDebugJavaRes UP-TO-DATE
> Task :common:review:kaptGenerateStubsDebugKotlin UP-TO-DATE
> Task :common:review:kaptDebugKotlin SKIPPED
> Task :feature:episode:kaptGenerateStubsDebugKotlin UP-TO-DATE
> Task :feature:episode:kaptDebugKotlin SKIPPED
> Task :common:character:kaptGenerateStubsDebugKotlin UP-TO-DATE
> Task :common:character:kaptDebugKotlin SKIPPED
> Task :common:character:compileDebugKotlin NO-SOURCE
> Task :feature:character:kaptGenerateStubsDebugKotlin UP-TO-DATE
> Task :feature:staff:kaptGenerateStubsDebugKotlin UP-TO-DATE
> Task :feature:studio:kaptGenerateStubsDebugKotlin UP-TO-DATE
> Task :common:character:compileDebugJavaWithJavac NO-SOURCE
> Task :feature:character:kaptDebugKotlin SKIPPED
> Task :feature:staff:kaptDebugKotlin SKIPPED
> Task :common:character:bundleLibCompileToJarDebug UP-TO-DATE
> Task :feature:auth:kaptGenerateStubsDebugKotlin UP-TO-DATE
> Task :feature:auth:kaptDebugKotlin SKIPPED
> Task :task:news:compileDebugKotlin UP-TO-DATE
> Task :feature:studio:kaptDebugKotlin SKIPPED
> Task :task:favourite:compileDebugKotlin UP-TO-DATE
> Task :android:deeplink:kaptGenerateStubsDebugKotlin UP-TO-DATE
> Task :android:deeplink:kaptDebugKotlin SKIPPED
> Task :common:review:compileDebugKotlin UP-TO-DATE
> Task :common:staff:kaptGenerateStubsDebugKotlin UP-TO-DATE
> Task :common:staff:kaptDebugKotlin SKIPPED
> Task :feature:staff:compileDebugKotlin UP-TO-DATE
> Task :common:review:compileDebugJavaWithJavac UP-TO-DATE
> Task :feature:forum:kaptGenerateStubsDebugKotlin UP-TO-DATE
> Task :feature:forum:kaptDebugKotlin SKIPPED
> Task :common:staff:compileDebugKotlin NO-SOURCE
> Task :feature:auth:compileDebugKotlin UP-TO-DATE
> Task :common:staff:compileDebugJavaWithJavac NO-SOURCE
> Task :common:staff:bundleLibCompileToJarDebug UP-TO-DATE
> Task :feature:staff:compileDebugJavaWithJavac UP-TO-DATE
> Task :feature:character:compileDebugKotlin UP-TO-DATE
> Task :feature:staff:bundleLibRuntimeToJarDebug UP-TO-DATE
> Task :common:review:bundleLibCompileToJarDebug UP-TO-DATE
> Task :feature:episode:compileDebugKotlin UP-TO-DATE
> Task :feature:character:compileDebugJavaWithJavac NO-SOURCE
> Task :feature:auth:compileDebugJavaWithJavac UP-TO-DATE
> Task :feature:notification:kaptGenerateStubsDebugKotlin UP-TO-DATE
> Task :feature:episode:compileDebugJavaWithJavac NO-SOURCE
> Task :feature:notification:kaptDebugKotlin SKIPPED
> Task :feature:character:bundleLibRuntimeToJarDebug UP-TO-DATE
> Task :feature:auth:bundleLibRuntimeToJarDebug UP-TO-DATE
> Task :feature:episode:bundleLibRuntimeToJarDebug UP-TO-DATE
> Task :feature:suggestion:kaptGenerateStubsDebugKotlin UP-TO-DATE
> Task :common:media:kaptGenerateStubsDebugKotlin UP-TO-DATE
> Task :feature:suggestion:kaptDebugKotlin SKIPPED
> Task :common:media:kaptDebugKotlin SKIPPED
> Task :feature:studio:compileDebugKotlin UP-TO-DATE
> Task :feature:feed:kaptGenerateStubsDebugKotlin UP-TO-DATE
> Task :feature:studio:compileDebugJavaWithJavac NO-SOURCE
> Task :feature:feed:kaptDebugKotlin SKIPPED
> Task :feature:search:kaptGenerateStubsDebugKotlin UP-TO-DATE
> Task :feature:search:kaptDebugKotlin SKIPPED
> Task :android:deeplink:compileDebugKotlin UP-TO-DATE
> Task :feature:media:discover:filter:kaptGenerateStubsDebugKotlin UP-TO-DATE
> Task :feature:media:discover:filter:kaptDebugKotlin SKIPPED
> Task :android:deeplink:compileDebugJavaWithJavac NO-SOURCE
> Task :feature:forum:compileDebugKotlin UP-TO-DATE
> Task :feature:forum:compileDebugJavaWithJavac NO-SOURCE
> Task :feature:forum:bundleLibRuntimeToJarDebug UP-TO-DATE
> Task :feature:studio:bundleLibRuntimeToJarDebug UP-TO-DATE
> Task :task:news:compileDebugJavaWithJavac NO-SOURCE
> Task :task:news:bundleLibRuntimeToJarDebug UP-TO-DATE
> Task :feature:notification:compileDebugKotlin UP-TO-DATE
> Task :feature:notification:compileDebugJavaWithJavac NO-SOURCE
> Task :feature:review:kaptGenerateStubsDebugKotlin UP-TO-DATE
> Task :feature:review:kaptDebugKotlin SKIPPED
> Task :android:deeplink:bundleLibCompileToJarDebug UP-TO-DATE
> Task :feature:notification:bundleLibRuntimeToJarDebug UP-TO-DATE
> Task :task:favourite:compileDebugJavaWithJavac NO-SOURCE
> Task :android:deeplink:bundleLibRuntimeToJarDebug UP-TO-DATE
> Task :feature:about:kaptGenerateStubsDebugKotlin UP-TO-DATE
> Task :task:favourite:bundleLibRuntimeToJarDebug UP-TO-DATE
> Task :feature:about:kaptDebugKotlin SKIPPED
> Task :feature:feed:compileDebugKotlin UP-TO-DATE
> Task :feature:settings:kaptGenerateStubsDebugKotlin UP-TO-DATE
> Task :feature:search:compileDebugKotlin UP-TO-DATE
> Task :feature:feed:compileDebugJavaWithJavac NO-SOURCE
> Task :common:character:bundleLibRuntimeToJarDebug UP-TO-DATE
> Task :feature:settings:kaptDebugKotlin SKIPPED
> Task :feature:feed:bundleLibRuntimeToJarDebug UP-TO-DATE
> Task :feature:search:compileDebugJavaWithJavac NO-SOURCE
> Task :feature:review:discover:kaptGenerateStubsDebugKotlin UP-TO-DATE
> Task :feature:search:bundleLibRuntimeToJarDebug UP-TO-DATE
> Task :feature:review:discover:kaptDebugKotlin SKIPPED
> Task :common:staff:bundleLibRuntimeToJarDebug UP-TO-DATE
> Task :feature:suggestion:compileDebugKotlin UP-TO-DATE
> Task :feature:suggestion:compileDebugJavaWithJavac NO-SOURCE
> Task :common:review:bundleLibRuntimeToJarDebug UP-TO-DATE
> Task :common:shared:bundleLibRuntimeToJarDebug UP-TO-DATE
> Task :feature:suggestion:bundleLibRuntimeToJarDebug UP-TO-DATE
> Task :feature:media:discover:filter:compileDebugKotlin UP-TO-DATE
> Task :feature:profile:kaptGenerateStubsDebugKotlin UP-TO-DATE
> Task :feature:profile:kaptDebugKotlin SKIPPED
> Task :common:character:processDebugJavaRes NO-SOURCE
> Task :android:deeplink:processDebugJavaRes UP-TO-DATE
> Task :common:review:processDebugJavaRes UP-TO-DATE
> Task :feature:news:kaptGenerateStubsDebugKotlin UP-TO-DATE
> Task :feature:media:discover:filter:compileDebugJavaWithJavac UP-TO-DATE
> Task :common:shared:processDebugJavaRes UP-TO-DATE
> Task :feature:news:kaptDebugKotlin SKIPPED
> Task :feature:character:processDebugJavaRes UP-TO-DATE
> Task :feature:auth:processDebugJavaRes UP-TO-DATE
> Task :feature:account:kaptGenerateStubsDebugKotlin UP-TO-DATE
> Task :feature:account:kaptDebugKotlin SKIPPED
> Task :common:staff:processDebugJavaRes NO-SOURCE
> Task :feature:feed:processDebugJavaRes UP-TO-DATE
> Task :feature:media:discover:filter:bundleLibRuntimeToJarDebug UP-TO-DATE
> Task :feature:forum:processDebugJavaRes UP-TO-DATE
> Task :feature:notification:processDebugJavaRes UP-TO-DATE
> Task :common:media:compileDebugKotlin UP-TO-DATE
> Task :feature:search:processDebugJavaRes UP-TO-DATE
> Task :feature:staff:processDebugJavaRes UP-TO-DATE
> Task :feature:studio:processDebugJavaRes UP-TO-DATE
> Task :feature:updater:kaptGenerateStubsDebugKotlin UP-TO-DATE
> Task :feature:suggestion:processDebugJavaRes UP-TO-DATE
> Task :feature:updater:kaptDebugKotlin SKIPPED
> Task :task:news:processDebugJavaRes UP-TO-DATE
> Task :feature:review:compileDebugKotlin UP-TO-DATE
> Task :feature:media:discover:filter:processDebugJavaRes UP-TO-DATE
> Task :feature:review:compileDebugJavaWithJavac NO-SOURCE
> Task :feature:review:bundleLibRuntimeToJarDebug UP-TO-DATE
> Task :feature:about:compileDebugKotlin UP-TO-DATE
> Task :feature:about:compileDebugJavaWithJavac NO-SOURCE
> Task :feature:episode:processDebugJavaRes UP-TO-DATE
> Task :feature:character:bundleLibRuntimeToDirDebug UP-TO-DATE
> Task :common:media:compileDebugJavaWithJavac UP-TO-DATE
> Task :feature:review:processDebugJavaRes UP-TO-DATE
> Task :common:media:bundleLibCompileToJarDebug UP-TO-DATE
> Task :feature:auth:bundleLibRuntimeToDirDebug UP-TO-DATE
> Task :feature:review:discover:compileDebugKotlin UP-TO-DATE
> Task :feature:feed:bundleLibRuntimeToDirDebug UP-TO-DATE
> Task :feature:episode:bundleLibRuntimeToDirDebug UP-TO-DATE
> Task :feature:profile:compileDebugKotlin UP-TO-DATE
> Task :feature:review:discover:compileDebugJavaWithJavac NO-SOURCE
> Task :feature:review:discover:bundleLibRuntimeToJarDebug UP-TO-DATE
> Task :android:deeplink:bundleLibRuntimeToDirDebug UP-TO-DATE
> Task :task:favourite:processDebugJavaRes UP-TO-DATE
> Task :feature:profile:compileDebugJavaWithJavac NO-SOURCE
> Task :common:media:bundleLibRuntimeToJarDebug UP-TO-DATE
> Task :feature:profile:bundleLibRuntimeToJarDebug UP-TO-DATE
> Task :common:media:processDebugJavaRes UP-TO-DATE
> Task :feature:account:compileDebugKotlin UP-TO-DATE
> Task :feature:account:compileDebugJavaWithJavac NO-SOURCE
> Task :feature:profile:processDebugJavaRes UP-TO-DATE
> Task :feature:account:bundleLibRuntimeToJarDebug UP-TO-DATE
> Task :feature:account:processDebugJavaRes UP-TO-DATE
> Task :feature:about:bundleLibRuntimeToJarDebug UP-TO-DATE
> Task :feature:review:discover:processDebugJavaRes UP-TO-DATE
> Task :feature:about:processDebugJavaRes UP-TO-DATE
> Task :feature:updater:compileDebugKotlin UP-TO-DATE
> Task :app:kaptGenerateStubsGithubDebugKotlin UP-TO-DATE
> Task :app:kaptGithubDebugKotlin SKIPPED
> Task :feature:news:compileDebugKotlin UP-TO-DATE
> Task :feature:updater:compileDebugJavaWithJavac NO-SOURCE
> Task :feature:news:compileDebugJavaWithJavac NO-SOURCE
> Task :feature:updater:bundleLibRuntimeToJarDebug UP-TO-DATE
> Task :feature:media:discover:kaptGenerateStubsDebugKotlin UP-TO-DATE
> Task :feature:media:discover:kaptDebugKotlin SKIPPED
> Task :feature:settings:compileDebugKotlin UP-TO-DATE
> Task :feature:news:bundleLibRuntimeToJarDebug UP-TO-DATE
> Task :feature:media:carousel:kaptGenerateStubsDebugKotlin UP-TO-DATE
> Task :feature:updater:processDebugJavaRes UP-TO-DATE
> Task :feature:media:carousel:kaptDebugKotlin SKIPPED
> Task :feature:medialist:kaptGenerateStubsDebugKotlin UP-TO-DATE
> Task :feature:medialist:kaptDebugKotlin SKIPPED
> Task :feature:staff:bundleLibRuntimeToDirDebug UP-TO-DATE
> Task :feature:studio:bundleLibRuntimeToDirDebug UP-TO-DATE
> Task :feature:news:processDebugJavaRes UP-TO-DATE
> Task :feature:airing:kaptGenerateStubsDebugKotlin UP-TO-DATE
> Task :feature:suggestion:bundleLibRuntimeToDirDebug UP-TO-DATE
> Task :feature:airing:kaptDebugKotlin SKIPPED
> Task :feature:notification:bundleLibRuntimeToDirDebug UP-TO-DATE
> Task :feature:review:bundleLibRuntimeToDirDebug UP-TO-DATE
> Task :feature:media:kaptGenerateStubsDebugKotlin UP-TO-DATE
> Task :feature:settings:compileDebugJavaWithJavac UP-TO-DATE
> Task :feature:media:kaptDebugKotlin SKIPPED
> Task :feature:review:discover:bundleLibRuntimeToDirDebug UP-TO-DATE
> Task :common:medialist:kaptGenerateStubsDebugKotlin UP-TO-DATE
> Task :feature:forum:bundleLibRuntimeToDirDebug UP-TO-DATE
> Task :common:medialist:kaptDebugKotlin SKIPPED
> Task :feature:settings:bundleLibRuntimeToJarDebug UP-TO-DATE
> Task :feature:media:discover:filter:bundleLibRuntimeToDirDebug UP-TO-DATE
> Task :feature:settings:processDebugJavaRes UP-TO-DATE
> Task :feature:search:bundleLibRuntimeToDirDebug UP-TO-DATE
> Task :feature:account:bundleLibRuntimeToDirDebug UP-TO-DATE
> Task :feature:profile:bundleLibRuntimeToDirDebug UP-TO-DATE
> Task :feature:about:bundleLibRuntimeToDirDebug UP-TO-DATE
> Task :app:compileGithubDebugKotlin UP-TO-DATE
> Task :app:compileGithubDebugJavaWithJavac UP-TO-DATE
> Task :feature:updater:bundleLibRuntimeToDirDebug UP-TO-DATE
> Task :feature:medialist:compileDebugKotlin UP-TO-DATE
> Task :feature:medialist:compileDebugJavaWithJavac NO-SOURCE
> Task :task:news:bundleLibRuntimeToDirDebug UP-TO-DATE
> Task :feature:media:discover:compileDebugKotlin UP-TO-DATE
> Task :feature:settings:bundleLibRuntimeToDirDebug UP-TO-DATE
> Task :task:genre:bundleLibRuntimeToDirDebug UP-TO-DATE
> Task :feature:media:discover:compileDebugJavaWithJavac UP-TO-DATE
> Task :feature:news:bundleLibRuntimeToDirDebug UP-TO-DATE
> Task :task:favourite:bundleLibRuntimeToDirDebug UP-TO-DATE
> Task :feature:media:carousel:compileDebugKotlin UP-TO-DATE
> Task :feature:media:carousel:compileDebugJavaWithJavac NO-SOURCE
> Task :common:character:bundleLibRuntimeToDirDebug UP-TO-DATE
> Task :app:jacocoGithubDebug UP-TO-DATE
> Task :common:staff:bundleLibRuntimeToDirDebug UP-TO-DATE
> Task :feature:media:carousel:bundleLibRuntimeToJarDebug UP-TO-DATE
> Task :feature:media:carousel:processDebugJavaRes UP-TO-DATE
> Task :feature:airing:compileDebugKotlin UP-TO-DATE
> Task :feature:airing:compileDebugJavaWithJavac NO-SOURCE
> Task :feature:media:carousel:bundleLibRuntimeToDirDebug UP-TO-DATE
> Task :common:shared:bundleLibRuntimeToDirDebug UP-TO-DATE
> Task :feature:airing:bundleLibRuntimeToJarDebug UP-TO-DATE
> Task :common:review:bundleLibRuntimeToDirDebug UP-TO-DATE
> Task :common:medialist:compileDebugKotlin UP-TO-DATE
> Task :app:dexBuilderGithubDebug UP-TO-DATE
> Task :feature:airing:processDebugJavaRes UP-TO-DATE
> Task :feature:media:discover:bundleLibRuntimeToJarDebug UP-TO-DATE
> Task :app:processGithubDebugJavaRes UP-TO-DATE
> Task :common:medialist:compileDebugJavaWithJavac UP-TO-DATE
> Task :feature:airing:bundleLibRuntimeToDirDebug UP-TO-DATE
> Task :common:editor:bundleLibRuntimeToDirDebug UP-TO-DATE
> Task :feature:media:discover:processDebugJavaRes UP-TO-DATE
> Task :common:media:bundleLibRuntimeToDirDebug UP-TO-DATE
> Task :feature:medialist:bundleLibRuntimeToJarDebug UP-TO-DATE
> Task :feature:medialist:processDebugJavaRes UP-TO-DATE
> Task :feature:media:discover:bundleLibRuntimeToDirDebug UP-TO-DATE
> Task :app:mergeProjectDexGithubDebug UP-TO-DATE
> Task :android:navigation:extractDebugAnnotations UP-TO-DATE
> Task :android:deeplink:extractDebugAnnotations UP-TO-DATE
> Task :android:navigation:mergeDebugGeneratedProguardFiles UP-TO-DATE
> Task :android:deeplink:mergeDebugGeneratedProguardFiles UP-TO-DATE
> Task :android:navigation:mergeDebugConsumerProguardFiles UP-TO-DATE
> Task :android:deeplink:mergeDebugConsumerProguardFiles UP-TO-DATE
> Task :common:episode:extractDebugAnnotations UP-TO-DATE
> Task :android:navigation:mergeDebugJavaResource UP-TO-DATE
> Task :android:deeplink:mergeDebugJavaResource UP-TO-DATE
> Task :feature:medialist:bundleLibRuntimeToDirDebug UP-TO-DATE
> Task :android:navigation:syncDebugLibJars UP-TO-DATE
> Task :android:deeplink:syncDebugLibJars UP-TO-DATE
> Task :android:deeplink:bundleDebugAar UP-TO-DATE
> Task :android:navigation:bundleDebugAar UP-TO-DATE
> Task :android:deeplink:assembleDebug UP-TO-DATE
> Task :android:navigation:assembleDebug UP-TO-DATE
> Task :common:medialist:bundleLibCompileToJarDebug UP-TO-DATE
> Task :common:episode:mergeDebugGeneratedProguardFiles UP-TO-DATE
> Task :common:medialist:bundleLibRuntimeToJarDebug UP-TO-DATE
> Task :common:episode:mergeDebugConsumerProguardFiles UP-TO-DATE
> Task :common:episode:mergeDebugJavaResource UP-TO-DATE
> Task :common:medialist:processDebugJavaRes UP-TO-DATE
> Task :common:genre:extractDebugAnnotations UP-TO-DATE
> Task :common:episode:syncDebugLibJars UP-TO-DATE
> Task :common:genre:mergeDebugGeneratedProguardFiles UP-TO-DATE
> Task :common:episode:bundleDebugAar UP-TO-DATE
> Task :common:episode:assembleDebug UP-TO-DATE
> Task :common:markdown:extractDebugAnnotations UP-TO-DATE
> Task :common:markdown:mergeDebugGeneratedProguardFiles UP-TO-DATE
> Task :app:core:bundleLibRuntimeToDirDebug UP-TO-DATE
> Task :common:markdown:mergeDebugConsumerProguardFiles UP-TO-DATE
> Task :common:media:extractDebugAnnotations UP-TO-DATE
> Task :common:media:mergeDebugGeneratedProguardFiles UP-TO-DATE
> Task :common:medialist:bundleLibRuntimeToDirDebug UP-TO-DATE
> Task :common:markdown:mergeDebugJavaResource UP-TO-DATE
> Task :common:media:mergeDebugConsumerProguardFiles UP-TO-DATE
> Task :common:media:mergeDebugJavaResource UP-TO-DATE
> Task :common:markdown:syncDebugLibJars UP-TO-DATE
> Task :app:core:extractDebugAnnotations UP-TO-DATE
> Task :common:media:syncDebugLibJars UP-TO-DATE
> Task :common:markdown:bundleDebugAar UP-TO-DATE
> Task :common:markdown:assembleDebug UP-TO-DATE
> Task :app:core:mergeDebugGeneratedProguardFiles UP-TO-DATE
> Task :common:media:bundleDebugAar UP-TO-DATE
> Task :common:media:assembleDebug UP-TO-DATE
> Task :app:core:mergeDebugConsumerProguardFiles UP-TO-DATE
> Task :common:genre:mergeDebugConsumerProguardFiles UP-TO-DATE
> Task :app:core:mergeDebugJavaResource UP-TO-DATE
> Task :common:genre:mergeDebugJavaResource UP-TO-DATE
> Task :app:core:syncDebugLibJars UP-TO-DATE
> Task :common:genre:syncDebugLibJars UP-TO-DATE
> Task :app:core:bundleDebugAar UP-TO-DATE
> Task :app:core:assembleDebug UP-TO-DATE
> Task :common:genre:bundleDebugAar UP-TO-DATE
> Task :common:genre:assembleDebug UP-TO-DATE
> Task :common:character:extractDebugAnnotations UP-TO-DATE
> Task :common:editor:extractDebugAnnotations UP-TO-DATE
> Task :common:character:mergeDebugGeneratedProguardFiles UP-TO-DATE
> Task :common:medialist:extractDebugAnnotations UP-TO-DATE
> Task :common:editor:mergeDebugGeneratedProguardFiles UP-TO-DATE
> Task :common:character:mergeDebugConsumerProguardFiles UP-TO-DATE
> Task :common:medialist:mergeDebugGeneratedProguardFiles UP-TO-DATE
> Task :common:editor:mergeDebugConsumerProguardFiles UP-TO-DATE
> Task :common:forum:kaptGenerateStubsDebugKotlin UP-TO-DATE
> Task :common:medialist:mergeDebugConsumerProguardFiles UP-TO-DATE
> Task :common:editor:mergeDebugJavaResource UP-TO-DATE
> Task :common:medialist:mergeDebugJavaResource UP-TO-DATE
> Task :common:forum:kaptDebugKotlin SKIPPED
> Task :common:editor:syncDebugLibJars UP-TO-DATE
> Task :common:medialist:syncDebugLibJars UP-TO-DATE
> Task :common:editor:bundleDebugAar UP-TO-DATE
> Task :common:editor:assembleDebug UP-TO-DATE
> Task :common:review:extractDebugAnnotations UP-TO-DATE
> Task :common:medialist:bundleDebugAar UP-TO-DATE
> Task :common:medialist:assembleDebug UP-TO-DATE
> Task :common:review:mergeDebugGeneratedProguardFiles UP-TO-DATE
> Task :common:shared:extractDebugAnnotations UP-TO-DATE
> Task :common:review:mergeDebugConsumerProguardFiles UP-TO-DATE
> Task :common:shared:mergeDebugGeneratedProguardFiles UP-TO-DATE
> Task :common:shared:mergeDebugConsumerProguardFiles UP-TO-DATE
> Task :common:staff:extractDebugAnnotations UP-TO-DATE
> Task :common:staff:mergeDebugGeneratedProguardFiles UP-TO-DATE
> Task :common:staff:mergeDebugConsumerProguardFiles UP-TO-DATE
> Task :common:forum:compileDebugKotlin NO-SOURCE
> Task :common:shared:mergeDebugJavaResource UP-TO-DATE
> Task :common:staff:mergeDebugJavaResource UP-TO-DATE
> Task :common:shared:syncDebugLibJars UP-TO-DATE
> Task :common:staff:syncDebugLibJars UP-TO-DATE
> Task :common:shared:bundleDebugAar UP-TO-DATE
> Task :common:shared:assembleDebug UP-TO-DATE
> Task :common:staff:bundleDebugAar UP-TO-DATE
> Task :common:staff:assembleDebug UP-TO-DATE
> Task :common:tag:extractDebugAnnotations UP-TO-DATE
> Task :common:tag:mergeDebugGeneratedProguardFiles UP-TO-DATE
> Task :common:tag:mergeDebugConsumerProguardFiles UP-TO-DATE
> Task :common:tag:mergeDebugJavaResource UP-TO-DATE
> Task :common:forum:extractDebugAnnotations UP-TO-DATE
> Task :common:tag:syncDebugLibJars UP-TO-DATE
> Task :common:character:mergeDebugJavaResource UP-TO-DATE
> Task :common:character:syncDebugLibJars UP-TO-DATE
> Task :common:review:mergeDebugJavaResource UP-TO-DATE
> Task :common:forum:compileDebugJavaWithJavac NO-SOURCE
> Task :common:tag:bundleDebugAar UP-TO-DATE
> Task :common:tag:assembleDebug UP-TO-DATE
> Task :feature:about:extractDebugAnnotations UP-TO-DATE
> Task :common:character:bundleDebugAar UP-TO-DATE
> Task :common:character:assembleDebug UP-TO-DATE
> Task :common:review:syncDebugLibJars UP-TO-DATE
> Task :feature:about:mergeDebugGeneratedProguardFiles UP-TO-DATE
> Task :common:forum:mergeDebugGeneratedProguardFiles UP-TO-DATE
> Task :common:review:bundleDebugAar UP-TO-DATE
> Task :common:review:assembleDebug UP-TO-DATE
> Task :feature:about:mergeDebugConsumerProguardFiles UP-TO-DATE
> Task :feature:airing:extractDebugAnnotations UP-TO-DATE
> Task :common:feed:kaptGenerateStubsDebugKotlin UP-TO-DATE
> Task :feature:about:mergeDebugJavaResource UP-TO-DATE
> Task :common:forum:mergeDebugConsumerProguardFiles UP-TO-DATE
> Task :common:feed:kaptDebugKotlin SKIPPED
> Task :feature:airing:mergeDebugGeneratedProguardFiles UP-TO-DATE
> Task :feature:auth:extractDebugAnnotations UP-TO-DATE
> Task :feature:airing:mergeDebugConsumerProguardFiles UP-TO-DATE
> Task :feature:about:syncDebugLibJars UP-TO-DATE
> Task :feature:auth:mergeDebugGeneratedProguardFiles UP-TO-DATE
> Task :feature:airing:mergeDebugJavaResource UP-TO-DATE
> Task :common:forum:processDebugJavaRes NO-SOURCE
> Task :feature:auth:mergeDebugConsumerProguardFiles UP-TO-DATE
> Task :feature:about:bundleDebugAar UP-TO-DATE
> Task :feature:about:assembleDebug UP-TO-DATE
> Task :feature:airing:syncDebugLibJars UP-TO-DATE
> Task :common:recommendation:kaptGenerateStubsDebugKotlin UP-TO-DATE
> Task :feature:auth:mergeDebugJavaResource UP-TO-DATE
> Task :common:forum:mergeDebugJavaResource UP-TO-DATE
> Task :common:recommendation:kaptDebugKotlin SKIPPED
> Task :feature:episode:extractDebugAnnotations UP-TO-DATE
> Task :feature:character:extractDebugAnnotations UP-TO-DATE
> Task :feature:airing:bundleDebugAar UP-TO-DATE
> Task :feature:episode:mergeDebugGeneratedProguardFiles UP-TO-DATE
> Task :common:forum:syncDebugLibJars UP-TO-DATE
> Task :feature:airing:assembleDebug UP-TO-DATE
> Task :feature:auth:syncDebugLibJars UP-TO-DATE
> Task :feature:character:mergeDebugGeneratedProguardFiles UP-TO-DATE
> Task :feature:episode:mergeDebugConsumerProguardFiles UP-TO-DATE
> Task :common:forum:bundleDebugAar UP-TO-DATE
> Task :feature:character:mergeDebugConsumerProguardFiles UP-TO-DATE
> Task :common:forum:assembleDebug UP-TO-DATE
> Task :feature:auth:bundleDebugAar UP-TO-DATE
> Task :feature:auth:assembleDebug UP-TO-DATE
> Task :feature:episode:mergeDebugJavaResource UP-TO-DATE
> Task :feature:character:mergeDebugJavaResource UP-TO-DATE
> Task :feature:episode:syncDebugLibJars UP-TO-DATE
> Task :feature:character:syncDebugLibJars UP-TO-DATE
> Task :common:news:kaptGenerateStubsDebugKotlin UP-TO-DATE
> Task :common:recommendation:compileDebugKotlin NO-SOURCE
> Task :feature:character:bundleDebugAar UP-TO-DATE
> Task :feature:feed:extractDebugAnnotations UP-TO-DATE
> Task :feature:character:assembleDebug UP-TO-DATE
> Task :common:news:kaptDebugKotlin SKIPPED
> Task :feature:account:extractDebugAnnotations UP-TO-DATE
> Task :feature:feed:mergeDebugGeneratedProguardFiles UP-TO-DATE
> Task :feature:account:mergeDebugGeneratedProguardFiles UP-TO-DATE
> Task :feature:feed:mergeDebugConsumerProguardFiles UP-TO-DATE
> Task :feature:medialist:editor:kaptGenerateStubsDebugKotlin UP-TO-DATE
> Task :feature:forum:extractDebugAnnotations UP-TO-DATE
> Task :feature:image-viewer:extractDebugAnnotations UP-TO-DATE
> Task :feature:medialist:editor:kaptDebugKotlin SKIPPED
> Task :feature:forum:mergeDebugGeneratedProguardFiles UP-TO-DATE
> Task :feature:image-viewer:mergeDebugGeneratedProguardFiles UP-TO-DATE
> Task :feature:feed:mergeDebugJavaResource UP-TO-DATE
> Task :feature:image-viewer:mergeDebugConsumerProguardFiles UP-TO-DATE
> Task :feature:forum:mergeDebugConsumerProguardFiles UP-TO-DATE
> Task :feature:medialist:extractDebugAnnotations UP-TO-DATE
> Task :feature:medialist:mergeDebugGeneratedProguardFiles UP-TO-DATE
> Task :feature:forum:mergeDebugJavaResource UP-TO-DATE
> Task :feature:feed:syncDebugLibJars UP-TO-DATE
> Task :feature:medialist:mergeDebugConsumerProguardFiles UP-TO-DATE
> Task :feature:forum:syncDebugLibJars UP-TO-DATE
> Task :feature:feed:bundleDebugAar UP-TO-DATE
> Task :feature:feed:assembleDebug UP-TO-DATE
> Task :feature:forum:bundleDebugAar UP-TO-DATE
> Task :feature:forum:assembleDebug UP-TO-DATE
> Task :feature:account:mergeDebugConsumerProguardFiles UP-TO-DATE
> Task :feature:episode:bundleDebugAar UP-TO-DATE
> Task :feature:episode:assembleDebug UP-TO-DATE
> Task :feature:news:extractDebugAnnotations UP-TO-DATE
> Task :feature:image-viewer:mergeDebugJavaResource UP-TO-DATE
> Task :feature:medialist:mergeDebugJavaResource UP-TO-DATE
> Task :common:feed:compileDebugKotlin NO-SOURCE
> Task :feature:account:mergeDebugJavaResource UP-TO-DATE
> Task :feature:news:mergeDebugGeneratedProguardFiles UP-TO-DATE
> Task :feature:image-viewer:syncDebugLibJars UP-TO-DATE
> Task :feature:news:mergeDebugConsumerProguardFiles UP-TO-DATE
> Task :feature:account:syncDebugLibJars UP-TO-DATE
> Task :feature:medialist:syncDebugLibJars UP-TO-DATE
> Task :feature:image-viewer:bundleDebugAar UP-TO-DATE
> Task :feature:image-viewer:assembleDebug UP-TO-DATE
> Task :feature:news:mergeDebugJavaResource UP-TO-DATE
> Task :common:recommendation:extractDebugAnnotations UP-TO-DATE
> Task :feature:account:bundleDebugAar UP-TO-DATE
> Task :feature:medialist:bundleDebugAar UP-TO-DATE
> Task :feature:medialist:assembleDebug UP-TO-DATE
> Task :feature:account:assembleDebug UP-TO-DATE
> Task :feature:news:syncDebugLibJars UP-TO-DATE
> Task :common:recommendation:compileDebugJavaWithJavac NO-SOURCE
> Task :common:recommendation:mergeDebugGeneratedProguardFiles UP-TO-DATE
> Task :feature:news:bundleDebugAar UP-TO-DATE
> Task :feature:profile:extractDebugAnnotations UP-TO-DATE
> Task :feature:news:assembleDebug UP-TO-DATE
> Task :common:recommendation:mergeDebugConsumerProguardFiles UP-TO-DATE
> Task :common:feed:extractDebugAnnotations UP-TO-DATE
> Task :feature:review:extractDebugAnnotations UP-TO-DATE
> Task :feature:profile:mergeDebugGeneratedProguardFiles UP-TO-DATE
> Task :common:recommendation:processDebugJavaRes NO-SOURCE
> Task :common:feed:compileDebugJavaWithJavac NO-SOURCE
> Task :feature:profile:mergeDebugConsumerProguardFiles UP-TO-DATE
> Task :feature:review:mergeDebugGeneratedProguardFiles UP-TO-DATE
> Task :common:feed:mergeDebugGeneratedProguardFiles UP-TO-DATE
> Task :feature:review:mergeDebugConsumerProguardFiles UP-TO-DATE
> Task :common:recommendation:mergeDebugJavaResource UP-TO-DATE
> Task :common:feed:mergeDebugConsumerProguardFiles UP-TO-DATE
> Task :feature:review:mergeDebugJavaResource UP-TO-DATE
> Task :common:recommendation:syncDebugLibJars UP-TO-DATE
> Task :common:feed:processDebugJavaRes NO-SOURCE
> Task :feature:profile:mergeDebugJavaResource UP-TO-DATE
> Task :feature:notification:extractDebugAnnotations UP-TO-DATE
> Task :feature:review:syncDebugLibJars UP-TO-DATE
> Task :common:feed:mergeDebugJavaResource UP-TO-DATE
> Task :feature:settings:extractDebugAnnotations UP-TO-DATE
> Task :common:recommendation:bundleDebugAar UP-TO-DATE
> Task :feature:search:extractDebugAnnotations UP-TO-DATE
> Task :common:recommendation:assembleDebug UP-TO-DATE
> Task :feature:profile:syncDebugLibJars UP-TO-DATE
> Task :common:studio:kaptGenerateStubsDebugKotlin UP-TO-DATE
> Task :feature:review:bundleDebugAar UP-TO-DATE
> Task :common:feed:syncDebugLibJars UP-TO-DATE
> Task :feature:review:assembleDebug UP-TO-DATE
> Task :common:studio:kaptDebugKotlin SKIPPED
> Task :feature:search:mergeDebugGeneratedProguardFiles UP-TO-DATE
> Task :feature:settings:mergeDebugGeneratedProguardFiles UP-TO-DATE
> Task :common:feed:bundleDebugAar UP-TO-DATE
> Task :feature:search:mergeDebugConsumerProguardFiles UP-TO-DATE
> Task :feature:profile:bundleDebugAar UP-TO-DATE
> Task :common:feed:assembleDebug UP-TO-DATE
> Task :feature:profile:assembleDebug UP-TO-DATE
> Task :feature:settings:mergeDebugConsumerProguardFiles UP-TO-DATE
> Task :feature:notification:mergeDebugGeneratedProguardFiles UP-TO-DATE
> Task :feature:staff:extractDebugAnnotations UP-TO-DATE
> Task :feature:search:mergeDebugJavaResource UP-TO-DATE
> Task :feature:settings:mergeDebugJavaResource UP-TO-DATE
> Task :feature:notification:mergeDebugConsumerProguardFiles UP-TO-DATE
> Task :feature:recommendation:extractDebugAnnotations UP-TO-DATE
> Task :feature:staff:mergeDebugGeneratedProguardFiles UP-TO-DATE
> Task :feature:search:syncDebugLibJars UP-TO-DATE
> Task :feature:recommendation:mergeDebugGeneratedProguardFiles UP-TO-DATE
> Task :feature:settings:syncDebugLibJars UP-TO-DATE
> Task :common:studio:compileDebugKotlin NO-SOURCE
> Task :feature:staff:mergeDebugConsumerProguardFiles UP-TO-DATE
> Task :feature:notification:mergeDebugJavaResource UP-TO-DATE
> Task :feature:recommendation:mergeDebugConsumerProguardFiles UP-TO-DATE
> Task :feature:search:bundleDebugAar UP-TO-DATE
> Task :feature:search:assembleDebug UP-TO-DATE
> Task :feature:recommendation:mergeDebugJavaResource UP-TO-DATE
> Task :feature:settings:bundleDebugAar UP-TO-DATE
> Task :feature:settings:assembleDebug UP-TO-DATE
> Task :task:account:extractDebugAnnotations UP-TO-DATE
> Task :feature:recommendation:syncDebugLibJars UP-TO-DATE
> Task :task:account:mergeDebugGeneratedProguardFiles UP-TO-DATE
> Task :feature:notification:syncDebugLibJars UP-TO-DATE
> Task :feature:staff:mergeDebugJavaResource UP-TO-DATE
> Task :feature:updater:extractDebugAnnotations UP-TO-DATE
> Task :task:account:mergeDebugConsumerProguardFiles UP-TO-DATE
> Task :feature:recommendation:bundleDebugAar UP-TO-DATE
> Task :feature:recommendation:assembleDebug UP-TO-DATE
> Task :feature:updater:mergeDebugGeneratedProguardFiles UP-TO-DATE
> Task :feature:notification:bundleDebugAar UP-TO-DATE
> Task :task:account:mergeDebugJavaResource UP-TO-DATE
> Task :feature:notification:assembleDebug UP-TO-DATE
> Task :feature:staff:syncDebugLibJars UP-TO-DATE
> Task :feature:updater:mergeDebugConsumerProguardFiles UP-TO-DATE
> Task :task:account:syncDebugLibJars UP-TO-DATE
> Task :feature:updater:mergeDebugJavaResource UP-TO-DATE
> Task :feature:staff:bundleDebugAar UP-TO-DATE
> Task :feature:staff:assembleDebug UP-TO-DATE
> Task :task:account:bundleDebugAar UP-TO-DATE
> Task :task:account:assembleDebug UP-TO-DATE
> Task :feature:updater:syncDebugLibJars UP-TO-DATE
> Task :common:user:kaptGenerateStubsDebugKotlin UP-TO-DATE
> Task :common:news:compileDebugKotlin UP-TO-DATE
> Task :feature:studio:extractDebugAnnotations UP-TO-DATE
> Task :task:episode:extractDebugAnnotations UP-TO-DATE
> Task :common:user:kaptDebugKotlin SKIPPED
> Task :common:studio:extractDebugAnnotations UP-TO-DATE
> Task :task:favourite:extractDebugAnnotations UP-TO-DATE
> Task :feature:updater:bundleDebugAar UP-TO-DATE
> Task :feature:updater:assembleDebug UP-TO-DATE
> Task :task:episode:mergeDebugGeneratedProguardFiles UP-TO-DATE
> Task :feature:studio:mergeDebugGeneratedProguardFiles UP-TO-DATE
> Task :task:favourite:mergeDebugGeneratedProguardFiles UP-TO-DATE
> Task :app:kaptGenerateStubsGoogleDebugKotlin UP-TO-DATE
> Task :task:config:extractDebugAnnotations UP-TO-DATE
> Task :task:feed:extractDebugAnnotations UP-TO-DATE
> Task :task:episode:mergeDebugConsumerProguardFiles UP-TO-DATE
> Task :feature:studio:mergeDebugConsumerProguardFiles UP-TO-DATE
> Task :app:kaptGoogleDebugKotlin SKIPPED
> Task :feature:medialist:editor:compileDebugKotlin UP-TO-DATE
> Task :common:studio:compileDebugJavaWithJavac NO-SOURCE
> Task :common:user:compileDebugKotlin NO-SOURCE
> Task :feature:suggestion:extractDebugAnnotations UP-TO-DATE
> Task :task:genre:extractDebugAnnotations UP-TO-DATE
> Task :task:forum:extractDebugAnnotations UP-TO-DATE
> Task :task:favourite:mergeDebugConsumerProguardFiles UP-TO-DATE
> Task :task:feed:mergeDebugGeneratedProguardFiles UP-TO-DATE
> Task :common:studio:mergeDebugGeneratedProguardFiles UP-TO-DATE
> Task :feature:suggestion:mergeDebugGeneratedProguardFiles UP-TO-DATE
> Task :task:genre:mergeDebugGeneratedProguardFiles UP-TO-DATE
> Task :task:config:mergeDebugGeneratedProguardFiles UP-TO-DATE
> Task :feature:studio:mergeDebugJavaResource UP-TO-DATE
> Task :task:forum:mergeDebugGeneratedProguardFiles UP-TO-DATE
> Task :task:character:extractDebugAnnotations UP-TO-DATE
> Task :task:genre:mergeDebugConsumerProguardFiles UP-TO-DATE
> Task :task:config:mergeDebugConsumerProguardFiles UP-TO-DATE
> Task :common:studio:mergeDebugConsumerProguardFiles UP-TO-DATE
> Task :task:media:extractDebugAnnotations UP-TO-DATE
> Task :task:media:mergeDebugGeneratedProguardFiles UP-TO-DATE
> Task :task:feed:mergeDebugConsumerProguardFiles UP-TO-DATE
> Task :task:character:mergeDebugGeneratedProguardFiles UP-TO-DATE
> Task :common:studio:processDebugJavaRes NO-SOURCE
> Task :task:media:mergeDebugConsumerProguardFiles UP-TO-DATE
> Task :feature:suggestion:mergeDebugConsumerProguardFiles UP-TO-DATE
> Task :task:episode:mergeDebugJavaResource UP-TO-DATE
> Task :common:news:extractDebugAnnotations UP-TO-DATE
> Task :feature:studio:syncDebugLibJars UP-TO-DATE
> Task :task:genre:mergeDebugJavaResource UP-TO-DATE
> Task :task:favourite:mergeDebugJavaResource UP-TO-DATE
> Task :task:config:mergeDebugJavaResource UP-TO-DATE
> Task :task:feed:mergeDebugJavaResource UP-TO-DATE
> Task :task:media:mergeDebugJavaResource UP-TO-DATE
> Task :common:studio:mergeDebugJavaResource UP-TO-DATE
> Task :feature:suggestion:mergeDebugJavaResource UP-TO-DATE
> Task :task:character:mergeDebugConsumerProguardFiles UP-TO-DATE
> Task :feature:studio:bundleDebugAar UP-TO-DATE
> Task :feature:studio:assembleDebug UP-TO-DATE
> Task :task:genre:syncDebugLibJars UP-TO-DATE
> Task :task:media:syncDebugLibJars UP-TO-DATE
> Task :task:favourite:syncDebugLibJars UP-TO-DATE
> Task :task:forum:mergeDebugConsumerProguardFiles UP-TO-DATE
> Task :task:config:syncDebugLibJars UP-TO-DATE
> Task :feature:suggestion:syncDebugLibJars UP-TO-DATE
> Task :task:feed:syncDebugLibJars UP-TO-DATE
> Task :task:episode:syncDebugLibJars UP-TO-DATE
> Task :common:user:extractDebugAnnotations UP-TO-DATE
> Task :common:studio:syncDebugLibJars UP-TO-DATE
> Task :feature:medialist:editor:compileDebugJavaWithJavac UP-TO-DATE
> Task :task:media:bundleDebugAar UP-TO-DATE
> Task :task:favourite:bundleDebugAar UP-TO-DATE
> Task :feature:suggestion:bundleDebugAar UP-TO-DATE
> Task :task:config:bundleDebugAar UP-TO-DATE
> Task :common:user:compileDebugJavaWithJavac NO-SOURCE
> Task :task:feed:bundleDebugAar UP-TO-DATE
> Task :task:character:mergeDebugJavaResource UP-TO-DATE
> Task :task:config:assembleDebug UP-TO-DATE
> Task :task:media:assembleDebug UP-TO-DATE
> Task :task:favourite:assembleDebug UP-TO-DATE
> Task :task:feed:assembleDebug UP-TO-DATE
> Task :feature:suggestion:assembleDebug UP-TO-DATE
> Task :common:studio:bundleDebugAar UP-TO-DATE
> Task :feature:medialist:editor:bundleLibRuntimeToJarDebug UP-TO-DATE
> Task :task:genre:bundleDebugAar UP-TO-DATE
> Task :common:studio:assembleDebug UP-TO-DATE
> Task :common:user:mergeDebugGeneratedProguardFiles UP-TO-DATE
> Task :task:genre:assembleDebug UP-TO-DATE
> Task :task:forum:mergeDebugJavaResource UP-TO-DATE
> Task :task:character:syncDebugLibJars UP-TO-DATE
> Task :common:user:mergeDebugConsumerProguardFiles UP-TO-DATE
> Task :task:episode:bundleDebugAar UP-TO-DATE
> Task :task:episode:assembleDebug UP-TO-DATE
> Task :common:news:compileDebugJavaWithJavac UP-TO-DATE
> Task :common:user:processDebugJavaRes NO-SOURCE
> Task :common:news:mergeDebugGeneratedProguardFiles UP-TO-DATE
> Task :feature:medialist:editor:processDebugJavaRes UP-TO-DATE
> Task :task:character:bundleDebugAar UP-TO-DATE
> Task :common:news:mergeDebugConsumerProguardFiles UP-TO-DATE
> Task :task:character:assembleDebug UP-TO-DATE
> Task :task:forum:syncDebugLibJars UP-TO-DATE
> Task :common:user:mergeDebugJavaResource UP-TO-DATE
> Task :task:medialist:extractDebugAnnotations UP-TO-DATE
> Task :task:review:extractDebugAnnotations UP-TO-DATE
> Task :task:tag:extractDebugAnnotations UP-TO-DATE
> Task :common:user:syncDebugLibJars UP-TO-DATE
> Task :task:news:extractDebugAnnotations UP-TO-DATE
> Task :task:staff:extractDebugAnnotations UP-TO-DATE
> Task :task:studio:extractDebugAnnotations UP-TO-DATE
> Task :task:forum:bundleDebugAar UP-TO-DATE
> Task :task:forum:assembleDebug UP-TO-DATE
> Task :task:medialist:mergeDebugGeneratedProguardFiles UP-TO-DATE
> Task :task:news:mergeDebugGeneratedProguardFiles UP-TO-DATE
> Task :task:review:mergeDebugGeneratedProguardFiles UP-TO-DATE
> Task :task:recommendation:extractDebugAnnotations UP-TO-DATE
> Task :task:tag:mergeDebugGeneratedProguardFiles UP-TO-DATE
> Task :task:tag:mergeDebugConsumerProguardFiles UP-TO-DATE
> Task :task:recommendation:mergeDebugGeneratedProguardFiles UP-TO-DATE
> Task :task:studio:mergeDebugGeneratedProguardFiles UP-TO-DATE
> Task :common:user:bundleDebugAar UP-TO-DATE
> Task :common:user:assembleDebug UP-TO-DATE
> Task :task:news:mergeDebugConsumerProguardFiles UP-TO-DATE
> Task :task:updater:extractDebugAnnotations UP-TO-DATE
> Task :task:studio:mergeDebugConsumerProguardFiles UP-TO-DATE
> Task :task:recommendation:mergeDebugConsumerProguardFiles UP-TO-DATE
> Task :task:medialist:mergeDebugConsumerProguardFiles UP-TO-DATE
> Task :task:tag:mergeDebugJavaResource UP-TO-DATE
> Task :task:staff:mergeDebugGeneratedProguardFiles UP-TO-DATE
> Task :task:news:mergeDebugJavaResource UP-TO-DATE
> Task :task:updater:mergeDebugGeneratedProguardFiles UP-TO-DATE
> Task :task:user:extractDebugAnnotations UP-TO-DATE
> Task :task:staff:mergeDebugConsumerProguardFiles UP-TO-DATE
> Task :task:studio:mergeDebugJavaResource UP-TO-DATE
> Task :task:tag:syncDebugLibJars UP-TO-DATE
> Task :task:recommendation:mergeDebugJavaResource UP-TO-DATE
> Task :task:medialist:mergeDebugJavaResource UP-TO-DATE
> Task :task:updater:mergeDebugConsumerProguardFiles UP-TO-DATE
> Task :task:user:mergeDebugGeneratedProguardFiles UP-TO-DATE
> Task :task:studio:syncDebugLibJars UP-TO-DATE
> Task :task:recommendation:syncDebugLibJars UP-TO-DATE
> Task :task:user:mergeDebugConsumerProguardFiles UP-TO-DATE
> Task :task:staff:mergeDebugJavaResource UP-TO-DATE
> Task :task:updater:mergeDebugJavaResource UP-TO-DATE
> Task :task:studio:bundleDebugAar UP-TO-DATE
> Task :task:recommendation:bundleDebugAar UP-TO-DATE
> Task :task:studio:assembleDebug UP-TO-DATE
> Task :task:recommendation:assembleDebug UP-TO-DATE
> Task :task:medialist:syncDebugLibJars UP-TO-DATE
> Task :task:updater:syncDebugLibJars UP-TO-DATE
> Task :task:staff:syncDebugLibJars UP-TO-DATE
> Task :feature:media:carousel:extractDebugAnnotations UP-TO-DATE
> Task :feature:media:discover:extractDebugAnnotations UP-TO-DATE
> Task :task:medialist:bundleDebugAar UP-TO-DATE
> Task :task:updater:bundleDebugAar UP-TO-DATE
> Task :task:medialist:assembleDebug UP-TO-DATE
> Task :task:staff:bundleDebugAar UP-TO-DATE
> Task :task:staff:assembleDebug UP-TO-DATE
> Task :task:updater:assembleDebug UP-TO-DATE
> Task :feature:media:carousel:mergeDebugGeneratedProguardFiles UP-TO-DATE
> Task :feature:media:discover:mergeDebugGeneratedProguardFiles UP-TO-DATE
> Task :feature:medialist:editor:bundleLibRuntimeToDirDebug UP-TO-DATE
> Task :task:news:syncDebugLibJars UP-TO-DATE
> Task :task:review:mergeDebugConsumerProguardFiles UP-TO-DATE
> Task :feature:media:discover:mergeDebugConsumerProguardFiles UP-TO-DATE
> Task :feature:media:carousel:mergeDebugConsumerProguardFiles UP-TO-DATE
> Task :task:tag:bundleDebugAar UP-TO-DATE
> Task :task:tag:assembleDebug UP-TO-DATE
> Task :task:user:mergeDebugJavaResource UP-TO-DATE
> Task :common:news:processDebugJavaRes UP-TO-DATE
> Task :task:news:bundleDebugAar UP-TO-DATE
> Task :feature:review:discover:extractDebugAnnotations UP-TO-DATE
> Task :task:news:assembleDebug UP-TO-DATE
> Task :feature:media:discover:mergeDebugJavaResource UP-TO-DATE
> Task :task:review:mergeDebugJavaResource UP-TO-DATE
> Task :task:user:syncDebugLibJars UP-TO-DATE
> Task :feature:media:carousel:mergeDebugJavaResource UP-TO-DATE
> Task :common:news:mergeDebugJavaResource UP-TO-DATE
> Task :feature:review:discover:mergeDebugGeneratedProguardFiles UP-TO-DATE
> Task :feature:media:discover:syncDebugLibJars UP-TO-DATE
> Task :task:review:syncDebugLibJars UP-TO-DATE
> Task :task:user:bundleDebugAar UP-TO-DATE
> Task :feature:media:carousel:syncDebugLibJars UP-TO-DATE
> Task :common:news:syncDebugLibJars UP-TO-DATE
> Task :task:user:assembleDebug UP-TO-DATE
> Task :feature:media:discover:bundleDebugAar UP-TO-DATE
> Task :feature:media:discover:assembleDebug UP-TO-DATE
> Task :common:news:bundleDebugAar UP-TO-DATE
> Task :feature:media:carousel:bundleDebugAar UP-TO-DATE
> Task :common:news:assembleDebug UP-TO-DATE
> Task :feature:media:carousel:assembleDebug UP-TO-DATE
> Task :task:review:bundleDebugAar UP-TO-DATE
> Task :task:review:assembleDebug UP-TO-DATE
> Task :feature:media:discover:filter:extractDebugAnnotations UP-TO-DATE
> Task :feature:medialist:editor:extractDebugAnnotations UP-TO-DATE
> Task :feature:medialist:editor:mergeDebugGeneratedProguardFiles UP-TO-DATE
> Task :feature:media:discover:filter:mergeDebugGeneratedProguardFiles UP-TO-DATE
> Task :feature:review:discover:mergeDebugConsumerProguardFiles UP-TO-DATE
> Task :feature:media:discover:filter:mergeDebugConsumerProguardFiles UP-TO-DATE
> Task :feature:medialist:editor:mergeDebugConsumerProguardFiles UP-TO-DATE
> Task :feature:review:discover:mergeDebugJavaResource UP-TO-DATE
> Task :feature:medialist:editor:mergeDebugJavaResource UP-TO-DATE
> Task :feature:media:discover:filter:mergeDebugJavaResource UP-TO-DATE
> Task :feature:review:discover:syncDebugLibJars UP-TO-DATE
> Task :app:compileGoogleDebugKotlin UP-TO-DATE
> Task :feature:medialist:editor:syncDebugLibJars UP-TO-DATE
> Task :feature:media:discover:filter:syncDebugLibJars UP-TO-DATE
> Task :feature:review:discover:bundleDebugAar UP-TO-DATE
> Task :feature:review:discover:assembleDebug UP-TO-DATE
> Task :feature:media:discover:filter:bundleDebugAar UP-TO-DATE
> Task :feature:medialist:editor:bundleDebugAar UP-TO-DATE
> Task :feature:medialist:editor:assembleDebug UP-TO-DATE
> Task :feature:media:discover:filter:assembleDebug UP-TO-DATE
> Task :app:compileGoogleDebugJavaWithJavac UP-TO-DATE
> Task :app:jacocoGoogleDebug UP-TO-DATE
> Task :app:dexBuilderGoogleDebug UP-TO-DATE
> Task :app:processGoogleDebugJavaRes UP-TO-DATE
> Task :app:mergeProjectDexGoogleDebug UP-TO-DATE
